Archive member included to satisfy reference by file (symbol)

C:\Users\mlboe\Documents\GitHub\LPC55S14_VCOM_NoCrystal\LPC55S16\mcuxpresso\libpower_hardabi.a(fsl_power_lib.o)
                              ./drivers/fsl_clock.o (POWER_SetVoltageForFreq)
C:\Users\mlboe\Documents\GitHub\LPC55S14_VCOM_NoCrystal\LPC55S16\mcuxpresso\libfro_calib_hardabi.a(fsl_fro_calib_lib.o)
                              ./source/USB_VCOM.o (fro_calib_Get_Lib_Ver)
c:/nxp/mcuxpressoide_11.4.0_6237/ide/plugins/com.nxp.mcuxpresso.tools.win32_11.4.0.202103011116/tools/bin/../lib/gcc/arm-none-eabi/10.2.1/../../../../arm-none-eabi/lib/thumb/v8-m.main+fp/hard\libcr_nohost_nf.a(_cr__main.o)
                              ./startup/startup_lpc55s16.o (__main)
c:/nxp/mcuxpressoide_11.4.0_6237/ide/plugins/com.nxp.mcuxpresso.tools.win32_11.4.0.202103011116/tools/bin/../lib/gcc/arm-none-eabi/10.2.1/../../../../arm-none-eabi/lib/thumb/v8-m.main+fp/hard\libcr_nohost_nf.a(_cr_assert.o)
                              ./drivers/fsl_common_arm.o (__assertion_failed)
c:/nxp/mcuxpressoide_11.4.0_6237/ide/plugins/com.nxp.mcuxpresso.tools.win32_11.4.0.202103011116/tools/bin/../lib/gcc/arm-none-eabi/10.2.1/../../../../arm-none-eabi/lib/thumb/v8-m.main+fp/hard\libcr_nohost_nf.a(__ciob.o)
                              c:/nxp/mcuxpressoide_11.4.0_6237/ide/plugins/com.nxp.mcuxpresso.tools.win32_11.4.0.202103011116/tools/bin/../lib/gcc/arm-none-eabi/10.2.1/../../../../arm-none-eabi/lib/thumb/v8-m.main+fp/hard\libcr_nohost_nf.a(_cr_assert.o) (__Ciob)
c:/nxp/mcuxpressoide_11.4.0_6237/ide/plugins/com.nxp.mcuxpresso.tools.win32_11.4.0.202103011116/tools/bin/../lib/gcc/arm-none-eabi/10.2.1/../../../../arm-none-eabi/lib/thumb/v8-m.main+fp/hard\libcr_nohost_nf.a(__sys_appexit.o)
                              c:/nxp/mcuxpressoide_11.4.0_6237/ide/plugins/com.nxp.mcuxpresso.tools.win32_11.4.0.202103011116/tools/bin/../lib/gcc/arm-none-eabi/10.2.1/../../../../arm-none-eabi/lib/thumb/v8-m.main+fp/hard\libcr_nohost_nf.a(_cr_assert.o) (__sys_appexit)
c:/nxp/mcuxpressoide_11.4.0_6237/ide/plugins/com.nxp.mcuxpresso.tools.win32_11.4.0.202103011116/tools/bin/../lib/gcc/arm-none-eabi/10.2.1/../../../../arm-none-eabi/lib/thumb/v8-m.main+fp/hard\libcr_c.a(memcpy.o)
                              ./usb/device/source/lpcip3511/usb_device_lpcip3511.o (memcpy)
c:/nxp/mcuxpressoide_11.4.0_6237/ide/plugins/com.nxp.mcuxpresso.tools.win32_11.4.0.202103011116/tools/bin/../lib/gcc/arm-none-eabi/10.2.1/../../../../arm-none-eabi/lib/thumb/v8-m.main+fp/hard\libcr_c.a(memset.o)
                              ./drivers/fsl_clock.o (memset)
c:/nxp/mcuxpressoide_11.4.0_6237/ide/plugins/com.nxp.mcuxpresso.tools.win32_11.4.0.202103011116/tools/bin/../lib/gcc/arm-none-eabi/10.2.1/../../../../arm-none-eabi/lib/thumb/v8-m.main+fp/hard\libcr_c.a(_deferredlazyseek.o)
                              c:/nxp/mcuxpressoide_11.4.0_6237/ide/plugins/com.nxp.mcuxpresso.tools.win32_11.4.0.202103011116/tools/bin/../lib/gcc/arm-none-eabi/10.2.1/../../../../arm-none-eabi/lib/thumb/v8-m.main+fp/hard\libcr_nohost_nf.a(_cr_assert.o) (__flsbuf)
c:/nxp/mcuxpressoide_11.4.0_6237/ide/plugins/com.nxp.mcuxpresso.tools.win32_11.4.0.202103011116/tools/bin/../lib/gcc/arm-none-eabi/10.2.1/../../../../arm-none-eabi/lib/thumb/v8-m.main+fp/hard\libcr_c.a(_fflush.o)
                              c:/nxp/mcuxpressoide_11.4.0_6237/ide/plugins/com.nxp.mcuxpresso.tools.win32_11.4.0.202103011116/tools/bin/../lib/gcc/arm-none-eabi/10.2.1/../../../../arm-none-eabi/lib/thumb/v8-m.main+fp/hard\libcr_c.a(_deferredlazyseek.o) (_fflush)
c:/nxp/mcuxpressoide_11.4.0_6237/ide/plugins/com.nxp.mcuxpresso.tools.win32_11.4.0.202103011116/tools/bin/../lib/gcc/arm-none-eabi/10.2.1/../../../../arm-none-eabi/lib/thumb/v8-m.main+fp/hard\libcr_c.a(_writebuf.o)
                              c:/nxp/mcuxpressoide_11.4.0_6237/ide/plugins/com.nxp.mcuxpresso.tools.win32_11.4.0.202103011116/tools/bin/../lib/gcc/arm-none-eabi/10.2.1/../../../../arm-none-eabi/lib/thumb/v8-m.main+fp/hard\libcr_c.a(_deferredlazyseek.o) (_Cwritebuf)
c:/nxp/mcuxpressoide_11.4.0_6237/ide/plugins/com.nxp.mcuxpresso.tools.win32_11.4.0.202103011116/tools/bin/../lib/gcc/arm-none-eabi/10.2.1/../../../../arm-none-eabi/lib/thumb/v8-m.main+fp/hard\libcr_c.a(alloc.o)
                              ./drivers/fsl_common.o (malloc)
c:/nxp/mcuxpressoide_11.4.0_6237/ide/plugins/com.nxp.mcuxpresso.tools.win32_11.4.0.202103011116/tools/bin/../lib/gcc/arm-none-eabi/10.2.1/../../../../arm-none-eabi/lib/thumb/v8-m.main+fp/hard\libcr_c.a(fputs.o)
                              c:/nxp/mcuxpressoide_11.4.0_6237/ide/plugins/com.nxp.mcuxpresso.tools.win32_11.4.0.202103011116/tools/bin/../lib/gcc/arm-none-eabi/10.2.1/../../../../arm-none-eabi/lib/thumb/v8-m.main+fp/hard\libcr_nohost_nf.a(_cr_assert.o) (fputs)
c:/nxp/mcuxpressoide_11.4.0_6237/ide/plugins/com.nxp.mcuxpresso.tools.win32_11.4.0.202103011116/tools/bin/../lib/gcc/arm-none-eabi/10.2.1/../../../../arm-none-eabi/lib/thumb/v8-m.main+fp/hard\libcr_c.a(fseek.o)
[...]
Memory Configuration

Name             Origin             Length             Attributes
PROGRAM_FLASH    0x00000000         0x00038000         xr
SRAM             0x20000000         0x00010000         xrw
USB_RAM          0x20010000         0x00004000         xrw
SRAMX            0x04000000         0x00004000         xrw
*default*        0x00000000         0xffffffff

Linker script and memory map

LOAD ./utilities/fsl_debug_console.o
LOAD ./usb/phy/usb_phy.o
LOAD ./usb/device/source/lpcip3511/usb_device_lpcip3511.o
LOAD ./usb/device/source/usb_device_ch9.o
LOAD ./usb/device/source/usb_device_dci.o
LOAD ./usb/device/class/cdc/usb_device_cdc_acm.o
LOAD ./usb/device/class/usb_device_class.o
LOAD ./startup/startup_lpc55s16.o
LOAD ./source/generated/usb_device_composite.o
LOAD ./source/generated/usb_device_descriptor.o
LOAD ./source/USB_VCOM.o
LOAD ./source/semihost_hardfault.o
LOAD ./source/usb_device_interface_0_cic_vcom.o
LOAD ./drivers/fsl_clock.o
LOAD ./drivers/fsl_common.o
LOAD ./drivers/fsl_common_arm.o
LOAD ./drivers/fsl_flexcomm.o
LOAD ./drivers/fsl_gpio.o
LOAD ./drivers/fsl_i2c.o
LOAD ./drivers/fsl_reset.o
LOAD ./drivers/fsl_usart.o
LOAD ./device/system_LPC55S16.o
LOAD ./component/uart/fsl_adapter_usart.o
LOAD ./component/serial_manager/fsl_component_serial_manager.o
LOAD ./component/serial_manager/fsl_component_serial_port_uart.o
LOAD ./component/osa/fsl_os_abstraction_bm.o
LOAD ./component/lists/fsl_component_generic_list.o
LOAD ./board/board.o
LOAD ./board/clock_config.o
LOAD ./board/peripherals.o
LOAD ./board/pin_mux.o
LOAD ./LPC55S16/drivers/fsl_power.o
LOAD C:\Users\mlboe\Documents\GitHub\LPC55S14_VCOM_NoCrystal\LPC55S16\mcuxpresso\libpower_hardabi.a
LOAD C:\Users\mlboe\Documents\GitHub\LPC55S14_VCOM_NoCrystal\LPC55S16\mcuxpresso\libfro_calib_hardabi.a
LOAD C:\Users\mlboe\Documents\GitHub\LPC55S14_VCOM_NoCrystal\LPC55S16\mcuxpresso\libfro_calib_softabi.a
START GROUP
LOAD c:/nxp/mcuxpressoide_11.4.0_6237/ide/plugins/com.nxp.mcuxpresso.tools.win32_11.4.0.202103011116/tools/bin/../lib/gcc/arm-none-eabi/10.2.1/../../../../arm-none-eabi/lib/thumb/v8-m.main+fp/hard\libcr_nohost_nf.a
LOAD c:/nxp/mcuxpressoide_11.4.0_6237/ide/plugins/com.nxp.mcuxpresso.tools.win32_11.4.0.202103011116/tools/bin/../lib/gcc/arm-none-eabi/10.2.1/../../../../arm-none-eabi/lib/thumb/v8-m.main+fp/hard\libcr_c.a
LOAD c:/nxp/mcuxpressoide_11.4.0_6237/ide/plugins/com.nxp.mcuxpresso.tools.win32_11.4.0.202103011116/tools/bin/../lib/gcc/arm-none-eabi/10.2.1/thumb/v8-m.main+fp/hard\libcr_eabihelpers.a
LOAD c:/nxp/mcuxpressoide_11.4.0_6237/ide/plugins/com.nxp.mcuxpresso.tools.win32_11.4.0.202103011116/tools/bin/../lib/gcc/arm-none-eabi/10.2.1/thumb/v8-m.main+fp/hard\libgcc.a
END GROUP
                0x00000000                __base_PROGRAM_FLASH = 0x0
                0x00000000                __base_Flash = 0x0
                0x00038000                __top_PROGRAM_FLASH = 0x38000
                0x00038000                __top_Flash = 0x38000
                0x20000000                __base_SRAM = 0x20000000
                0x20000000                __base_RAM = 0x20000000
                0x20010000                __top_SRAM = 0x20010000
                0x20010000                __top_RAM = 0x20010000
                0x20010000                __base_USB_RAM = 0x20010000
                0x20010000                __base_RAM2 = 0x20010000
                0x20014000                __top_USB_RAM = 0x20014000
                0x20014000                __top_RAM2 = 0x20014000
                0x04000000                __base_SRAMX = 0x4000000
                0x04000000                __base_RAM3 = 0x4000000
                0x04004000                __top_SRAMX = 0x4004000
                0x04004000                __top_RAM3 = 0x4004000

.text           0x00000000     0x8558
 FILL mask 0xff
                0x00000000                __vectors_start__ = ABSOLUTE (.)
 *(SORT_BY_ALIGNMENT(.isr_vector))
 .isr_vector    0x00000000      0x134 ./startup/startup_lpc55s16.o
                0x00000000                g_pfnVectors
                0x00000000                __Vectors
                0x00000134                . = ALIGN (0x4)
                0x00000134                __section_table_start = .
                0x00000134                __data_section_table = .
                0x00000134        0x4 LONG 0x8558 LOADADDR (.data)
                0x00000138        0x4 LONG 0x20000000 ADDR (.data)
                0x0000013c        0x4 LONG 0x148 SIZEOF (.data)
                0x00000140        0x4 LONG 0x8558 LOADADDR (.data_RAM2)
                0x00000144        0x4 LONG 0x20013510 ADDR (.data_RAM2)
                0x00000148        0x4 LONG 0x0 SIZEOF (.data_RAM2)
                0x0000014c        0x4 LONG 0x8558 LOADADDR (.data_RAM3)
                0x00000150        0x4 LONG 0x4000000 ADDR (.data_RAM3)
                0x00000154        0x4 LONG 0x0 SIZEOF (.data_RAM3)
                0x00000158                __data_section_table_end = .
                0x00000158                __bss_section_table = .
                0x00000158        0x4 LONG 0x20000148 ADDR (.bss)
                0x0000015c        0x4 LONG 0x35c SIZEOF (.bss)
                0x00000160        0x4 LONG 0x20013510 ADDR (.bss_RAM2)
                0x00000164        0x4 LONG 0x0 SIZEOF (.bss_RAM2)
                0x00000168        0x4 LONG 0x4000000 ADDR (.bss_RAM3)
                0x0000016c        0x4 LONG 0x0 SIZEOF (.bss_RAM3)
                0x00000170                __bss_section_table_end = .
                0x00000170                __section_table_end = .
 *(SORT_BY_ALIGNMENT(.after_vectors*))
 .after_vectors.reset
                0x00000170       0x68 ./startup/startup_lpc55s16.o
                0x00000170                ResetISR
 .after_vectors.init_data
                0x000001d8       0x1e ./startup/startup_lpc55s16.o
                0x000001d8                data_init
 .after_vectors.init_bss
                0x000001f6       0x12 ./startup/startup_lpc55s16.o
                0x000001f6                bss_init
 .after_vectors
                0x00000208       0x16 ./startup/startup_lpc55s16.o
                0x00000208                NMI_Handler
                0x0000020c                MemManage_Handler
                0x0000020e                BusFault_Handler
                0x00000210                UsageFault_Handler
                0x00000212                SecureFault_Handler
                0x00000214                SVC_Handler
                0x00000216                DebugMon_Handler
                0x00000218                PendSV_Handler
                0x0000021a                SysTick_Handler
                0x0000021c                PIN_INT3_DriverIRQHandler
                0x0000021c                CAN0_IRQ0_DriverIRQHandler
                0x0000021c                Reserved56_DriverIRQHandler
                0x0000021c                PIN_INT0_DriverIRQHandler
                0x0000021c                CTIMER2_DriverIRQHandler
                0x0000021c                PIN_INT2_DriverIRQHandler
                0x0000021c                Reserved73_DriverIRQHandler
                0x0000021c                IntDefaultHandler
                0x0000021c                USB0_DriverIRQHandler
                0x0000021c                CASER_DriverIRQHandler
                0x0000021c                MRT0_DriverIRQHandler
                0x0000021c                UTICK0_DriverIRQHandler
                0x0000021c                Reserved41_DriverIRQHandler
                0x0000021c                PIN_INT4_DriverIRQHandler
                0x0000021c                PIN_INT5_DriverIRQHandler
                0x0000021c                SEC_GPIO_INT0_IRQ0_DriverIRQHandler
                0x0000021c                Reserved47_DriverIRQHandler
                0x0000021c                CTIMER4_DriverIRQHandler
                0x0000021c                GINT1_DriverIRQHandler
                0x0000021c                SEC_VIO_DriverIRQHandler
                0x0000021c                Reserved55_DriverIRQHandler
                0x0000021c                HASHCRYPT_DriverIRQHandler
                0x0000021c                CAN0_IRQ1_DriverIRQHandler
                0x0000021c                USB0_NEEDCLK_DriverIRQHandler
                0x0000021c                CTIMER0_DriverIRQHandler
                0x0000021c                CTIMER1_DriverIRQHandler
                0x0000021c                Reserved42_DriverIRQHandler
                0x0000021c                PIN_INT6_DriverIRQHandler
                0x0000021c                PIN_INT1_DriverIRQHandler
                0x0000021c                CTIMER3_DriverIRQHandler
                0x0000021c                Reserved61_DriverIRQHandler
                0x0000021c                SEC_GPIO_INT0_IRQ1_DriverIRQHandler
                0x0000021c                PUF_DriverIRQHandler
                0x0000021c                RTC_DriverIRQHandler
                0x0000021c                DMA0_DriverIRQHandler
                0x0000021c                CDOG_DriverIRQHandler
                0x0000021c                Reserved39_DriverIRQHandler
                0x0000021c                USB1_DriverIRQHandler
                0x0000021c                DMA1_DriverIRQHandler
                0x0000021c                ADC0_DriverIRQHandler
                0x0000021c                USB1_NEEDCLK_DriverIRQHandler
                0x0000021c                GINT0_DriverIRQHandler
                0x0000021c                USB1_PHY_DriverIRQHandler
                0x0000021c                ACMP_DriverIRQHandler
                0x0000021c                Reserved58_DriverIRQHandler
                0x0000021c                Reserved57_DriverIRQHandler
                0x0000021c                PIN_INT7_DriverIRQHandler
                0x0000021c                Reserved46_DriverIRQHandler
                0x0000021c                WDT_BOD_DriverIRQHandler
                0x0000021c                SCT0_DriverIRQHandler
                0x0000021c                PLU_DriverIRQHandler
                0x0000021c                OS_EVENT_DriverIRQHandler
                0x0000021c                SEC_HYPERVISOR_CALL_DriverIRQHandler
 *(SORT_BY_ALIGNMENT(.text*))
 *fill*         0x0000021e        0x2 ff
 .text.DbgConsole_Init
                0x00000220       0x74 ./utilities/fsl_debug_console.o
                0x00000220                DbgConsole_Init
 .text.DbgConsole_Printf
                0x00000294       0x40 ./utilities/fsl_debug_console.o
                0x00000294                DbgConsole_Printf
 .text.DbgConsole_Putchar
                0x000002d4       0x30 ./utilities/fsl_debug_console.o
                0x000002d4                DbgConsole_Putchar
 .text.DbgConsole_PrintfFormattedData
                0x00000304      0x3bc ./utilities/fsl_debug_console.o
 .text.USB_DeviceLpcIp3511MallocMaxPacketBuffer
                0x000006c0       0xf4 ./usb/device/source/lpcip3511/usb_device_lpcip3511.o
 .text.USB_DeviceLpcIp3511ReleaseMaxPacketBuffer
                0x000007b4       0x98 ./usb/device/source/lpcip3511/usb_device_lpcip3511.o
 .text.USB_DeviceLpc3511IpSetDefaultState
                0x0000084c       0xd0 ./usb/device/source/lpcip3511/usb_device_lpcip3511.o
 .text.USB_DeviceLpc3511IpInit
                0x0000091c       0xf4 ./usb/device/source/lpcip3511/usb_device_lpcip3511.o
                0x0000091c                USB_DeviceLpc3511IpInit
 .text.USB_DeviceLpc3511IpDeinit
                0x00000a10       0x8c ./usb/device/source/lpcip3511/usb_device_lpcip3511.o
                0x00000a10                USB_DeviceLpc3511IpDeinit
 .text.USB_DeviceLpc3511IpControl
                0x00000a9c      0x250 ./usb/device/source/lpcip3511/usb_device_lpcip3511.o
                0x00000a9c                USB_DeviceLpc3511IpControl
 .text.USB_DeviceControlCallback
                0x00000cec      0x3e4 ./usb/device/source/usb_device_ch9.o
 .text.USB_DeviceControlPipeInit
                0x000010d0       0x7c ./usb/device/source/usb_device_ch9.o
                0x000010d0                USB_DeviceControlPipeInit
 .text.USB_DeviceAllocateHandle
                0x0000114c       0xc4 ./usb/device/source/usb_device_dci.o
 .text.USB_DeviceGetControllerInterface
                0x00001210       0x48 ./usb/device/source/usb_device_dci.o
 .text.USB_DeviceGetStatus
                0x00001258       0xcc ./usb/device/source/usb_device_dci.o
                0x00001258                USB_DeviceGetStatus
 .text.USB_DeviceSetStatus
                0x00001324      0x118 ./usb/device/source/usb_device_dci.o
                0x00001324                USB_DeviceSetStatus
 .text.USB_DeviceCdcAcmAllocateHandle
                0x0000143c       0x58 ./usb/device/class/cdc/usb_device_cdc_acm.o
 .text.USB_DeviceCdcAcmEndpointsInit
                0x00001494      0x3c0 ./usb/device/class/cdc/usb_device_cdc_acm.o
 .text.USB_DeviceCdcAcmEvent
                0x00001854      0x71c ./usb/device/class/cdc/usb_device_cdc_acm.o
                0x00001854                USB_DeviceCdcAcmEvent
 .text.USB_DeviceClassAllocateHandle
                0x00001f70       0xc8 ./usb/device/class/usb_device_class.o
 .text.USB_DeviceClassFreeHandle
                0x00002038       0x90 ./usb/device/class/usb_device_class.o
 .text.USB_DeviceClassGetHandleByDeviceHandle
                0x000020c8       0x64 ./usb/device/class/usb_device_class.o
 .text.USB_DeviceClassGetDeviceHandle
                0x0000212c       0x78 ./usb/device/class/usb_device_class.o
                0x0000212c                USB_DeviceClassGetDeviceHandle
 .text.USB_DeviceClassEvent
                0x000021a4       0xdc ./usb/device/class/usb_device_class.o
                0x000021a4                USB_DeviceClassEvent
 .text.USB_DeviceClassInit
                0x00002280      0x118 ./usb/device/class/usb_device_class.o
                0x00002280                USB_DeviceClassInit
 .text.__NVIC_EnableIRQ
                0x00002398       0x3c ./source/generated/usb_device_composite.o
 .text.__NVIC_SetPriority
                0x000023d4       0x54 ./source/generated/usb_device_composite.o
 .text.POWER_DisablePD
                0x00002428       0x20 ./source/generated/usb_device_composite.o
 .text.USB0_GetClockSource
                0x00002448       0x5c ./source/generated/usb_device_composite.o
 .text.USB0_IRQHandler
                0x000024a4       0x18 ./source/generated/usb_device_composite.o
                0x000024a4                USB0_IRQHandler
 .text.USB_DeviceClockInit
                0x000024bc       0x84 ./source/generated/usb_device_composite.o
 .text.USB_DeviceCallback
                0x00002540      0x1fc ./source/generated/usb_device_composite.o
 .text.USB_UpdateInterfaceSetting
                0x0000273c       0x68 ./source/generated/usb_device_composite.o
 .text.USB_DeviceApplicationInit
                0x000027a4       0x78 ./source/generated/usb_device_composite.o
                0x000027a4                USB_DeviceApplicationInit
 .text.USB_DeviceGetDeviceDescriptor
                0x0000281c       0x28 ./source/generated/usb_device_descriptor.o
                0x0000281c                USB_DeviceGetDeviceDescriptor
 .text.USB_DeviceGetConfigurationDescriptor
                0x00002844       0x34 ./source/generated/usb_device_descriptor.o
                0x00002844                USB_DeviceGetConfigurationDescriptor
 .text.USB_DeviceGetStringDescriptor
                0x00002878       0xc0 ./source/generated/usb_device_descriptor.o
                0x00002878                USB_DeviceGetStringDescriptor
 .text.USB_CrystalLessInit
                0x00002938       0x34 ./source/USB_VCOM.o
                0x00002938                USB_CrystalLessInit
 .text.main     0x0000296c       0x44 ./source/USB_VCOM.o
                0x0000296c                main
 .text.USB_DeviceInterface0CicVcomTask
                0x000029b0       0xac ./source/usb_device_interface_0_cic_vcom.o
                0x000029b0                USB_DeviceInterface0CicVcomTask
 .text.USB_DeviceInterface0CicVcomCallback
                0x00002a5c      0x38c ./source/usb_device_interface_0_cic_vcom.o
                0x00002a5c                USB_DeviceInterface0CicVcomCallback
 .text.USB_DeviceInterface0CicVcomSetConfiguration
                0x00002de8       0x34 ./source/usb_device_interface_0_cic_vcom.o
                0x00002de8                USB_DeviceInterface0CicVcomSetConfiguration
 .text.USB_DeviceInterface0CicVcomInit
                0x00002e1c       0x30 ./source/usb_device_interface_0_cic_vcom.o
                0x00002e1c                USB_DeviceInterface0CicVcomInit
 .text.POWER_EnablePD
                0x00002e4c       0x20 ./drivers/fsl_clock.o
 .text.POWER_DisablePD
                0x00002e6c       0x20 ./drivers/fsl_clock.o
 .text.CLOCK_AttachClk
                0x00002e8c       0xc0 ./drivers/fsl_clock.o
                0x00002e8c                CLOCK_AttachClk
 .text.CLOCK_SetClkDiv
                0x00002f4c       0x80 ./drivers/fsl_clock.o
                0x00002f4c                CLOCK_SetClkDiv
 .text.CLOCK_SetupFROClocking
                0x00002fcc       0x74 ./drivers/fsl_clock.o
                0x00002fcc                CLOCK_SetupFROClocking
 .text.CLOCK_SetFLASHAccessCyclesForFreq
                0x00003040       0xa0 ./drivers/fsl_clock.o
                0x00003040                CLOCK_SetFLASHAccessCyclesForFreq
 .text.CLOCK_GetFro1MFreq
                0x000030e0       0x28 ./drivers/fsl_clock.o
                0x000030e0                CLOCK_GetFro1MFreq
 .text.CLOCK_GetExtClkFreq
                0x00003108       0x2c ./drivers/fsl_clock.o
                0x00003108                CLOCK_GetExtClkFreq
 .text.CLOCK_GetOsc32KFreq
                0x00003134       0x58 ./drivers/fsl_clock.o
                0x00003134                CLOCK_GetOsc32KFreq
 .text.CLOCK_GetPLL0InClockRate
                0x0000318c       0x64 ./drivers/fsl_clock.o
                0x0000318c                CLOCK_GetPLL0InClockRate
 .text.CLOCK_SetPLL0Freq
                0x000031f0      0x12c ./drivers/fsl_clock.o
                0x000031f0                CLOCK_SetPLL0Freq
 .text.SDK_DelayAtLeastUs
                0x0000331c       0x8c ./drivers/fsl_common_arm.o
                0x0000331c                SDK_DelayAtLeastUs
 .text.FLEXCOMM_GetInstance
                0x000033a8       0x50 ./drivers/fsl_flexcomm.o
                0x000033a8                FLEXCOMM_GetInstance
 .text.FLEXCOMM_Init
                0x000033f8       0x50 ./drivers/fsl_flexcomm.o
                0x000033f8                FLEXCOMM_Init
 .text.FLEXCOMM0_DriverIRQHandler
                0x00003448       0x5c ./drivers/fsl_flexcomm.o
                0x00003448                FLEXCOMM0_DriverIRQHandler
 .text.FLEXCOMM1_DriverIRQHandler
                0x000034a4       0x5c ./drivers/fsl_flexcomm.o
                0x000034a4                FLEXCOMM1_DriverIRQHandler
 .text.FLEXCOMM2_DriverIRQHandler
                0x00003500       0x5c ./drivers/fsl_flexcomm.o
                0x00003500                FLEXCOMM2_DriverIRQHandler
 .text.FLEXCOMM3_DriverIRQHandler
                0x0000355c       0x5c ./drivers/fsl_flexcomm.o
                0x0000355c                FLEXCOMM3_DriverIRQHandler
 .text.FLEXCOMM4_DriverIRQHandler
                0x000035b8       0x5c ./drivers/fsl_flexcomm.o
                0x000035b8                FLEXCOMM4_DriverIRQHandler
 .text.FLEXCOMM5_DriverIRQHandler
                0x00003614       0x5c ./drivers/fsl_flexcomm.o
                0x00003614                FLEXCOMM5_DriverIRQHandler
 .text.FLEXCOMM6_DriverIRQHandler
                0x00003670       0x5c ./drivers/fsl_flexcomm.o
                0x00003670                FLEXCOMM6_DriverIRQHandler
 .text.FLEXCOMM7_DriverIRQHandler
                0x000036cc       0x5c ./drivers/fsl_flexcomm.o
                0x000036cc                FLEXCOMM7_DriverIRQHandler
 .text.FLEXCOMM8_DriverIRQHandler
                0x00003728       0x5c ./drivers/fsl_flexcomm.o
                0x00003728                FLEXCOMM8_DriverIRQHandler
 .text.GPIO_EnablePortClock
                0x00003784       0x34 ./drivers/fsl_gpio.o
 .text.GPIO_PortInit
                0x000037b8       0x2c ./drivers/fsl_gpio.o
                0x000037b8                GPIO_PortInit
 .text.RESET_SetPeripheralReset
                0x000037e4       0x5c ./drivers/fsl_reset.o
                0x000037e4                RESET_SetPeripheralReset
 .text.RESET_ClearPeripheralReset
                0x00003840       0x60 ./drivers/fsl_reset.o
                0x00003840                RESET_ClearPeripheralReset
 .text.USART_Init
                0x000038a0      0x1cc ./drivers/fsl_usart.o
                0x000038a0                USART_Init
 .text.USART_GetDefaultConfig
                0x00003a6c       0x80 ./drivers/fsl_usart.o
                0x00003a6c                USART_GetDefaultConfig
 .text.USART_SetBaudRate
                0x00003aec      0x174 ./drivers/fsl_usart.o
                0x00003aec                USART_SetBaudRate
 .text.USART_WriteBlocking
                0x00003c60       0x8c ./drivers/fsl_usart.o
                0x00003c60                USART_WriteBlocking
 .text.USART_ReadBlocking
                0x00003cec      0x104 ./drivers/fsl_usart.o
                0x00003cec                USART_ReadBlocking
 .text.SystemInit
                0x00003df0       0xac ./device/system_LPC55S16.o
                0x00003df0                SystemInit
 .text.HAL_UartInitCommon
                0x00003e9c      0x110 ./component/uart/fsl_adapter_usart.o
 .text.HAL_UartReceiveBlocking
                0x00003fac       0x6c ./component/uart/fsl_adapter_usart.o
                0x00003fac                HAL_UartReceiveBlocking
 .text.HAL_UartSendBlocking
                0x00004018       0x64 ./component/uart/fsl_adapter_usart.o
                0x00004018                HAL_UartSendBlocking
 .text.OSA_MutexCreate
                0x0000407c       0x34 ./component/osa/fsl_os_abstraction_bm.o
                0x0000407c                OSA_MutexCreate
 .text.OSA_MutexDestroy
                0x000040b0       0x30 ./component/osa/fsl_os_abstraction_bm.o
                0x000040b0                OSA_MutexDestroy
 .text.BOARD_InitDebugConsole
                0x000040e0       0x38 ./board/board.o
                0x000040e0                BOARD_InitDebugConsole
 .text.POWER_DisablePD
                0x00004118       0x20 ./board/clock_config.o
 .text.BOARD_BootClockPLL150M
                0x00004138      0x124 ./board/clock_config.o
                0x00004138                BOARD_BootClockPLL150M
 .text.BOARD_InitDEBUG_UARTPins
                0x0000425c       0x8c ./board/pin_mux.o
                0x0000425c                BOARD_InitDEBUG_UARTPins
 .text.lowpower_set_system_voltage
                0x000042e8       0xa0 C:\Users\mlboe\Documents\GitHub\LPC55S14_VCOM_NoCrystal\LPC55S16\mcuxpresso\libpower_hardabi.a(fsl_power_lib.o)
 .text.lowpower_set_voltage_for_process
                0x00004388       0x84 C:\Users\mlboe\Documents\GitHub\LPC55S14_VCOM_NoCrystal\LPC55S16\mcuxpresso\libpower_hardabi.a(fsl_power_lib.o)
 .text.POWER_SetVoltageForFreq
                0x0000440c       0x84 C:\Users\mlboe\Documents\GitHub\LPC55S14_VCOM_NoCrystal\LPC55S16\mcuxpresso\libpower_hardabi.a(fsl_power_lib.o)
                0x0000440c                POWER_SetVoltageForFreq
 .text.Chip_TIMER_Instance_Freq
                0x00004490       0x14 C:\Users\mlboe\Documents\GitHub\LPC55S14_VCOM_NoCrystal\LPC55S16\mcuxpresso\libfro_calib_hardabi.a(fsl_fro_calib_lib.o)
                0x00004490                Chip_TIMER_Instance_Freq
 .text.CalibrationFROClock
                0x000044a4       0x78 C:\Users\mlboe\Documents\GitHub\LPC55S14_VCOM_NoCrystal\LPC55S16\mcuxpresso\libfro_calib_hardabi.a(fsl_fro_calib_lib.o)
                0x000044a4                CalibrationFROClock
 .text.USB_SOF_Event
                0x0000451c       0x50 C:\Users\mlboe\Documents\GitHub\LPC55S14_VCOM_NoCrystal\LPC55S16\mcuxpresso\libfro_calib_hardabi.a(fsl_fro_calib_lib.o)
                0x0000451c                USB_SOF_Event
 .text.__assertion_failed
                0x0000456c       0x4c c:/nxp/mcuxpressoide_11.4.0_6237/ide/plugins/com.nxp.mcuxpresso.tools.win32_11.4.0.202103011116/tools/bin/../lib/gcc/arm-none-eabi/10.2.1/../../../../arm-none-eabi/lib/thumb/v8-m.main+fp/hard\libcr_nohost_nf.a(_cr_assert.o)
                0x0000456c                __assertion_failed
 .text._Cwritebuf
                0x000045b8       0x6c c:/nxp/mcuxpressoide_11.4.0_6237/ide/plugins/com.nxp.mcuxpresso.tools.win32_11.4.0.202103011116/tools/bin/../lib/gcc/arm-none-eabi/10.2.1/../../../../arm-none-eabi/lib/thumb/v8-m.main+fp/hard\libcr_c.a(_writebuf.o)
                0x000045b8                _Cwritebuf
 .text.malloc   0x00004624       0xc8 c:/nxp/mcuxpressoide_11.4.0_6237/ide/plugins/com.nxp.mcuxpresso.tools.win32_11.4.0.202103011116/tools/bin/../lib/gcc/arm-none-eabi/10.2.1/../../../../arm-none-eabi/lib/thumb/v8-m.main+fp/hard\libcr_c.a(alloc.o)
                0x00004624                malloc
 .text._Csys_alloc
                0x000046ec       0x20 c:/nxp/mcuxpressoide_11.4.0_6237/ide/plugins/com.nxp.mcuxpresso.tools.win32_11.4.0.202103011116/tools/bin/../lib/gcc/arm-none-eabi/10.2.1/../../../../arm-none-eabi/lib/thumb/v8-m.main+fp/hard\libcr_c.a(alloc.o)
                0x000046ec                _Csys_alloc
 .text.fseek    0x0000470c      0x100 c:/nxp/mcuxpressoide_11.4.0_6237/ide/plugins/com.nxp.mcuxpresso.tools.win32_11.4.0.202103011116/tools/bin/../lib/gcc/arm-none-eabi/10.2.1/../../../../arm-none-eabi/lib/thumb/v8-m.main+fp/hard\libcr_c.a(fseek.o)
                0x0000470c                fseek
 .text.ftell    0x0000480c       0x44 c:/nxp/mcuxpressoide_11.4.0_6237/ide/plugins/com.nxp.mcuxpresso.tools.win32_11.4.0.202103011116/tools/bin/../lib/gcc/arm-none-eabi/10.2.1/../../../../arm-none-eabi/lib/thumb/v8-m.main+fp/hard\libcr_c.a(ftell.o)
                0x0000480c                ftell
 .text._initio  0x00004850       0x78 c:/nxp/mcuxpressoide_11.4.0_6237/ide/plugins/com.nxp.mcuxpresso.tools.win32_11.4.0.202103011116/tools/bin/../lib/gcc/arm-none-eabi/10.2.1/../../../../arm-none-eabi/lib/thumb/v8-m.main+fp/hard\libcr_c.a(initio.o)
                0x00004850                _initio
 .text._sbrk    0x000048c8       0x3c c:/nxp/mcuxpressoide_11.4.0_6237/ide/plugins/com.nxp.mcuxpresso.tools.win32_11.4.0.202103011116/tools/bin/../lib/gcc/arm-none-eabi/10.2.1/../../../../arm-none-eabi/lib/thumb/v8-m.main+fp/hard\libcr_c.a(_cr_sbrk.o)
                0x000048c8                _sbrk
 .text.fflush   0x00004904       0x3c c:/nxp/mcuxpressoide_11.4.0_6237/ide/plugins/com.nxp.mcuxpresso.tools.win32_11.4.0.202103011116/tools/bin/../lib/gcc/arm-none-eabi/10.2.1/../../../../arm-none-eabi/lib/thumb/v8-m.main+fp/hard\libcr_c.a(fflush.o)
                0x00004904                fflush
 .text.__check_heap_overflow
                0x00004940       0x18 c:/nxp/mcuxpressoide_11.4.0_6237/ide/plugins/com.nxp.mcuxpresso.tools.win32_11.4.0.202103011116/tools/bin/../lib/gcc/arm-none-eabi/10.2.1/../../../../arm-none-eabi/lib/thumb/v8-m.main+fp/hard\libcr_c.a(_cr_check_heap.o)
                0x00004940                __check_heap_overflow
 .text.DbgConsole_PrintfPaddingCharacter
                0x00004958       0x40 ./utilities/fsl_debug_console.o
 .text.DbgConsole_ConvertRadixNumToString
                0x00004998      0x114 ./utilities/fsl_debug_console.o
 .text.USB_DeviceLpcIp3511MaxPacketNeedCopy
                0x00004aac       0x16 ./usb/device/source/lpcip3511/usb_device_lpcip3511.o
 .text.USB_DeviceLpc3511IpGetEndpointStateStruct
                0x00004ac2       0x34 ./usb/device/source/lpcip3511/usb_device_lpcip3511.o
 .text.USB_DeviceLpc3511IpEndpointPrime
                0x00004af6      0x122 ./usb/device/source/lpcip3511/usb_device_lpcip3511.o
 .text.USB_DeviceLpc3511IpEndpointInit
                0x00004c18      0x198 ./usb/device/source/lpcip3511/usb_device_lpcip3511.o
 .text.USB_DeviceLpc3511IpEndpointDeinit
                0x00004db0       0xb8 ./usb/device/source/lpcip3511/usb_device_lpcip3511.o
 .text.USB_DeviceLpc3511IpEndpointStall
                0x00004e68      0x114 ./usb/device/source/lpcip3511/usb_device_lpcip3511.o
 .text.USB_DeviceLpc3511IpEndpointUnstall
                0x00004f7c       0xe4 ./usb/device/source/lpcip3511/usb_device_lpcip3511.o
 .text.USB_DeviceLpc3511IpDoPreviousTransactionMemcpy
                0x00005060       0x84 ./usb/device/source/lpcip3511/usb_device_lpcip3511.o
 .text.USB_DeviceLpc3511IpTokenUpdate
                0x000050e4       0xb6 ./usb/device/source/lpcip3511/usb_device_lpcip3511.o
 .text.USB_DeviceLpc3511IpInterruptToken
                0x0000519a      0x32c ./usb/device/source/lpcip3511/usb_device_lpcip3511.o
 .text.USB_DeviceLpc3511IpInterruptReset
                0x000054c6       0x42 ./usb/device/source/lpcip3511/usb_device_lpcip3511.o
 .text.USB_DeviceLpc3511IpGetActualBufferAndPrime
                0x00005508      0x10e ./usb/device/source/lpcip3511/usb_device_lpcip3511.o
 .text.USB_DeviceLpc3511IpTransaction
                0x00005616       0xfa ./usb/device/source/lpcip3511/usb_device_lpcip3511.o
 .text.USB_DeviceLpc3511IpSend
                0x00005710       0x76 ./usb/device/source/lpcip3511/usb_device_lpcip3511.o
                0x00005710                USB_DeviceLpc3511IpSend
 .text.USB_DeviceLpc3511IpRecv
                0x00005786       0x26 ./usb/device/source/lpcip3511/usb_device_lpcip3511.o
                0x00005786                USB_DeviceLpc3511IpRecv
 .text.USB_DeviceLpc3511IpCancel
                0x000057ac      0x312 ./usb/device/source/lpcip3511/usb_device_lpcip3511.o
                0x000057ac                USB_DeviceLpc3511IpCancel
 .text.USB_DeviceLpc3511IpControlPreSetDeviceAddress
                0x00005abe       0x58 ./usb/device/source/lpcip3511/usb_device_lpcip3511.o
 .text.USB_DeviceLpcIp3511IsrFunction
                0x00005b16      0x166 ./usb/device/source/lpcip3511/usb_device_lpcip3511.o
                0x00005b16                USB_DeviceLpcIp3511IsrFunction
 .text.USB_DeviceCh9GetStatus
                0x00005c7c      0x10a ./usb/device/source/usb_device_ch9.o
 .text.USB_DeviceCh9SetClearFeature
                0x00005d86      0x10c ./usb/device/source/usb_device_ch9.o
 .text.USB_DeviceCh9SetAddress
                0x00005e92       0xca ./usb/device/source/usb_device_ch9.o
 .text.USB_DeviceCh9GetDescriptor
                0x00005f5c      0x132 ./usb/device/source/usb_device_ch9.o
 .text.USB_DeviceCh9GetConfiguration
                0x0000608e       0x8e ./usb/device/source/usb_device_ch9.o
 .text.USB_DeviceCh9SetConfiguration
                0x0000611c       0xb6 ./usb/device/source/usb_device_ch9.o
 .text.USB_DeviceCh9GetInterface
                0x000061d2       0x9c ./usb/device/source/usb_device_ch9.o
 .text.USB_DeviceCh9SetInterface
                0x0000626e       0x90 ./usb/device/source/usb_device_ch9.o
 .text.USB_DeviceCh9SynchFrame
                0x000062fe       0x90 ./usb/device/source/usb_device_ch9.o
 .text.USB_DeviceControlCallbackFeedback
                0x0000638e       0x96 ./usb/device/source/usb_device_ch9.o
 .text.USB_DeviceFreeHandle
                0x00006424       0x32 ./usb/device/source/usb_device_dci.o
 .text.USB_DeviceTransfer
                0x00006456      0x10a ./usb/device/source/usb_device_dci.o
 .text.USB_DeviceControl
                0x00006560       0x48 ./usb/device/source/usb_device_dci.o
 .text.USB_DeviceResetNotification
                0x000065a8       0x98 ./usb/device/source/usb_device_dci.o
 .text.USB_DeviceNotification
                0x00006640      0x102 ./usb/device/source/usb_device_dci.o
 .text.USB_DeviceNotificationTrigger
                0x00006742       0x40 ./usb/device/source/usb_device_dci.o
                0x00006742                USB_DeviceNotificationTrigger
 .text.USB_DeviceInit
                0x00006782      0x166 ./usb/device/source/usb_device_dci.o
                0x00006782                USB_DeviceInit
 .text.USB_DeviceRun
                0x000068e8       0x1c ./usb/device/source/usb_device_dci.o
                0x000068e8                USB_DeviceRun
 .text.USB_DeviceDeinit
                0x00006904       0x42 ./usb/device/source/usb_device_dci.o
                0x00006904                USB_DeviceDeinit
 .text.USB_DeviceSendRequest
                0x00006946       0x32 ./usb/device/source/usb_device_dci.o
                0x00006946                USB_DeviceSendRequest
 .text.USB_DeviceRecvRequest
                0x00006978       0x2c ./usb/device/source/usb_device_dci.o
                0x00006978                USB_DeviceRecvRequest
 .text.USB_DeviceInitEndpoint
                0x000069a4       0xbe ./usb/device/source/usb_device_dci.o
                0x000069a4                USB_DeviceInitEndpoint
 .text.USB_DeviceDeinitEndpoint
                0x00006a62       0xac ./usb/device/source/usb_device_dci.o
                0x00006a62                USB_DeviceDeinitEndpoint
 .text.USB_DeviceStallEndpoint
                0x00006b0e       0x30 ./usb/device/source/usb_device_dci.o
                0x00006b0e                USB_DeviceStallEndpoint
 .text.USB_DeviceUnstallEndpoint
                0x00006b3e       0x30 ./usb/device/source/usb_device_dci.o
                0x00006b3e                USB_DeviceUnstallEndpoint
 .text.USB_DeviceCdcAcmFreeHandle
                0x00006b6e       0x32 ./usb/device/class/cdc/usb_device_cdc_acm.o
 .text.USB_DeviceCdcAcmInterruptIn
                0x00006ba0       0x54 ./usb/device/class/cdc/usb_device_cdc_acm.o
 .text.USB_DeviceCdcAcmBulkIn
                0x00006bf4       0x54 ./usb/device/class/cdc/usb_device_cdc_acm.o
 .text.USB_DeviceCdcAcmBulkOut
                0x00006c48       0x54 ./usb/device/class/cdc/usb_device_cdc_acm.o
 .text.USB_DeviceCdcAcmEndpointsDeinit
                0x00006c9c       0xae ./usb/device/class/cdc/usb_device_cdc_acm.o
 .text.USB_DeviceCdcAcmInit
                0x00006d4a       0xaa ./usb/device/class/cdc/usb_device_cdc_acm.o
                0x00006d4a                USB_DeviceCdcAcmInit
 .text.USB_DeviceCdcAcmDeinit
                0x00006df4       0x4e ./usb/device/class/cdc/usb_device_cdc_acm.o
                0x00006df4                USB_DeviceCdcAcmDeinit
 .text.USB_DeviceCdcAcmSend
                0x00006e42       0xa4 ./usb/device/class/cdc/usb_device_cdc_acm.o
                0x00006e42                USB_DeviceCdcAcmSend
 .text.USB_DeviceCdcAcmRecv
                0x00006ee6       0x78 ./usb/device/class/cdc/usb_device_cdc_acm.o
                0x00006ee6                USB_DeviceCdcAcmRecv
 .text.USB_DeviceClassCallback
                0x00006f5e       0x5e ./usb/device/class/usb_device_class.o
                0x00006f5e                USB_DeviceClassCallback
 .text.WDT_BOD_IRQHandler
                0x00006fbc        0x8 ./startup/startup_lpc55s16.o
                0x00006fbc                WDT_BOD_IRQHandler
 .text.DMA0_IRQHandler
                0x00006fc4        0x8 ./startup/startup_lpc55s16.o
                0x00006fc4                DMA0_IRQHandler
 .text.GINT0_IRQHandler
                0x00006fcc        0x8 ./startup/startup_lpc55s16.o
                0x00006fcc                GINT0_IRQHandler
 .text.GINT1_IRQHandler
                0x00006fd4        0x8 ./startup/startup_lpc55s16.o
                0x00006fd4                GINT1_IRQHandler
 .text.PIN_INT0_IRQHandler
                0x00006fdc        0x8 ./startup/startup_lpc55s16.o
                0x00006fdc                PIN_INT0_IRQHandler
 .text.PIN_INT1_IRQHandler
                0x00006fe4        0x8 ./startup/startup_lpc55s16.o
                0x00006fe4                PIN_INT1_IRQHandler
 .text.PIN_INT2_IRQHandler
                0x00006fec        0x8 ./startup/startup_lpc55s16.o
                0x00006fec                PIN_INT2_IRQHandler
 .text.PIN_INT3_IRQHandler
                0x00006ff4        0x8 ./startup/startup_lpc55s16.o
                0x00006ff4                PIN_INT3_IRQHandler
 .text.UTICK0_IRQHandler
                0x00006ffc        0x8 ./startup/startup_lpc55s16.o
                0x00006ffc                UTICK0_IRQHandler
 .text.MRT0_IRQHandler
                0x00007004        0x8 ./startup/startup_lpc55s16.o
                0x00007004                MRT0_IRQHandler
 .text.CTIMER0_IRQHandler
                0x0000700c        0x8 ./startup/startup_lpc55s16.o
                0x0000700c                CTIMER0_IRQHandler
 .text.CTIMER1_IRQHandler
                0x00007014        0x8 ./startup/startup_lpc55s16.o
                0x00007014                CTIMER1_IRQHandler
 .text.SCT0_IRQHandler
                0x0000701c        0x8 ./startup/startup_lpc55s16.o
                0x0000701c                SCT0_IRQHandler
 .text.CTIMER3_IRQHandler
                0x00007024        0x8 ./startup/startup_lpc55s16.o
                0x00007024                CTIMER3_IRQHandler
 .text.FLEXCOMM0_IRQHandler
                0x0000702c        0x8 ./startup/startup_lpc55s16.o
                0x0000702c                FLEXCOMM0_IRQHandler
 .text.FLEXCOMM1_IRQHandler
                0x00007034        0x8 ./startup/startup_lpc55s16.o
                0x00007034                FLEXCOMM1_IRQHandler
 .text.FLEXCOMM2_IRQHandler
                0x0000703c        0x8 ./startup/startup_lpc55s16.o
                0x0000703c                FLEXCOMM2_IRQHandler
 .text.FLEXCOMM3_IRQHandler
                0x00007044        0x8 ./startup/startup_lpc55s16.o
                0x00007044                FLEXCOMM3_IRQHandler
 .text.FLEXCOMM4_IRQHandler
                0x0000704c        0x8 ./startup/startup_lpc55s16.o
                0x0000704c                FLEXCOMM4_IRQHandler
 .text.FLEXCOMM5_IRQHandler
                0x00007054        0x8 ./startup/startup_lpc55s16.o
                0x00007054                FLEXCOMM5_IRQHandler
 .text.FLEXCOMM6_IRQHandler
                0x0000705c        0x8 ./startup/startup_lpc55s16.o
                0x0000705c                FLEXCOMM6_IRQHandler
 .text.FLEXCOMM7_IRQHandler
                0x00007064        0x8 ./startup/startup_lpc55s16.o
                0x00007064                FLEXCOMM7_IRQHandler
 .text.ADC0_IRQHandler
                0x0000706c        0x8 ./startup/startup_lpc55s16.o
                0x0000706c                ADC0_IRQHandler
 .text.Reserved39_IRQHandler
                0x00007074        0x8 ./startup/startup_lpc55s16.o
                0x00007074                Reserved39_IRQHandler
 .text.ACMP_IRQHandler
                0x0000707c        0x8 ./startup/startup_lpc55s16.o
                0x0000707c                ACMP_IRQHandler
 .text.Reserved41_IRQHandler
                0x00007084        0x8 ./startup/startup_lpc55s16.o
                0x00007084                Reserved41_IRQHandler
 .text.Reserved42_IRQHandler
                0x0000708c        0x8 ./startup/startup_lpc55s16.o
                0x0000708c                Reserved42_IRQHandler
 .text.USB0_NEEDCLK_IRQHandler
                0x00007094        0x8 ./startup/startup_lpc55s16.o
                0x00007094                USB0_NEEDCLK_IRQHandler
 .text.RTC_IRQHandler
                0x0000709c        0x8 ./startup/startup_lpc55s16.o
                0x0000709c                RTC_IRQHandler
 .text.Reserved46_IRQHandler
                0x000070a4        0x8 ./startup/startup_lpc55s16.o
                0x000070a4                Reserved46_IRQHandler
 .text.Reserved47_IRQHandler
                0x000070ac        0x8 ./startup/startup_lpc55s16.o
                0x000070ac                Reserved47_IRQHandler
 .text.PIN_INT4_IRQHandler
                0x000070b4        0x8 ./startup/startup_lpc55s16.o
                0x000070b4                PIN_INT4_IRQHandler
 .text.PIN_INT5_IRQHandler
                0x000070bc        0x8 ./startup/startup_lpc55s16.o
                0x000070bc                PIN_INT5_IRQHandler
 .text.PIN_INT6_IRQHandler
                0x000070c4        0x8 ./startup/startup_lpc55s16.o
                0x000070c4                PIN_INT6_IRQHandler
 .text.PIN_INT7_IRQHandler
                0x000070cc        0x8 ./startup/startup_lpc55s16.o
                0x000070cc                PIN_INT7_IRQHandler
 .text.CTIMER2_IRQHandler
                0x000070d4        0x8 ./startup/startup_lpc55s16.o
                0x000070d4                CTIMER2_IRQHandler
 .text.CTIMER4_IRQHandler
                0x000070dc        0x8 ./startup/startup_lpc55s16.o
                0x000070dc                CTIMER4_IRQHandler
 .text.OS_EVENT_IRQHandler
                0x000070e4        0x8 ./startup/startup_lpc55s16.o
                0x000070e4                OS_EVENT_IRQHandler
 .text.Reserved55_IRQHandler
                0x000070ec        0x8 ./startup/startup_lpc55s16.o
                0x000070ec                Reserved55_IRQHandler
 .text.Reserved56_IRQHandler
                0x000070f4        0x8 ./startup/startup_lpc55s16.o
                0x000070f4                Reserved56_IRQHandler
 .text.Reserved57_IRQHandler
                0x000070fc        0x8 ./startup/startup_lpc55s16.o
                0x000070fc                Reserved57_IRQHandler
 .text.Reserved58_IRQHandler
                0x00007104        0x8 ./startup/startup_lpc55s16.o
                0x00007104                Reserved58_IRQHandler
 .text.CAN0_IRQ0_IRQHandler
                0x0000710c        0x8 ./startup/startup_lpc55s16.o
                0x0000710c                CAN0_IRQ0_IRQHandler
 .text.CAN0_IRQ1_IRQHandler
                0x00007114        0x8 ./startup/startup_lpc55s16.o
                0x00007114                CAN0_IRQ1_IRQHandler
 .text.Reserved61_IRQHandler
                0x0000711c        0x8 ./startup/startup_lpc55s16.o
                0x0000711c                Reserved61_IRQHandler
 .text.USB1_PHY_IRQHandler
                0x00007124        0x8 ./startup/startup_lpc55s16.o
                0x00007124                USB1_PHY_IRQHandler
 .text.USB1_IRQHandler
                0x0000712c        0x8 ./startup/startup_lpc55s16.o
                0x0000712c                USB1_IRQHandler
 .text.USB1_NEEDCLK_IRQHandler
                0x00007134        0x8 ./startup/startup_lpc55s16.o
                0x00007134                USB1_NEEDCLK_IRQHandler
 .text.SEC_HYPERVISOR_CALL_IRQHandler
                0x0000713c        0x8 ./startup/startup_lpc55s16.o
                0x0000713c                SEC_HYPERVISOR_CALL_IRQHandler
 .text.SEC_GPIO_INT0_IRQ0_IRQHandler
                0x00007144        0x8 ./startup/startup_lpc55s16.o
                0x00007144                SEC_GPIO_INT0_IRQ0_IRQHandler
 .text.SEC_GPIO_INT0_IRQ1_IRQHandler
                0x0000714c        0x8 ./startup/startup_lpc55s16.o
                0x0000714c                SEC_GPIO_INT0_IRQ1_IRQHandler
 .text.PLU_IRQHandler
                0x00007154        0x8 ./startup/startup_lpc55s16.o
                0x00007154                PLU_IRQHandler
 .text.SEC_VIO_IRQHandler
                0x0000715c        0x8 ./startup/startup_lpc55s16.o
                0x0000715c                SEC_VIO_IRQHandler
 .text.HASHCRYPT_IRQHandler
                0x00007164        0x8 ./startup/startup_lpc55s16.o
                0x00007164                HASHCRYPT_IRQHandler
 .text.CASER_IRQHandler
                0x0000716c        0x8 ./startup/startup_lpc55s16.o
                0x0000716c                CASER_IRQHandler
 .text.PUF_IRQHandler
                0x00007174        0x8 ./startup/startup_lpc55s16.o
                0x00007174                PUF_IRQHandler
 .text.Reserved73_IRQHandler
                0x0000717c        0x8 ./startup/startup_lpc55s16.o
                0x0000717c                Reserved73_IRQHandler
 .text.DMA1_IRQHandler
                0x00007184        0x8 ./startup/startup_lpc55s16.o
                0x00007184                DMA1_IRQHandler
 .text.FLEXCOMM8_IRQHandler
                0x0000718c        0x8 ./startup/startup_lpc55s16.o
                0x0000718c                FLEXCOMM8_IRQHandler
 .text.CDOG_IRQHandler
                0x00007194        0x8 ./startup/startup_lpc55s16.o
                0x00007194                CDOG_IRQHandler
 .text.CLOCK_EnableClock
                0x0000719c       0x30 ./source/generated/usb_device_composite.o
 .text.CLOCK_DisableClock
                0x000071cc       0x30 ./source/generated/usb_device_composite.o
 .text.EnableIRQ
                0x000071fc       0x32 ./source/generated/usb_device_composite.o
 .text.USB_DeviceIsrEnable
                0x0000722e       0x2c ./source/generated/usb_device_composite.o
                0x0000722e                USB_DeviceIsrEnable
 .text.USB_DeviceTasks
                0x0000725a        0xc ./source/generated/usb_device_composite.o
                0x0000725a                USB_DeviceTasks
 .text.GPIO_PortToggle
                0x00007266       0x26 ./source/USB_VCOM.o
 .text.HardFault_Handler
                0x0000728c       0x2c ./source/semihost_hardfault.o
                0x0000728c                HardFault_Handler
 .text.USB_DeviceInterface0CicVcomSetInterface
                0x000072b8       0x1a ./source/usb_device_interface_0_cic_vcom.o
                0x000072b8                USB_DeviceInterface0CicVcomSetInterface
 .text.USB_DeviceInterface1DicVcomSetInterface
                0x000072d2       0x1a ./source/usb_device_interface_0_cic_vcom.o
                0x000072d2                USB_DeviceInterface1DicVcomSetInterface
 .text.CLOCK_IsPLL0Locked
                0x000072ec       0x24 ./drivers/fsl_clock.o
 .text.findPll0PreDiv
                0x00007310       0x3e ./drivers/fsl_clock.o
 .text.DelayLoop
                0x0000734e       0x20 ./drivers/fsl_common_arm.o
 .text.CLOCK_EnableClock
                0x0000736e       0x30 ./drivers/fsl_flexcomm.o
 .text.FLEXCOMM_PeripheralIsPresent
                0x0000739e       0x64 ./drivers/fsl_flexcomm.o
 .text.FLEXCOMM_SetPeriph
                0x00007402       0x74 ./drivers/fsl_flexcomm.o
 .text.CLOCK_EnableClock
                0x00007476       0x30 ./drivers/fsl_gpio.o
 .text.GPIO_PinInit
                0x000074a6       0xa4 ./drivers/fsl_gpio.o
                0x000074a6                GPIO_PinInit
 .text.RESET_PeripheralReset
                0x0000754a       0x1c ./drivers/fsl_reset.o
                0x0000754a                RESET_PeripheralReset
 .text.USART_EnableContinuousSCLK
                0x00007566       0x38 ./drivers/fsl_usart.o
 .text.SystemInitHook
                0x0000759e        0xe ./device/system_LPC55S16.o
                0x0000759e                SystemInitHook
 .text.HAL_UartGetStatus
                0x000075ac       0x22 ./component/uart/fsl_adapter_usart.o
 .text.HAL_UartInit
                0x000075ce       0x36 ./component/uart/fsl_adapter_usart.o
                0x000075ce                HAL_UartInit
 .text.DisableGlobalIRQ
                0x00007604       0x22 ./component/osa/fsl_os_abstraction_bm.o
 .text.EnableGlobalIRQ
                0x00007626       0x20 ./component/osa/fsl_os_abstraction_bm.o
 .text.OSA_EnterCritical
                0x00007646       0x1a ./component/osa/fsl_os_abstraction_bm.o
                0x00007646                OSA_EnterCritical
 .text.OSA_ExitCritical
                0x00007660       0x16 ./component/osa/fsl_os_abstraction_bm.o
                0x00007660                OSA_ExitCritical
 .text.CLOCK_EnableClock
                0x00007676       0x30 ./board/clock_config.o
 .text.BOARD_InitBootClocks
                0x000076a6        0xc ./board/clock_config.o
                0x000076a6                BOARD_InitBootClocks
 .text.USB0_init
                0x000076b2        0xc ./board/peripherals.o
 .text.BOARD_InitPeripherals
                0x000076be        0xc ./board/peripherals.o
                0x000076be                BOARD_InitPeripherals
 .text.BOARD_InitBootPeripherals
                0x000076ca        0xc ./board/peripherals.o
                0x000076ca                BOARD_InitBootPeripherals
 .text.CLOCK_EnableClock
                0x000076d6       0x30 ./board/pin_mux.o
 .text.IOCON_PinMuxSet
                0x00007706       0x2e ./board/pin_mux.o
 .text.BOARD_InitBootPins
                0x00007734        0xc ./board/pin_mux.o
                0x00007734                BOARD_InitBootPins
 .text.fro_calib_Get_Lib_Ver
                0x00007740        0x6 C:\Users\mlboe\Documents\GitHub\LPC55S14_VCOM_NoCrystal\LPC55S16\mcuxpresso\libfro_calib_hardabi.a(fsl_fro_calib_lib.o)
                0x00007740                fro_calib_Get_Lib_Ver
 .text.__main   0x00007746        0xe c:/nxp/mcuxpressoide_11.4.0_6237/ide/plugins/com.nxp.mcuxpresso.tools.win32_11.4.0.202103011116/tools/bin/../lib/gcc/arm-none-eabi/10.2.1/../../../../arm-none-eabi/lib/thumb/v8-m.main+fp/hard\libcr_nohost_nf.a(_cr__main.o)
                0x00007746                __main
 .text.__sys_appexit
                0x00007754        0x2 c:/nxp/mcuxpressoide_11.4.0_6237/ide/plugins/com.nxp.mcuxpresso.tools.win32_11.4.0.202103011116/tools/bin/../lib/gcc/arm-none-eabi/10.2.1/../../../../arm-none-eabi/lib/thumb/v8-m.main+fp/hard\libcr_nohost_nf.a(__sys_appexit.o)
                0x00007754                __sys_appexit
                0x00007754                __exit
 .text.memcpy   0x00007756        0x4 c:/nxp/mcuxpressoide_11.4.0_6237/ide/plugins/com.nxp.mcuxpresso.tools.win32_11.4.0.202103011116/tools/bin/../lib/gcc/arm-none-eabi/10.2.1/../../../../arm-none-eabi/lib/thumb/v8-m.main+fp/hard\libcr_c.a(memcpy.o)
                0x00007756                memcpy
 .text.memset   0x0000775a        0x4 c:/nxp/mcuxpressoide_11.4.0_6237/ide/plugins/com.nxp.mcuxpresso.tools.win32_11.4.0.202103011116/tools/bin/../lib/gcc/arm-none-eabi/10.2.1/../../../../arm-none-eabi/lib/thumb/v8-m.main+fp/hard\libcr_c.a(memset.o)
                0x0000775a                memset
 .text._deferredlazyseek
                0x0000775e       0x40 c:/nxp/mcuxpressoide_11.4.0_6237/ide/plugins/com.nxp.mcuxpresso.tools.win32_11.4.0.202103011116/tools/bin/../lib/gcc/arm-none-eabi/10.2.1/../../../../arm-none-eabi/lib/thumb/v8-m.main+fp/hard\libcr_c.a(_deferredlazyseek.o)
                0x0000775e                _deferredlazyseek
 .text.__flsbuf
                0x0000779e      0x140 c:/nxp/mcuxpressoide_11.4.0_6237/ide/plugins/com.nxp.mcuxpresso.tools.win32_11.4.0.202103011116/tools/bin/../lib/gcc/arm-none-eabi/10.2.1/../../../../arm-none-eabi/lib/thumb/v8-m.main+fp/hard\libcr_c.a(_deferredlazyseek.o)
                0x0000779e                __flsbuf
 .text._fflush  0x000078de       0x52 c:/nxp/mcuxpressoide_11.4.0_6237/ide/plugins/com.nxp.mcuxpresso.tools.win32_11.4.0.202103011116/tools/bin/../lib/gcc/arm-none-eabi/10.2.1/../../../../arm-none-eabi/lib/thumb/v8-m.main+fp/hard\libcr_c.a(_fflush.o)
                0x000078de                _fflush
 .text.free     0x00007930       0x30 c:/nxp/mcuxpressoide_11.4.0_6237/ide/plugins/com.nxp.mcuxpresso.tools.win32_11.4.0.202103011116/tools/bin/../lib/gcc/arm-none-eabi/10.2.1/../../../../arm-none-eabi/lib/thumb/v8-m.main+fp/hard\libcr_c.a(alloc.o)
                0x00007930                free
 .text.fputs    0x00007960       0x2c c:/nxp/mcuxpressoide_11.4.0_6237/ide/plugins/com.nxp.mcuxpresso.tools.win32_11.4.0.202103011116/tools/bin/../lib/gcc/arm-none-eabi/10.2.1/../../../../arm-none-eabi/lib/thumb/v8-m.main+fp/hard\libcr_c.a(fputs.o)
                0x00007960                fputs
 .text.setvbuf  0x0000798c       0x3e c:/nxp/mcuxpressoide_11.4.0_6237/ide/plugins/com.nxp.mcuxpresso.tools.win32_11.4.0.202103011116/tools/bin/../lib/gcc/arm-none-eabi/10.2.1/../../../../arm-none-eabi/lib/thumb/v8-m.main+fp/hard\libcr_c.a(setvbuf.o)
                0x0000798c                setvbuf
 .text.strlen   0x000079ca       0x48 c:/nxp/mcuxpressoide_11.4.0_6237/ide/plugins/com.nxp.mcuxpresso.tools.win32_11.4.0.202103011116/tools/bin/../lib/gcc/arm-none-eabi/10.2.1/../../../../arm-none-eabi/lib/thumb/v8-m.main+fp/hard\libcr_c.a(strlen.o)
                0x000079ca                strlen
 .text._fdopen  0x00007a12       0x68 c:/nxp/mcuxpressoide_11.4.0_6237/ide/plugins/com.nxp.mcuxpresso.tools.win32_11.4.0.202103011116/tools/bin/../lib/gcc/arm-none-eabi/10.2.1/../../../../arm-none-eabi/lib/thumb/v8-m.main+fp/hard\libcr_c.a(_fdopen.o)
                0x00007a12                _fdopen
 .text.fclose   0x00007a7a       0x58 c:/nxp/mcuxpressoide_11.4.0_6237/ide/plugins/com.nxp.mcuxpresso.tools.win32_11.4.0.202103011116/tools/bin/../lib/gcc/arm-none-eabi/10.2.1/../../../../arm-none-eabi/lib/thumb/v8-m.main+fp/hard\libcr_c.a(fclose.o)
                0x00007a7a                fclose
 .text.remove   0x00007ad2       0x14 c:/nxp/mcuxpressoide_11.4.0_6237/ide/plugins/com.nxp.mcuxpresso.tools.win32_11.4.0.202103011116/tools/bin/../lib/gcc/arm-none-eabi/10.2.1/../../../../arm-none-eabi/lib/thumb/v8-m.main+fp/hard\libcr_c.a(remove.o)
                0x00007ad2                remove
 .text._do_fflush
                0x00007ae6       0x40 c:/nxp/mcuxpressoide_11.4.0_6237/ide/plugins/com.nxp.mcuxpresso.tools.win32_11.4.0.202103011116/tools/bin/../lib/gcc/arm-none-eabi/10.2.1/../../../../arm-none-eabi/lib/thumb/v8-m.main+fp/hard\libcr_c.a(_do_fflush.o)
                0x00007ae6                _do_fflush
 .text.__aeabi_division_uldivmod
                0x00007b26      0x174 c:/nxp/mcuxpressoide_11.4.0_6237/ide/plugins/com.nxp.mcuxpresso.tools.win32_11.4.0.202103011116/tools/bin/../lib/gcc/arm-none-eabi/10.2.1/thumb/v8-m.main+fp/hard\libcr_eabihelpers.a(division_64.o)
                0x00007b26                __aeabi_uldivmod
                0x00007b2a                __bhs_ldivmod1
 .text.__aeabi_division_idiv0
                0x00007c9a        0x2 c:/nxp/mcuxpressoide_11.4.0_6237/ide/plugins/com.nxp.mcuxpresso.tools.win32_11.4.0.202103011116/tools/bin/../lib/gcc/arm-none-eabi/10.2.1/thumb/v8-m.main+fp/hard\libcr_eabihelpers.a(division_idiv0.o)
                0x00007c9a                __aeabi_idiv0
 .text.__aeabi_memcpy
                0x00007c9c       0x34 c:/nxp/mcuxpressoide_11.4.0_6237/ide/plugins/com.nxp.mcuxpresso.tools.win32_11.4.0.202103011116/tools/bin/../lib/gcc/arm-none-eabi/10.2.1/thumb/v8-m.main+fp/hard\libcr_eabihelpers.a(memcpy.o)
                0x00007c9c                __aeabi_memcpy
                0x00007ca6                __aeabi_memcpy8
                0x00007ca6                __aeabi_memcpy4
 .text.__aeabi_memset_lowlevel
                0x00007cd0       0x32 c:/nxp/mcuxpressoide_11.4.0_6237/ide/plugins/com.nxp.mcuxpresso.tools.win32_11.4.0.202103011116/tools/bin/../lib/gcc/arm-none-eabi/10.2.1/thumb/v8-m.main+fp/hard\libcr_eabihelpers.a(memcpy.o)
                0x00007cd0                __aeabi_lowlevel_memset
 .text.__sys_close
                0x00007d02        0x6 c:/nxp/mcuxpressoide_11.4.0_6237/ide/plugins/com.nxp.mcuxpresso.tools.win32_11.4.0.202103011116/tools/bin/../lib/gcc/arm-none-eabi/10.2.1/../../../../arm-none-eabi/lib/thumb/v8-m.main+fp/hard\libcr_nohost_nf.a(__sys_close.o)
                0x00007d02                __sys_close
 .text.__sys_flen
                0x00007d08        0x6 c:/nxp/mcuxpressoide_11.4.0_6237/ide/plugins/com.nxp.mcuxpresso.tools.win32_11.4.0.202103011116/tools/bin/../lib/gcc/arm-none-eabi/10.2.1/../../../../arm-none-eabi/lib/thumb/v8-m.main+fp/hard\libcr_nohost_nf.a(__sys_flen.o)
                0x00007d08                __sys_flen
 .text.__sys_istty
                0x00007d0e        0x6 c:/nxp/mcuxpressoide_11.4.0_6237/ide/plugins/com.nxp.mcuxpresso.tools.win32_11.4.0.202103011116/tools/bin/../lib/gcc/arm-none-eabi/10.2.1/../../../../arm-none-eabi/lib/thumb/v8-m.main+fp/hard\libcr_nohost_nf.a(__sys_istty.o)
                0x00007d0e                __sys_istty
 .text.__sys_remove
                0x00007d14        0x6 c:/nxp/mcuxpressoide_11.4.0_6237/ide/plugins/com.nxp.mcuxpresso.tools.win32_11.4.0.202103011116/tools/bin/../lib/gcc/arm-none-eabi/10.2.1/../../../../arm-none-eabi/lib/thumb/v8-m.main+fp/hard\libcr_nohost_nf.a(__sys_remove.o)
                0x00007d14                __sys_remove
 .text.__sys_seek
                0x00007d1a        0x6 c:/nxp/mcuxpressoide_11.4.0_6237/ide/plugins/com.nxp.mcuxpresso.tools.win32_11.4.0.202103011116/tools/bin/../lib/gcc/arm-none-eabi/10.2.1/../../../../arm-none-eabi/lib/thumb/v8-m.main+fp/hard\libcr_nohost_nf.a(__sys_seek.o)
                0x00007d1a                __sys_seek
 .text.__sys_tmpnam
                0x00007d20        0x6 c:/nxp/mcuxpressoide_11.4.0_6237/ide/plugins/com.nxp.mcuxpresso.tools.win32_11.4.0.202103011116/tools/bin/../lib/gcc/arm-none-eabi/10.2.1/../../../../arm-none-eabi/lib/thumb/v8-m.main+fp/hard\libcr_nohost_nf.a(__sys_tmpnam.o)
                0x00007d20                __sys_tmpnam
 .text.__sys_write
                0x00007d26        0x4 c:/nxp/mcuxpressoide_11.4.0_6237/ide/plugins/com.nxp.mcuxpresso.tools.win32_11.4.0.202103011116/tools/bin/../lib/gcc/arm-none-eabi/10.2.1/../../../../arm-none-eabi/lib/thumb/v8-m.main+fp/hard\libcr_nohost_nf.a(__sys_write.o)
                0x00007d26                __sys_write
 *(SORT_BY_ALIGNMENT(.rodata) SORT_BY_ALIGNMENT(.rodata.*) SORT_BY_ALIGNMENT(.constdata) SORT_BY_ALIGNMENT(.constdata.*))
 *fill*         0x00007d2a        0x2 ff
 .rodata.s_UsbDeviceStandardRequest
                0x00007d2c       0x34 ./usb/device/source/usb_device_ch9.o
 .rodata.s_UsbDeviceLpc3511IpInterface
                0x00007d60       0x18 ./usb/device/source/usb_device_dci.o
 .rodata.s_UsbDeviceClassInterfaceMap
                0x00007d78       0x20 ./usb/device/class/usb_device_class.o
 .rodata.USB_DeviceInterface0CicVcomCallback.str1.4
                0x00007d98       0x2e ./source/usb_device_interface_0_cic_vcom.o
 *fill*         0x00007dc6        0x2 ff
 .rodata.IntervalList
                0x00007dc8       0x60 ./drivers/fsl_clock.o
 .rodata.SDK_DelayAtLeastUs.str1.4
                0x00007e28       0x2c ./drivers/fsl_common_arm.o
 .rodata.s_flexcommBaseAddrs
                0x00007e54       0x24 ./drivers/fsl_flexcomm.o
 .rodata.s_flexcommClocks
                0x00007e78       0x12 ./drivers/fsl_flexcomm.o
 *fill*         0x00007e8a        0x2 ff
 .rodata.s_flexcommResets
                0x00007e8c       0x24 ./drivers/fsl_flexcomm.o
 .rodata.FLEXCOMM_GetInstance.str1.4
                0x00007eb0       0x43 ./drivers/fsl_flexcomm.o
 *fill*         0x00007ef3        0x1 ff
 .rodata.FLEXCOMM0_DriverIRQHandler.str1.4
                0x00007ef4       0x3d ./drivers/fsl_flexcomm.o
 *fill*         0x00007f31        0x3 ff
 .rodata.FLEXCOMM1_DriverIRQHandler.str1.4
                0x00007f34       0x3d ./drivers/fsl_flexcomm.o
 *fill*         0x00007f71        0x3 ff
 .rodata.FLEXCOMM2_DriverIRQHandler.str1.4
                0x00007f74       0x3d ./drivers/fsl_flexcomm.o
 *fill*         0x00007fb1        0x3 ff
 .rodata.FLEXCOMM3_DriverIRQHandler.str1.4
                0x00007fb4       0x3d ./drivers/fsl_flexcomm.o
 *fill*         0x00007ff1        0x3 ff
 .rodata.FLEXCOMM4_DriverIRQHandler.str1.4
                0x00007ff4       0x3d ./drivers/fsl_flexcomm.o
 *fill*         0x00008031        0x3 ff
 .rodata.FLEXCOMM5_DriverIRQHandler.str1.4
                0x00008034       0x3d ./drivers/fsl_flexcomm.o
 *fill*         0x00008071        0x3 ff
 .rodata.FLEXCOMM6_DriverIRQHandler.str1.4
                0x00008074       0x3d ./drivers/fsl_flexcomm.o
 *fill*         0x000080b1        0x3 ff
 .rodata.FLEXCOMM7_DriverIRQHandler.str1.4
                0x000080b4       0x3d ./drivers/fsl_flexcomm.o
 *fill*         0x000080f1        0x3 ff
 .rodata.FLEXCOMM8_DriverIRQHandler.str1.4
                0x000080f4       0x3d ./drivers/fsl_flexcomm.o
 *fill*         0x00008131        0x3 ff
 .rodata.s_gpioClockName
                0x00008134        0x4 ./drivers/fsl_gpio.o
 .rodata.s_gpioResets
                0x00008138        0x8 ./drivers/fsl_gpio.o
 .rodata.GPIO_EnablePortClock.str1.4
                0x00008140       0x34 ./drivers/fsl_gpio.o
 .rodata.RESET_SetPeripheralReset.str1.4
                0x00008174       0x1f ./drivers/fsl_reset.o
 *fill*         0x00008193        0x1 ff
 .rodata.RESET_ClearPeripheralReset.str1.4
                0x00008194       0x1f ./drivers/fsl_reset.o
 *fill*         0x000081b3        0x1 ff
 .rodata.USART_Init.str1.4
                0x000081b4       0x50 ./drivers/fsl_usart.o
 .rodata.USART_GetDefaultConfig.str1.4
                0x00008204       0x22 ./drivers/fsl_usart.o
 *fill*         0x00008226        0x2 ff
 .rodata.USART_SetBaudRate.str1.4
                0x00008228       0x54 ./drivers/fsl_usart.o
 .rodata.USART_WriteBlocking.str1.4
                0x0000827c       0x37 ./drivers/fsl_usart.o
 *fill*         0x000082b3        0x1 ff
 .rodata.USART_ReadBlocking.str1.4
                0x000082b4       0x37 ./drivers/fsl_usart.o
 *fill*         0x000082eb        0x1 ff
 .rodata.s_UsartAdapterBase
                0x000082ec       0x20 ./component/uart/fsl_adapter_usart.o
 .rodata.HAL_UartInitCommon.str1.4
                0x0000830c       0xec ./component/uart/fsl_adapter_usart.o
 .rodata.HAL_UartReceiveBlocking.str1.4
                0x000083f8       0x66 ./component/uart/fsl_adapter_usart.o
 *fill*         0x0000845e        0x2 ff
 .rodata.HAL_UartSendBlocking.str1.4
                0x00008460       0x66 ./component/uart/fsl_adapter_usart.o
 *fill*         0x000084c6        0x2 ff
 .rodata.OSA_MutexCreate.str1.4
                0x000084c8       0x2b ./component/osa/fsl_os_abstraction_bm.o
 *fill*         0x000084f3        0x1 ff
 .rodata.OSA_MutexDestroy.str1.4
                0x000084f4       0x2b ./component/osa/fsl_os_abstraction_bm.o
 *fill*         0x0000851f        0x1 ff
 .rodata.__num_Ciob_streams
                0x00008520        0x4 c:/nxp/mcuxpressoide_11.4.0_6237/ide/plugins/com.nxp.mcuxpresso.tools.win32_11.4.0.202103011116/tools/bin/../lib/gcc/arm-none-eabi/10.2.1/../../../../arm-none-eabi/lib/thumb/v8-m.main+fp/hard\libcr_nohost_nf.a(__ciob.o)
                0x00008520                __num_Ciob_streams
 .rodata.__assertion_failed.str1.1
                0x00008524       0x15 c:/nxp/mcuxpressoide_11.4.0_6237/ide/plugins/com.nxp.mcuxpresso.tools.win32_11.4.0.202103011116/tools/bin/../lib/gcc/arm-none-eabi/10.2.1/../../../../arm-none-eabi/lib/thumb/v8-m.main+fp/hard\libcr_nohost_nf.a(_cr_assert.o)
 .rodata._Csys_alloc.str1.1
                0x00008539       0x18 c:/nxp/mcuxpressoide_11.4.0_6237/ide/plugins/com.nxp.mcuxpresso.tools.win32_11.4.0.202103011116/tools/bin/../lib/gcc/arm-none-eabi/10.2.1/../../../../arm-none-eabi/lib/thumb/v8-m.main+fp/hard\libcr_c.a(alloc.o)
 .rodata._initio.str1.1
                0x00008551        0x4 c:/nxp/mcuxpressoide_11.4.0_6237/ide/plugins/com.nxp.mcuxpresso.tools.win32_11.4.0.202103011116/tools/bin/../lib/gcc/arm-none-eabi/10.2.1/../../../../arm-none-eabi/lib/thumb/v8-m.main+fp/hard\libcr_c.a(initio.o)
                0x00008558                . = ALIGN (0x4)
 *fill*         0x00008555        0x3 ff

.glue_7         0x00008558        0x0
 .glue_7        0x00008558        0x0 linker stubs

.glue_7t        0x00008558        0x0
 .glue_7t       0x00008558        0x0 linker stubs

.vfp11_veneer   0x00008558        0x0
 .vfp11_veneer  0x00008558        0x0 linker stubs

.v4_bx          0x00008558        0x0
 .v4_bx         0x00008558        0x0 linker stubs

.iplt           0x00008558        0x0
 .iplt          0x00008558        0x0 ./utilities/fsl_debug_console.o

.rel.dyn        0x00008558        0x0
 .rel.iplt      0x00008558        0x0 ./utilities/fsl_debug_console.o

.ARM.extab
 *(SORT_BY_ALIGNMENT(.ARM.extab*) SORT_BY_ALIGNMENT(.gnu.linkonce.armextab.*))

.ARM.exidx      0x00008558        0x0
                0x00008558                __exidx_start = .
 *(SORT_BY_ALIGNMENT(.ARM.exidx*) SORT_BY_ALIGNMENT(.gnu.linkonce.armexidx.*))
                0x00008558                __exidx_end = .
                0x00008558                _etext = .

.m_usb_data     0x20010000     0x3510
 *(SORT_BY_ALIGNMENT(m_usb_global))
 m_usb_global   0x20010000     0x3450 ./usb/device/source/lpcip3511/usb_device_lpcip3511.o
 m_usb_global   0x20013450       0x58 ./usb/device/source/usb_device_dci.o
 m_usb_global   0x200134a8       0x50 ./usb/device/class/cdc/usb_device_cdc_acm.o
 m_usb_global   0x200134f8       0x18 ./usb/device/class/usb_device_class.o

.data_RAM2      0x20013510        0x0 load address 0x00008558
 FILL mask 0xff
                [!provide]                PROVIDE (__start_data_RAM2 = .)
                [!provide]                PROVIDE (__start_data_USB_RAM = .)
 *(SORT_BY_ALIGNMENT(.ramfunc.$RAM2))
 *(SORT_BY_ALIGNMENT(.ramfunc.$USB_RAM))
 *(SORT_BY_ALIGNMENT(.data.$RAM2))
 *(SORT_BY_ALIGNMENT(.data.$USB_RAM))
 *(SORT_BY_ALIGNMENT(.data.$RAM2.*))
 *(SORT_BY_ALIGNMENT(.data.$USB_RAM.*))
                0x20013510                . = ALIGN (0x4)
                [!provide]                PROVIDE (__end_data_RAM2 = .)
                [!provide]                PROVIDE (__end_data_USB_RAM = .)

.data_RAM3      0x04000000        0x0 load address 0x00008558
 FILL mask 0xff
                [!provide]                PROVIDE (__start_data_RAM3 = .)
                [!provide]                PROVIDE (__start_data_SRAMX = .)
 *(SORT_BY_ALIGNMENT(.ramfunc.$RAM3))
 *(SORT_BY_ALIGNMENT(.ramfunc.$SRAMX))
 *(SORT_BY_ALIGNMENT(.data.$RAM3))
 *(SORT_BY_ALIGNMENT(.data.$SRAMX))
 *(SORT_BY_ALIGNMENT(.data.$RAM3.*))
 *(SORT_BY_ALIGNMENT(.data.$SRAMX.*))
                0x04000000                . = ALIGN (0x4)
                [!provide]                PROVIDE (__end_data_RAM3 = .)
                [!provide]                PROVIDE (__end_data_SRAMX = .)

.uninit_RESERVED
                0x20000000        0x0
                0x20000000                _start_uninit_RESERVED = .
 *(SORT_BY_ALIGNMENT(.bss.$RESERVED*))
                0x20000000                . = ALIGN (0x4)
                0x20000000                _end_uninit_RESERVED = .

.data           0x20000000      0x148 load address 0x00008558
 FILL mask 0xff
                0x20000000                _data = .
                [!provide]                PROVIDE (__start_data_RAM = .)
                [!provide]                PROVIDE (__start_data_SRAM = .)
 *(SORT_BY_ALIGNMENT(vtable))
 *(SORT_BY_ALIGNMENT(.ramfunc*))
 *(SORT_BY_ALIGNMENT(CodeQuickAccess))
 *(SORT_BY_ALIGNMENT(DataQuickAccess))
 *(SORT_BY_ALIGNMENT(RamFunction))
 *(SORT_BY_ALIGNMENT(.data*))
 .data.s_UsbDeviceInterfaceNullConfig
                0x20000000        0x8 ./source/generated/usb_device_composite.o
 .data.g_CompositeClassConfig
                0x20000008       0x18 ./source/generated/usb_device_composite.o
                0x20000008                g_CompositeClassConfig
 .data.g_UsbDeviceCompositeConfigList
                0x20000020        0xc ./source/generated/usb_device_composite.o
                0x20000020                g_UsbDeviceCompositeConfigList
 .data.g_UsbDeviceInterface0CicVcomSetting0DefaultEndpoints
                0x2000002c        0x6 ./source/generated/usb_device_descriptor.o
                0x2000002c                g_UsbDeviceInterface0CicVcomSetting0DefaultEndpoints
 *fill*         0x20000032        0x2 ff
 .data.g_UsbDeviceInterface0CicVcomInterface
                0x20000034       0x10 ./source/generated/usb_device_descriptor.o
                0x20000034                g_UsbDeviceInterface0CicVcomInterface
 .data.g_UsbDeviceInterface1DicVcomSetting0DefaultEndpoints
                0x20000044        0xc ./source/generated/usb_device_descriptor.o
                0x20000044                g_UsbDeviceInterface1DicVcomSetting0DefaultEndpoints
 .data.g_UsbDeviceInterface1DicVcomInterface
                0x20000050       0x10 ./source/generated/usb_device_descriptor.o
                0x20000050                g_UsbDeviceInterface1DicVcomInterface
 .data.g_UsbDeviceInterface0CicVcomInterfaces
                0x20000060       0x18 ./source/generated/usb_device_descriptor.o
                0x20000060                g_UsbDeviceInterface0CicVcomInterfaces
 .data.g_UsbDeviceInterface0CicVcomInterfaceList
                0x20000078        0x8 ./source/generated/usb_device_descriptor.o
                0x20000078                g_UsbDeviceInterface0CicVcomInterfaceList
 .data.g_UsbDeviceInterface0CicVcomConfig
                0x20000080        0x8 ./source/generated/usb_device_descriptor.o
                0x20000080                g_UsbDeviceInterface0CicVcomConfig
 .data.g_UsbDeviceDescriptor
                0x20000088       0x12 ./source/generated/usb_device_descriptor.o
                0x20000088                g_UsbDeviceDescriptor
 *fill*         0x2000009a        0x2 ff
 .data.g_UsbDeviceConfigurationDescriptor
                0x2000009c       0x4b ./source/generated/usb_device_descriptor.o
                0x2000009c                g_UsbDeviceConfigurationDescriptor
 *fill*         0x200000e7        0x1 ff
 .data.g_UsbDeviceString0
                0x200000e8        0x4 ./source/generated/usb_device_descriptor.o
                0x200000e8                g_UsbDeviceString0
 .data.g_UsbDeviceString1
                0x200000ec        0x8 ./source/generated/usb_device_descriptor.o
                0x200000ec                g_UsbDeviceString1
 .data.g_UsbDeviceString2
                0x200000f4        0xa ./source/generated/usb_device_descriptor.o
                0x200000f4                g_UsbDeviceString2
 *fill*         0x200000fe        0x2 ff
 .data.g_UsbDeviceStringDescriptorLength
                0x20000100        0xc ./source/generated/usb_device_descriptor.o
                0x20000100                g_UsbDeviceStringDescriptorLength
 .data.g_UsbDeviceStringDescriptorArray
                0x2000010c        0xc ./source/generated/usb_device_descriptor.o
                0x2000010c                g_UsbDeviceStringDescriptorArray
 .data.g_UsbDeviceLanguage
                0x20000118        0xc ./source/generated/usb_device_descriptor.o
                0x20000118                g_UsbDeviceLanguage
 .data.g_UsbDeviceLanguageList
                0x20000124       0x10 ./source/generated/usb_device_descriptor.o
                0x20000124                g_UsbDeviceLanguageList
 .data.s_lineCoding
                0x20000134        0x7 ./source/usb_device_interface_0_cic_vcom.o
 *fill*         0x2000013b        0x1 ff
 .data.s_Ext_Clk_Freq
                0x2000013c        0x4 ./drivers/fsl_clock.o
 .data.SystemCoreClock
                0x20000140        0x4 ./device/system_LPC55S16.o
                0x20000140                SystemCoreClock
 .data.CTimerFreq
                0x20000144        0x4 C:\Users\mlboe\Documents\GitHub\LPC55S14_VCOM_NoCrystal\LPC55S16\mcuxpresso\libfro_calib_hardabi.a(fsl_fro_calib_lib.o)
                0x20000144                CTimerFreq
                0x20000148                . = ALIGN (0x4)
                0x20000148                _edata = .
                [!provide]                PROVIDE (__end_data_RAM = .)
                [!provide]                PROVIDE (__end_data_SRAM = .)

.igot.plt       0x20000148        0x0 load address 0x000086a0
 .igot.plt      0x20000148        0x0 ./utilities/fsl_debug_console.o

.bss_RAM2       0x20013510        0x0
                [!provide]                PROVIDE (__start_bss_RAM2 = .)
                [!provide]                PROVIDE (__start_bss_USB_RAM = .)
 *(SORT_BY_ALIGNMENT(.bss.$RAM2))
 *(SORT_BY_ALIGNMENT(.bss.$USB_RAM))
 *(SORT_BY_ALIGNMENT(.bss.$RAM2.*))
 *(SORT_BY_ALIGNMENT(.bss.$USB_RAM.*))
                0x20013510                . = ALIGN ((. != 0x0)?0x4:0x1)
                [!provide]                PROVIDE (__end_bss_RAM2 = .)
                [!provide]                PROVIDE (__end_bss_USB_RAM = .)

.bss_RAM3       0x04000000        0x0
                [!provide]                PROVIDE (__start_bss_RAM3 = .)
                [!provide]                PROVIDE (__start_bss_SRAMX = .)
 *(SORT_BY_ALIGNMENT(.bss.$RAM3))
 *(SORT_BY_ALIGNMENT(.bss.$SRAMX))
 *(SORT_BY_ALIGNMENT(.bss.$RAM3.*))
 *(SORT_BY_ALIGNMENT(.bss.$SRAMX.*))
                0x04000000                . = ALIGN ((. != 0x0)?0x4:0x1)
                [!provide]                PROVIDE (__end_bss_RAM3 = .)
                [!provide]                PROVIDE (__end_bss_SRAMX = .)

.bss            0x20000148      0x35c
                0x20000148                _bss = .
                [!provide]                PROVIDE (__start_bss_RAM = .)
                [!provide]                PROVIDE (__start_bss_SRAM = .)
 *(SORT_BY_ALIGNMENT(.bss*))
 .bss.g_UsbDeviceComposite
                0x20000148       0x28 ./source/generated/usb_device_composite.o
                0x20000148                g_UsbDeviceComposite
 .bss.s_debugConsole
                0x20000170       0x14 ./utilities/fsl_debug_console.o
 .bss.s_EpReservedBufferBits
                0x20000184       0x1a ./usb/device/source/lpcip3511/usb_device_lpcip3511.o
 *fill*         0x2000019e        0x2 
 .bss.s_UsbDeviceLpc3511IpState
                0x200001a0      0x134 ./usb/device/source/lpcip3511/usb_device_lpcip3511.o
 .bss.i.0       0x200002d4        0x4 ./source/USB_VCOM.o
 .bss.s_abstractState
                0x200002d8        0x2 ./source/usb_device_interface_0_cic_vcom.o
 *fill*         0x200002da        0x2 
 .bss.s_countryCode
                0x200002dc        0x2 ./source/usb_device_interface_0_cic_vcom.o
 *fill*         0x200002de        0x2 
 .bss.s_usbCdcAcmInfo
                0x200002e0       0x12 ./source/usb_device_interface_0_cic_vcom.o
 *fill*         0x200002f2        0x2 
 .bss.s_currRecvBuf
                0x200002f4       0x40 ./source/usb_device_interface_0_cic_vcom.o
 .bss.s_currSendBuf
                0x20000334       0x40 ./source/usb_device_interface_0_cic_vcom.o
 .bss.s_recvSize
                0x20000374        0x4 ./source/usb_device_interface_0_cic_vcom.o
 .bss.s_sendSize
                0x20000378        0x4 ./source/usb_device_interface_0_cic_vcom.o
 .bss.s_UsbDeviceComposite
                0x2000037c        0x4 ./source/usb_device_interface_0_cic_vcom.o
 .bss.s_UsbInterface0CicVcom
                0x20000380        0x8 ./source/usb_device_interface_0_cic_vcom.o
 .bss.s_Pll0_Freq
                0x20000388        0x4 ./drivers/fsl_clock.o
 .bss.s_flexcommIrqHandler
                0x2000038c       0x24 ./drivers/fsl_flexcomm.o
 .bss.s_flexcommHandle
                0x200003b0       0x24 ./drivers/fsl_flexcomm.o
 .bss.CTIMER_TC
                0x200003d4        0x4 C:\Users\mlboe\Documents\GitHub\LPC55S14_VCOM_NoCrystal\LPC55S16\mcuxpresso\libfro_calib_hardabi.a(fsl_fro_calib_lib.o)
                0x200003d4                CTIMER_TC
 .bss.CTimerStarted
                0x200003d8        0x4 C:\Users\mlboe\Documents\GitHub\LPC55S14_VCOM_NoCrystal\LPC55S16\mcuxpresso\libfro_calib_hardabi.a(fsl_fro_calib_lib.o)
                0x200003d8                CTimerStarted
 .bss.SOFIRQCount
                0x200003dc        0x4 C:\Users\mlboe\Documents\GitHub\LPC55S14_VCOM_NoCrystal\LPC55S16\mcuxpresso\libfro_calib_hardabi.a(fsl_fro_calib_lib.o)
                0x200003dc                SOFIRQCount
 .bss.pCTIMER   0x200003e0        0x4 C:\Users\mlboe\Documents\GitHub\LPC55S14_VCOM_NoCrystal\LPC55S16\mcuxpresso\libfro_calib_hardabi.a(fsl_fro_calib_lib.o)
                0x200003e0                pCTIMER
 .bss.__Ciob    0x200003e4       0xb4 c:/nxp/mcuxpressoide_11.4.0_6237/ide/plugins/com.nxp.mcuxpresso.tools.win32_11.4.0.202103011116/tools/bin/../lib/gcc/arm-none-eabi/10.2.1/../../../../arm-none-eabi/lib/thumb/v8-m.main+fp/hard\libcr_nohost_nf.a(__ciob.o)
                0x200003e4                __Ciob
 .bss.__end_of_heap
                0x20000498        0x4 c:/nxp/mcuxpressoide_11.4.0_6237/ide/plugins/com.nxp.mcuxpresso.tools.win32_11.4.0.202103011116/tools/bin/../lib/gcc/arm-none-eabi/10.2.1/../../../../arm-none-eabi/lib/thumb/v8-m.main+fp/hard\libcr_c.a(__init_alloc.o)
                0x20000498                __end_of_heap
 .bss.__heaps   0x2000049c        0x4 c:/nxp/mcuxpressoide_11.4.0_6237/ide/plugins/com.nxp.mcuxpresso.tools.win32_11.4.0.202103011116/tools/bin/../lib/gcc/arm-none-eabi/10.2.1/../../../../arm-none-eabi/lib/thumb/v8-m.main+fp/hard\libcr_c.a(__init_alloc.o)
                0x2000049c                __heaps
 .bss.errno     0x200004a0        0x4 c:/nxp/mcuxpressoide_11.4.0_6237/ide/plugins/com.nxp.mcuxpresso.tools.win32_11.4.0.202103011116/tools/bin/../lib/gcc/arm-none-eabi/10.2.1/../../../../arm-none-eabi/lib/thumb/v8-m.main+fp/hard\libcr_c.a(errno.o)
                0x200004a0                errno
 *(SORT_BY_ALIGNMENT(COMMON))
                0x200004a4                . = ALIGN (0x4)
                0x200004a4                _ebss = .
                [!provide]                PROVIDE (__end_bss_RAM = .)
                [!provide]                PROVIDE (__end_bss_SRAM = .)
                [!provide]                PROVIDE (end = .)

.noinit_RAM2    0x20013510        0x0
                [!provide]                PROVIDE (__start_noinit_RAM2 = .)
                [!provide]                PROVIDE (__start_noinit_USB_RAM = .)
 *(SORT_BY_ALIGNMENT(.noinit.$RAM2))
 *(SORT_BY_ALIGNMENT(.noinit.$USB_RAM))
 *(SORT_BY_ALIGNMENT(.noinit.$RAM2.*))
 *(SORT_BY_ALIGNMENT(.noinit.$USB_RAM.*))
                0x20013510                . = ALIGN (0x4)
                [!provide]                PROVIDE (__end_noinit_RAM2 = .)
                [!provide]                PROVIDE (__end_noinit_USB_RAM = .)

.noinit_RAM3    0x04000000        0x0
                [!provide]                PROVIDE (__start_noinit_RAM3 = .)
                [!provide]                PROVIDE (__start_noinit_SRAMX = .)
 *(SORT_BY_ALIGNMENT(.noinit.$RAM3))
 *(SORT_BY_ALIGNMENT(.noinit.$SRAMX))
 *(SORT_BY_ALIGNMENT(.noinit.$RAM3.*))
 *(SORT_BY_ALIGNMENT(.noinit.$SRAMX.*))
                0x04000000                . = ALIGN (0x4)
                [!provide]                PROVIDE (__end_noinit_RAM3 = .)
                [!provide]                PROVIDE (__end_noinit_SRAMX = .)

.noinit         0x200004a4        0x0
                0x200004a4                _noinit = .
                [!provide]                PROVIDE (__start_noinit_RAM = .)
                [!provide]                PROVIDE (__start_noinit_SRAM = .)
 *(SORT_BY_ALIGNMENT(.noinit*))
                0x200004a4                . = ALIGN (0x4)
                0x200004a4                _end_noinit = .
                [!provide]                PROVIDE (__end_noinit_RAM = .)
                [!provide]                PROVIDE (__end_noinit_SRAM = .)
                0x00001000                _HeapSize = 0x1000

.heap           0x200004a4     0x1000
                0x200004a4                _pvHeapStart = .
                0x200014a4                . = (. + _HeapSize)
 *fill*         0x200004a4     0x1000 
                0x200014a4                . = ALIGN (0x4)
                0x200014a4                _pvHeapLimit = .
                0x00001000                _StackSize = 0x1000

.heap2stackfill
                0x200014a4     0x1000
                0x200024a4                . = (. + _StackSize)
 *fill*         0x200014a4     0x1000 

.stack          0x2000f000        0x0
                0x2000f000                _vStackBase = .
                0x2000f000                . = ALIGN (0x4)
                0x20010000                _vStackTop = (. + _StackSize)
                [!provide]                PROVIDE (__valid_user_code_checksum = (0x0 - ((((((_vStackTop + (ResetISR + 0x1)) + (NMI_Handler + 0x1)) + (HardFault_Handler + 0x1)) + (DEFINED (MemManage_Handler)?MemManage_Handler:0x0 + 0x1)) + (DEFINED (BusFault_Handler)?BusFault_Handler:0x0 + 0x1)) + (DEFINED (UsageFault_Handler)?UsageFault_Handler:0x0 + 0x1))))
                0x00000000                _image_start = LOADADDR (.text)
                0x000086a0                _image_end = (LOADADDR (.data) + SIZEOF (.data))
                0x000086a0                _image_size = (_image_end - _image_start)
OUTPUT(USB_VCOM.axf elf32-littlearm)
LOAD linker stubs

.debug_info     0x00000000    0x200b9
 .debug_info    0x00000000      0xc6d ./utilities/fsl_debug_console.o
 .debug_info    0x00000c6d     0x18fc ./usb/device/source/lpcip3511/usb_device_lpcip3511.o
 .debug_info    0x00002569     0x1578 ./usb/device/source/usb_device_ch9.o
 .debug_info    0x00003ae1     0x12ad ./usb/device/source/usb_device_dci.o
 .debug_info    0x00004d8e     0x112b ./usb/device/class/cdc/usb_device_cdc_acm.o
 .debug_info    0x00005eb9      0xe93 ./usb/device/class/usb_device_class.o
 .debug_info    0x00006d4c      0x71a ./startup/startup_lpc55s16.o
 .debug_info    0x00007466     0x2633 ./source/generated/usb_device_composite.o
 .debug_info    0x00009a99      0xf67 ./source/generated/usb_device_descriptor.o
 .debug_info    0x0000aa00      0x906 ./source/USB_VCOM.o
 .debug_info    0x0000b306       0x3c ./source/semihost_hardfault.o
 .debug_info    0x0000b342      0xe1c ./source/usb_device_interface_0_cic_vcom.o
 .debug_info    0x0000c15e     0x3412 ./drivers/fsl_clock.o
 .debug_info    0x0000f570       0xf5 ./drivers/fsl_common_arm.o
 .debug_info    0x0000f665     0x1b4b ./drivers/fsl_flexcomm.o
 .debug_info    0x000111b0     0x17d8 ./drivers/fsl_gpio.o
 .debug_info    0x00012988      0xf81 ./drivers/fsl_reset.o
 .debug_info    0x00013909     0x1767 ./drivers/fsl_usart.o
 .debug_info    0x00015070     0x153d ./device/system_LPC55S16.o
 .debug_info    0x000165ad      0xc35 ./component/uart/fsl_adapter_usart.o
 .debug_info    0x000171e2      0xff3 ./component/osa/fsl_os_abstraction_bm.o
 .debug_info    0x000181d5      0x780 ./board/board.o
 .debug_info    0x00018955     0x19cf ./board/clock_config.o
 .debug_info    0x0001a324       0xb4 ./board/peripherals.o
 .debug_info    0x0001a3d8     0x151c ./board/pin_mux.o
 .debug_info    0x0001b8f4     0x401b C:\Users\mlboe\Documents\GitHub\LPC55S14_VCOM_NoCrystal\LPC55S16\mcuxpresso\libpower_hardabi.a(fsl_power_lib.o)
 .debug_info    0x0001f90f      0x7aa C:\Users\mlboe\Documents\GitHub\LPC55S14_VCOM_NoCrystal\LPC55S16\mcuxpresso\libfro_calib_hardabi.a(fsl_fro_calib_lib.o)

.debug_abbrev   0x00000000     0x3712
 .debug_abbrev  0x00000000      0x239 ./utilities/fsl_debug_console.o
 .debug_abbrev  0x00000239      0x2fa ./usb/device/source/lpcip3511/usb_device_lpcip3511.o
 .debug_abbrev  0x00000533      0x209 ./usb/device/source/usb_device_ch9.o
 .debug_abbrev  0x0000073c      0x1dc ./usb/device/source/usb_device_dci.o
 .debug_abbrev  0x00000918      0x1e8 ./usb/device/class/cdc/usb_device_cdc_acm.o
 .debug_abbrev  0x00000b00      0x1d8 ./usb/device/class/usb_device_class.o
 .debug_abbrev  0x00000cd8      0x165 ./startup/startup_lpc55s16.o
 .debug_abbrev  0x00000e3d      0x31f ./source/generated/usb_device_composite.o
 .debug_abbrev  0x0000115c      0x1db ./source/generated/usb_device_descriptor.o
 .debug_abbrev  0x00001337      0x1bf ./source/USB_VCOM.o
 .debug_abbrev  0x000014f6       0x31 ./source/semihost_hardfault.o
 .debug_abbrev  0x00001527      0x1e8 ./source/usb_device_interface_0_cic_vcom.o
 .debug_abbrev  0x0000170f      0x35a ./drivers/fsl_clock.o
 .debug_abbrev  0x00001a69       0x92 ./drivers/fsl_common_arm.o
 .debug_abbrev  0x00001afb      0x2c0 ./drivers/fsl_flexcomm.o
 .debug_abbrev  0x00001dbb      0x210 ./drivers/fsl_gpio.o
 .debug_abbrev  0x00001fcb      0x15a ./drivers/fsl_reset.o
 .debug_abbrev  0x00002125      0x302 ./drivers/fsl_usart.o
 .debug_abbrev  0x00002427      0x20b ./device/system_LPC55S16.o
 .debug_abbrev  0x00002632      0x1e0 ./component/uart/fsl_adapter_usart.o
 .debug_abbrev  0x00002812      0x368 ./component/osa/fsl_os_abstraction_bm.o
 .debug_abbrev  0x00002b7a       0xb5 ./board/board.o
 .debug_abbrev  0x00002c2f      0x204 ./board/clock_config.o
 .debug_abbrev  0x00002e33       0x5f ./board/peripherals.o
 .debug_abbrev  0x00002e92      0x24e ./board/pin_mux.o
 .debug_abbrev  0x000030e0      0x49e C:\Users\mlboe\Documents\GitHub\LPC55S14_VCOM_NoCrystal\LPC55S16\mcuxpresso\libpower_hardabi.a(fsl_power_lib.o)
 .debug_abbrev  0x0000357e      0x194 C:\Users\mlboe\Documents\GitHub\LPC55S14_VCOM_NoCrystal\LPC55S16\mcuxpresso\libfro_calib_hardabi.a(fsl_fro_calib_lib.o)

.debug_aranges  0x00000000      0xfa0
 .debug_aranges
                0x00000000       0x70 ./utilities/fsl_debug_console.o
 .debug_aranges
                0x00000070       0xd8 ./usb/device/source/lpcip3511/usb_device_lpcip3511.o
 .debug_aranges
                0x00000148       0x78 ./usb/device/source/usb_device_ch9.o
 .debug_aranges
                0x000001c0       0xc8 ./usb/device/source/usb_device_dci.o
 .debug_aranges
                0x00000288       0x78 ./usb/device/class/cdc/usb_device_cdc_acm.o
 .debug_aranges
                0x00000300       0x68 ./usb/device/class/usb_device_class.o
 .debug_aranges
                0x00000368      0x270 ./startup/startup_lpc55s16.o
 .debug_aranges
                0x000005d8       0x88 ./source/generated/usb_device_composite.o
 .debug_aranges
                0x00000660       0x40 ./source/generated/usb_device_descriptor.o
 .debug_aranges
                0x000006a0       0x30 ./source/USB_VCOM.o
 .debug_aranges
                0x000006d0       0x20 ./source/semihost_hardfault.o
 .debug_aranges
                0x000006f0       0x48 ./source/usb_device_interface_0_cic_vcom.o
 .debug_aranges
                0x00000738      0x248 ./drivers/fsl_clock.o
 .debug_aranges
                0x00000980       0x28 ./drivers/fsl_common_arm.o
 .debug_aranges
                0x000009a8       0x90 ./drivers/fsl_flexcomm.o
 .debug_aranges
                0x00000a38       0x38 ./drivers/fsl_gpio.o
 .debug_aranges
                0x00000a70       0x30 ./drivers/fsl_reset.o
 .debug_aranges
                0x00000aa0       0xf8 ./drivers/fsl_usart.o
 .debug_aranges
                0x00000b98       0x88 ./device/system_LPC55S16.o
 .debug_aranges
                0x00000c20       0x58 ./component/uart/fsl_adapter_usart.o
 .debug_aranges
                0x00000c78      0x130 ./component/osa/fsl_os_abstraction_bm.o
 .debug_aranges
                0x00000da8       0x20 ./board/board.o
 .debug_aranges
                0x00000dc8       0x58 ./board/clock_config.o
 .debug_aranges
                0x00000e20       0x30 ./board/peripherals.o
 .debug_aranges
                0x00000e50       0x70 ./board/pin_mux.o
 .debug_aranges
                0x00000ec0       0xa8 C:\Users\mlboe\Documents\GitHub\LPC55S14_VCOM_NoCrystal\LPC55S16\mcuxpresso\libpower_hardabi.a(fsl_power_lib.o)
 .debug_aranges
                0x00000f68       0x38 C:\Users\mlboe\Documents\GitHub\LPC55S14_VCOM_NoCrystal\LPC55S16\mcuxpresso\libfro_calib_hardabi.a(fsl_fro_calib_lib.o)

.debug_ranges   0x00000000      0xf78
 .debug_ranges  0x00000000       0x60 ./utilities/fsl_debug_console.o
 .debug_ranges  0x00000060       0xc8 ./usb/device/source/lpcip3511/usb_device_lpcip3511.o
 .debug_ranges  0x00000128       0x68 ./usb/device/source/usb_device_ch9.o
 .debug_ranges  0x00000190       0xb8 ./usb/device/source/usb_device_dci.o
 .debug_ranges  0x00000248       0x80 ./usb/device/class/cdc/usb_device_cdc_acm.o
 .debug_ranges  0x000002c8       0x58 ./usb/device/class/usb_device_class.o
 .debug_ranges  0x00000320      0x260 ./startup/startup_lpc55s16.o
 .debug_ranges  0x00000580       0xa8 ./source/generated/usb_device_composite.o
 .debug_ranges  0x00000628       0x30 ./source/generated/usb_device_descriptor.o
 .debug_ranges  0x00000658       0x20 ./source/USB_VCOM.o
 .debug_ranges  0x00000678       0x10 ./source/semihost_hardfault.o
 .debug_ranges  0x00000688       0x38 ./source/usb_device_interface_0_cic_vcom.o
 .debug_ranges  0x000006c0      0x238 ./drivers/fsl_clock.o
 .debug_ranges  0x000008f8       0x18 ./drivers/fsl_common_arm.o
 .debug_ranges  0x00000910       0x80 ./drivers/fsl_flexcomm.o
 .debug_ranges  0x00000990       0x28 ./drivers/fsl_gpio.o
 .debug_ranges  0x000009b8       0x20 ./drivers/fsl_reset.o
 .debug_ranges  0x000009d8       0xe8 ./drivers/fsl_usart.o
 .debug_ranges  0x00000ac0       0x78 ./device/system_LPC55S16.o
 .debug_ranges  0x00000b38       0x48 ./component/uart/fsl_adapter_usart.o
 .debug_ranges  0x00000b80      0x120 ./component/osa/fsl_os_abstraction_bm.o
 .debug_ranges  0x00000ca0       0x10 ./board/board.o
 .debug_ranges  0x00000cb0       0x48 ./board/clock_config.o
 .debug_ranges  0x00000cf8       0x20 ./board/peripherals.o
 .debug_ranges  0x00000d18       0x60 ./board/pin_mux.o
 .debug_ranges  0x00000d78      0x1d8 C:\Users\mlboe\Documents\GitHub\LPC55S14_VCOM_NoCrystal\LPC55S16\mcuxpresso\libpower_hardabi.a(fsl_power_lib.o)
 .debug_ranges  0x00000f50       0x28 C:\Users\mlboe\Documents\GitHub\LPC55S14_VCOM_NoCrystal\LPC55S16\mcuxpresso\libfro_calib_hardabi.a(fsl_fro_calib_lib.o)

.debug_macro    0x00000000    0x18e2f
 .debug_macro   0x00000000      0x165 ./utilities/fsl_debug_console.o
 .debug_macro   0x00000165      0xaba ./utilities/fsl_debug_console.o
 .debug_macro   0x00000c1f       0x10 ./utilities/fsl_debug_console.o
 .debug_macro   0x00000c2f       0x16 ./utilities/fsl_debug_console.o
 .debug_macro   0x00000c45       0x10 ./utilities/fsl_debug_console.o
 .debug_macro   0x00000c55      0x12e ./utilities/fsl_debug_console.o
 .debug_macro   0x00000d83       0x28 ./utilities/fsl_debug_console.o
 .debug_macro   0x00000dab       0xc4 ./utilities/fsl_debug_console.o
 .debug_macro   0x00000e6f       0x16 ./utilities/fsl_debug_console.o
 .debug_macro   0x00000e85       0x22 ./utilities/fsl_debug_console.o
 .debug_macro   0x00000ea7      0x5b3 ./utilities/fsl_debug_console.o
 .debug_macro   0x0000145a       0x10 ./utilities/fsl_debug_console.o
 .debug_macro   0x0000146a       0x46 ./utilities/fsl_debug_console.o
 .debug_macro   0x000014b0       0x1c ./utilities/fsl_debug_console.o
 .debug_macro   0x000014cc       0x29 ./utilities/fsl_debug_console.o
 .debug_macro   0x000014f5       0xfb ./utilities/fsl_debug_console.o
 .debug_macro   0x000015f0     0x1336 ./utilities/fsl_debug_console.o
 .debug_macro   0x00002926       0x5e ./utilities/fsl_debug_console.o
 .debug_macro   0x00002984       0x2e ./utilities/fsl_debug_console.o
 .debug_macro   0x000029b2    0x121a2 ./utilities/fsl_debug_console.o
 .debug_macro   0x00014b54      0x3e8 ./utilities/fsl_debug_console.o
 .debug_macro   0x00014f3c       0x7a ./utilities/fsl_debug_console.o
 .debug_macro   0x00014fb6       0xa1 ./utilities/fsl_debug_console.o
 .debug_macro   0x00015057      0x2df ./utilities/fsl_debug_console.o
 .debug_macro   0x00015336       0xba ./utilities/fsl_debug_console.o
 .debug_macro   0x000153f0       0x40 ./utilities/fsl_debug_console.o
 .debug_macro   0x00015430       0x40 ./utilities/fsl_debug_console.o
 .debug_macro   0x00015470      0x318 ./usb/device/source/lpcip3511/usb_device_lpcip3511.o
 .debug_macro   0x00015788       0xbe ./usb/device/source/lpcip3511/usb_device_lpcip3511.o
 .debug_macro   0x00015846      0x1c9 ./usb/device/source/lpcip3511/usb_device_lpcip3511.o
 .debug_macro   0x00015a0f       0x34 ./usb/device/source/lpcip3511/usb_device_lpcip3511.o
 .debug_macro   0x00015a43       0x16 ./usb/device/source/lpcip3511/usb_device_lpcip3511.o
 .debug_macro   0x00015a59       0x52 ./usb/device/source/lpcip3511/usb_device_lpcip3511.o
 .debug_macro   0x00015aab       0x10 ./usb/device/source/lpcip3511/usb_device_lpcip3511.o
 .debug_macro   0x00015abb      0x1c8 ./usb/device/source/usb_device_ch9.o
 .debug_macro   0x00015c83       0x3a ./usb/device/source/usb_device_ch9.o
 .debug_macro   0x00015cbd      0x1cd ./usb/device/source/usb_device_dci.o
 .debug_macro   0x00015e8a       0x10 ./usb/device/source/usb_device_dci.o
 .debug_macro   0x00015e9a       0x46 ./usb/device/source/usb_device_dci.o
 .debug_macro   0x00015ee0      0x1cb ./usb/device/class/cdc/usb_device_cdc_acm.o
 .debug_macro   0x000160ab      0x160 ./usb/device/class/cdc/usb_device_cdc_acm.o
 .debug_macro   0x0001620b      0x1c8 ./usb/device/class/usb_device_class.o
 .debug_macro   0x000163d3       0x29 ./startup/startup_lpc55s16.o
 .debug_macro   0x000163fc      0x1f0 ./source/generated/usb_device_composite.o
 .debug_macro   0x000165ec      0x1f8 ./source/generated/usb_device_composite.o
 .debug_macro   0x000167e4       0x16 ./source/generated/usb_device_composite.o
 .debug_macro   0x000167fa      0x2e8 ./source/generated/usb_device_composite.o
 .debug_macro   0x00016ae2      0x1d7 ./source/generated/usb_device_descriptor.o
 .debug_macro   0x00016cb9       0x10 ./source/generated/usb_device_descriptor.o
 .debug_macro   0x00016cc9      0x26b ./source/USB_VCOM.o
 .debug_macro   0x00016f34       0x2f ./source/USB_VCOM.o
 .debug_macro   0x00016f63       0x10 ./source/USB_VCOM.o
 .debug_macro   0x00016f73       0xfe ./source/USB_VCOM.o
 .debug_macro   0x00017071      0x1f2 ./source/USB_VCOM.o
 .debug_macro   0x00017263      0x2e9 ./source/USB_VCOM.o
 .debug_macro   0x0001754c       0x46 ./source/USB_VCOM.o
 .debug_macro   0x00017592       0x11 ./source/semihost_hardfault.o
 .debug_macro   0x000175a3      0x25a ./source/usb_device_interface_0_cic_vcom.o
 .debug_macro   0x000177fd      0x1e5 ./drivers/fsl_clock.o
 .debug_macro   0x000179e2       0x1c ./drivers/fsl_clock.o
 .debug_macro   0x000179fe      0x2e2 ./drivers/fsl_clock.o
 .debug_macro   0x00017ce0      0x13c ./drivers/fsl_common_arm.o
 .debug_macro   0x00017e1c      0x145 ./drivers/fsl_flexcomm.o
 .debug_macro   0x00017f61       0x10 ./drivers/fsl_flexcomm.o
 .debug_macro   0x00017f71      0x14c ./drivers/fsl_gpio.o
 .debug_macro   0x000180bd      0x13c ./drivers/fsl_reset.o
 .debug_macro   0x000181f9      0x154 ./drivers/fsl_usart.o
 .debug_macro   0x0001834d       0x1c ./drivers/fsl_usart.o
 .debug_macro   0x00018369       0xc1 ./device/system_LPC55S16.o
 .debug_macro   0x0001842a      0x151 ./component/uart/fsl_adapter_usart.o
 .debug_macro   0x0001857b       0x22 ./component/uart/fsl_adapter_usart.o
 .debug_macro   0x0001859d      0x184 ./component/osa/fsl_os_abstraction_bm.o
 .debug_macro   0x00018721       0x10 ./component/osa/fsl_os_abstraction_bm.o
 .debug_macro   0x00018731      0x173 ./board/board.o
 .debug_macro   0x000188a4       0x35 ./board/board.o
 .debug_macro   0x000188d9      0x152 ./board/clock_config.o
 .debug_macro   0x00018a2b      0x1e1 ./board/peripherals.o
 .debug_macro   0x00018c0c       0xd2 ./board/peripherals.o
 .debug_macro   0x00018cde      0x151 ./board/pin_mux.o

.debug_line     0x00000000     0xfc69
 .debug_line    0x00000000      0xc27 ./utilities/fsl_debug_console.o
 .debug_line    0x00000c27     0x1334 ./usb/device/source/lpcip3511/usb_device_lpcip3511.o
 .debug_line    0x00001f5b      0xe25 ./usb/device/source/usb_device_ch9.o
 .debug_line    0x00002d80      0xcca ./usb/device/source/usb_device_dci.o