Archive member included to satisfy reference by file (symbol)

C:\Users\mlboe\Documents\GitHub\LPC55S14_VCOM_NoCrystal\LPC55S16\mcuxpresso\libpower_hardabi.a(fsl_power_lib.o)
                              ./drivers/fsl_clock.o (POWER_SetVoltageForFreq)
C:\Users\mlboe\Documents\GitHub\LPC55S14_VCOM_NoCrystal\LPC55S16\mcuxpresso\libfro_calib_hardabi.a(fsl_fro_calib_lib.o)
                              ./source/USB_VCOM.o (fro_calib_Get_Lib_Ver)
c:/nxp/mcuxpressoide_11.4.0_6237/ide/plugins/com.nxp.mcuxpresso.tools.win32_11.4.0.202103011116/tools/bin/../lib/gcc/arm-none-eabi/10.2.1/../../../../arm-none-eabi/lib/thumb/v8-m.main+fp/hard\libcr_semihost_nf.a(_cr__main.o)
                              ./startup/startup_lpc55s16.o (__main)
c:/nxp/mcuxpressoide_11.4.0_6237/ide/plugins/com.nxp.mcuxpresso.tools.win32_11.4.0.202103011116/tools/bin/../lib/gcc/arm-none-eabi/10.2.1/../../../../arm-none-eabi/lib/thumb/v8-m.main+fp/hard\libcr_semihost_nf.a(_cr_assert.o)
                              ./drivers/fsl_common_arm.o (__assertion_failed)
c:/nxp/mcuxpressoide_11.4.0_6237/ide/plugins/com.nxp.mcuxpresso.tools.win32_11.4.0.202103011116/tools/bin/../lib/gcc/arm-none-eabi/10.2.1/../../../../arm-none-eabi/lib/thumb/v8-m.main+fp/hard\libcr_semihost_nf.a(__ciob.o)
                              c:/nxp/mcuxpressoide_11.4.0_6237/ide/plugins/com.nxp.mcuxpresso.tools.win32_11.4.0.202103011116/tools/bin/../lib/gcc/arm-none-eabi/10.2.1/../../../../arm-none-eabi/lib/thumb/v8-m.main+fp/hard\libcr_semihost_nf.a(_cr_assert.o) (__Ciob)
c:/nxp/mcuxpressoide_11.4.0_6237/ide/plugins/com.nxp.mcuxpresso.tools.win32_11.4.0.202103011116/tools/bin/../lib/gcc/arm-none-eabi/10.2.1/../../../../arm-none-eabi/lib/thumb/v8-m.main+fp/hard\libcr_semihost_nf.a(__sys_appexit.o)
                              c:/nxp/mcuxpressoide_11.4.0_6237/ide/plugins/com.nxp.mcuxpresso.tools.win32_11.4.0.202103011116/tools/bin/../lib/gcc/arm-none-eabi/10.2.1/../../../../arm-none-eabi/lib/thumb/v8-m.main+fp/hard\libcr_semihost_nf.a(_cr_assert.o) (__sys_appexit)
c:/nxp/mcuxpressoide_11.4.0_6237/ide/plugins/com.nxp.mcuxpresso.tools.win32_11.4.0.202103011116/tools/bin/../lib/gcc/arm-none-eabi/10.2.1/../../../../arm-none-eabi/lib/thumb/v8-m.main+fp/hard\libcr_c.a(memcpy.o)
                              ./usb/device/source/lpcip3511/usb_device_lpcip3511.o (memcpy)
c:/nxp/mcuxpressoide_11.4.0_6237/ide/plugins/com.nxp.mcuxpresso.tools.win32_11.4.0.202103011116/tools/bin/../lib/gcc/arm-none-eabi/10.2.1/../../../../arm-none-eabi/lib/thumb/v8-m.main+fp/hard\libcr_c.a(memset.o)
                              ./drivers/fsl_clock.o (memset)
c:/nxp/mcuxpressoide_11.4.0_6237/ide/plugins/com.nxp.mcuxpresso.tools.win32_11.4.0.202103011116/tools/bin/../lib/gcc/arm-none-eabi/10.2.1/../../../../arm-none-eabi/lib/thumb/v8-m.main+fp/hard\libcr_c.a(_deferredlazyseek.o)
                              c:/nxp/mcuxpressoide_11.4.0_6237/ide/plugins/com.nxp.mcuxpresso.tools.win32_11.4.0.202103011116/tools/bin/../lib/gcc/arm-none-eabi/10.2.1/../../../../arm-none-eabi/lib/thumb/v8-m.main+fp/hard\libcr_semihost_nf.a(_cr_assert.o) (__flsbuf)
c:/nxp/mcuxpressoide_11.4.0_6237/ide/plugins/com.nxp.mcuxpresso.tools.win32_11.4.0.202103011116/tools/bin/../lib/gcc/arm-none-eabi/10.2.1/../../../../arm-none-eabi/lib/thumb/v8-m.main+fp/hard\libcr_c.a(_fflush.o)
                              c:/nxp/mcuxpressoide_11.4.0_6237/ide/plugins/com.nxp.mcuxpresso.tools.win32_11.4.0.202103011116/tools/bin/../lib/gcc/arm-none-eabi/10.2.1/../../../../arm-none-eabi/lib/thumb/v8-m.main+fp/hard\libcr_c.a(_deferredlazyseek.o) (_fflush)
c:/nxp/mcuxpressoide_11.4.0_6237/ide/plugins/com.nxp.mcuxpresso.tools.win32_11.4.0.202103011116/tools/bin/../lib/gcc/arm-none-eabi/10.2.1/../../../../arm-none-eabi/lib/thumb/v8-m.main+fp/hard\libcr_c.a(_writebuf.o)
                              c:/nxp/mcuxpressoide_11.4.0_6237/ide/plugins/com.nxp.mcuxpresso.tools.win32_11.4.0.202103011116/tools/bin/../lib/gcc/arm-none-eabi/10.2.1/../../../../arm-none-eabi/lib/thumb/v8-m.main+fp/hard\libcr_c.a(_deferredlazyseek.o) (_Cwritebuf)
c:/nxp/mcuxpressoide_11.4.0_6237/ide/plugins/com.nxp.mcuxpresso.tools.win32_11.4.0.202103011116/tools/bin/../lib/gcc/arm-none-eabi/10.2.1/../../../../arm-none-eabi/lib/thumb/v8-m.main+fp/hard\libcr_c.a(alloc.o)
                              ./drivers/fsl_common.o (malloc)
c:/nxp/mcuxpressoide_11.4.0_6237/ide/plugins/com.nxp.mcuxpresso.tools.win32_11.4.0.202103011116/tools/bin/../lib/gcc/arm-none-eabi/10.2.1/../../../../arm-none-eabi/lib/thumb/v8-m.main+fp/hard\libcr_c.a(fputs.o)
                              c:/nxp/mcuxpressoide_11.4.0_6237/ide/plugins/com.nxp.mcuxpresso.tools.win32_11.4.0.202103011116/tools/bin/../lib/gcc/arm-none-eabi/10.2.1/../../../../arm-none-eabi/lib/thumb/v8-m.main+fp/hard\libcr_semihost_nf.a(_cr_assert.o) (fputs)
[...]
Memory Configuration

Name             Origin             Length             Attributes
PROGRAM_FLASH    0x00000000         0x00038000         xr
SRAM             0x20000000         0x00010000         xrw
USB_RAM          0x20010000         0x00004000         xrw
SRAMX            0x04000000         0x00004000         xrw
*default*        0x00000000         0xffffffff

Linker script and memory map

LOAD ./utilities/fsl_debug_console.o
LOAD ./usb/phy/usb_phy.o
LOAD ./usb/device/source/lpcip3511/usb_device_lpcip3511.o
LOAD ./usb/device/source/usb_device_ch9.o
LOAD ./usb/device/source/usb_device_dci.o
LOAD ./usb/device/class/cdc/usb_device_cdc_acm.o
LOAD ./usb/device/class/usb_device_class.o
LOAD ./startup/startup_lpc55s16.o
LOAD ./source/generated/usb_device_composite.o
LOAD ./source/generated/usb_device_descriptor.o
LOAD ./source/USB_VCOM.o
LOAD ./source/semihost_hardfault.o
LOAD ./source/usb_device_interface_0_cic_vcom.o
LOAD ./drivers/fsl_clock.o
LOAD ./drivers/fsl_common.o
LOAD ./drivers/fsl_common_arm.o
LOAD ./drivers/fsl_flexcomm.o
LOAD ./drivers/fsl_gpio.o
LOAD ./drivers/fsl_i2c.o
LOAD ./drivers/fsl_reset.o
LOAD ./drivers/fsl_usart.o
LOAD ./device/system_LPC55S16.o
LOAD ./component/uart/fsl_adapter_usart.o
LOAD ./component/serial_manager/fsl_component_serial_manager.o
LOAD ./component/serial_manager/fsl_component_serial_port_uart.o
LOAD ./component/osa/fsl_os_abstraction_bm.o
LOAD ./component/lists/fsl_component_generic_list.o
LOAD ./board/board.o
LOAD ./board/clock_config.o
LOAD ./board/peripherals.o
LOAD ./board/pin_mux.o
LOAD ./LPC55S16/drivers/fsl_power.o
LOAD C:\Users\mlboe\Documents\GitHub\LPC55S14_VCOM_NoCrystal\LPC55S16\mcuxpresso\libpower_hardabi.a
LOAD C:\Users\mlboe\Documents\GitHub\LPC55S14_VCOM_NoCrystal\LPC55S16\mcuxpresso\libfro_calib_hardabi.a
LOAD C:\Users\mlboe\Documents\GitHub\LPC55S14_VCOM_NoCrystal\LPC55S16\mcuxpresso\libfro_calib_softabi.a
START GROUP
LOAD c:/nxp/mcuxpressoide_11.4.0_6237/ide/plugins/com.nxp.mcuxpresso.tools.win32_11.4.0.202103011116/tools/bin/../lib/gcc/arm-none-eabi/10.2.1/../../../../arm-none-eabi/lib/thumb/v8-m.main+fp/hard\libcr_semihost_nf.a
LOAD c:/nxp/mcuxpressoide_11.4.0_6237/ide/plugins/com.nxp.mcuxpresso.tools.win32_11.4.0.202103011116/tools/bin/../lib/gcc/arm-none-eabi/10.2.1/../../../../arm-none-eabi/lib/thumb/v8-m.main+fp/hard\libcr_c.a
LOAD c:/nxp/mcuxpressoide_11.4.0_6237/ide/plugins/com.nxp.mcuxpresso.tools.win32_11.4.0.202103011116/tools/bin/../lib/gcc/arm-none-eabi/10.2.1/thumb/v8-m.main+fp/hard\libcr_eabihelpers.a
LOAD c:/nxp/mcuxpressoide_11.4.0_6237/ide/plugins/com.nxp.mcuxpresso.tools.win32_11.4.0.202103011116/tools/bin/../lib/gcc/arm-none-eabi/10.2.1/thumb/v8-m.main+fp/hard\libgcc.a
END GROUP
                0x00000000                __base_PROGRAM_FLASH = 0x0
                0x00000000                __base_Flash = 0x0
                0x00038000                __top_PROGRAM_FLASH = 0x38000
                0x00038000                __top_Flash = 0x38000
                0x20000000                __base_SRAM = 0x20000000
                0x20000000                __base_RAM = 0x20000000
                0x20010000                __top_SRAM = 0x20010000
                0x20010000                __top_RAM = 0x20010000
                0x20010000                __base_USB_RAM = 0x20010000
                0x20010000                __base_RAM2 = 0x20010000
                0x20014000                __top_USB_RAM = 0x20014000
                0x20014000                __top_RAM2 = 0x20014000
                0x04000000                __base_SRAMX = 0x4000000
                0x04000000                __base_RAM3 = 0x4000000
                0x04004000                __top_SRAMX = 0x4004000
                0x04004000                __top_RAM3 = 0x4004000

.text           0x00000000     0x828c
 FILL mask 0xff
                0x00000000                __vectors_start__ = ABSOLUTE (.)
 *(SORT_BY_ALIGNMENT(.isr_vector))
 .isr_vector    0x00000000      0x134 ./startup/startup_lpc55s16.o
                0x00000000                g_pfnVectors
                0x00000000                __Vectors
                0x00000134                . = ALIGN (0x4)
                0x00000134                __section_table_start = .
                0x00000134                __data_section_table = .
                0x00000134        0x4 LONG 0x828c LOADADDR (.data)
                0x00000138        0x4 LONG 0x20000000 ADDR (.data)
                0x0000013c        0x4 LONG 0x148 SIZEOF (.data)
                0x00000140        0x4 LONG 0x828c LOADADDR (.data_RAM2)
                0x00000144        0x4 LONG 0x20013510 ADDR (.data_RAM2)
                0x00000148        0x4 LONG 0x0 SIZEOF (.data_RAM2)
                0x0000014c        0x4 LONG 0x828c LOADADDR (.data_RAM3)
                0x00000150        0x4 LONG 0x4000000 ADDR (.data_RAM3)
                0x00000154        0x4 LONG 0x0 SIZEOF (.data_RAM3)
                0x00000158                __data_section_table_end = .
                0x00000158                __bss_section_table = .
                0x00000158        0x4 LONG 0x20000148 ADDR (.bss)
                0x0000015c        0x4 LONG 0x360 SIZEOF (.bss)
                0x00000160        0x4 LONG 0x20013510 ADDR (.bss_RAM2)
                0x00000164        0x4 LONG 0x0 SIZEOF (.bss_RAM2)
                0x00000168        0x4 LONG 0x4000000 ADDR (.bss_RAM3)
                0x0000016c        0x4 LONG 0x0 SIZEOF (.bss_RAM3)
                0x00000170                __bss_section_table_end = .
                0x00000170                __section_table_end = .
 *(SORT_BY_ALIGNMENT(.after_vectors*))
 .after_vectors.reset
                0x00000170       0x68 ./startup/startup_lpc55s16.o
                0x00000170                ResetISR
 .after_vectors.init_data
                0x000001d8       0x1e ./startup/startup_lpc55s16.o
                0x000001d8                data_init
 .after_vectors.init_bss
                0x000001f6       0x12 ./startup/startup_lpc55s16.o
                0x000001f6                bss_init
 .after_vectors
                0x00000208       0x16 ./startup/startup_lpc55s16.o
                0x00000208                NMI_Handler
                0x0000020c                MemManage_Handler
                0x0000020e                BusFault_Handler
                0x00000210                UsageFault_Handler
                0x00000212                SecureFault_Handler
                0x00000214                SVC_Handler
                0x00000216                DebugMon_Handler
                0x00000218                PendSV_Handler
                0x0000021a                SysTick_Handler
                0x0000021c                PIN_INT3_DriverIRQHandler
                0x0000021c                CAN0_IRQ0_DriverIRQHandler
                0x0000021c                Reserved56_DriverIRQHandler
                0x0000021c                PIN_INT0_DriverIRQHandler
                0x0000021c                CTIMER2_DriverIRQHandler
                0x0000021c                PIN_INT2_DriverIRQHandler
                0x0000021c                Reserved73_DriverIRQHandler
                0x0000021c                IntDefaultHandler
                0x0000021c                USB0_DriverIRQHandler
                0x0000021c                CASER_DriverIRQHandler
                0x0000021c                MRT0_DriverIRQHandler
                0x0000021c                UTICK0_DriverIRQHandler
                0x0000021c                Reserved41_DriverIRQHandler
                0x0000021c                PIN_INT4_DriverIRQHandler
                0x0000021c                PIN_INT5_DriverIRQHandler
                0x0000021c                SEC_GPIO_INT0_IRQ0_DriverIRQHandler
                0x0000021c                Reserved47_DriverIRQHandler
                0x0000021c                CTIMER4_DriverIRQHandler
                0x0000021c                GINT1_DriverIRQHandler
                0x0000021c                SEC_VIO_DriverIRQHandler
                0x0000021c                Reserved55_DriverIRQHandler
                0x0000021c                HASHCRYPT_DriverIRQHandler
                0x0000021c                CAN0_IRQ1_DriverIRQHandler
                0x0000021c                USB0_NEEDCLK_DriverIRQHandler
                0x0000021c                CTIMER0_DriverIRQHandler
                0x0000021c                CTIMER1_DriverIRQHandler
                0x0000021c                Reserved42_DriverIRQHandler
                0x0000021c                PIN_INT6_DriverIRQHandler
                0x0000021c                PIN_INT1_DriverIRQHandler
                0x0000021c                CTIMER3_DriverIRQHandler
                0x0000021c                Reserved61_DriverIRQHandler
                0x0000021c                SEC_GPIO_INT0_IRQ1_DriverIRQHandler
                0x0000021c                PUF_DriverIRQHandler
                0x0000021c                RTC_DriverIRQHandler
                0x0000021c                DMA0_DriverIRQHandler
                0x0000021c                CDOG_DriverIRQHandler
                0x0000021c                Reserved39_DriverIRQHandler
                0x0000021c                USB1_DriverIRQHandler
                0x0000021c                DMA1_DriverIRQHandler
                0x0000021c                ADC0_DriverIRQHandler
                0x0000021c                USB1_NEEDCLK_DriverIRQHandler
                0x0000021c                GINT0_DriverIRQHandler
                0x0000021c                USB1_PHY_DriverIRQHandler
                0x0000021c                ACMP_DriverIRQHandler
                0x0000021c                Reserved58_DriverIRQHandler
                0x0000021c                Reserved57_DriverIRQHandler
                0x0000021c                PIN_INT7_DriverIRQHandler
                0x0000021c                Reserved46_DriverIRQHandler
                0x0000021c                WDT_BOD_DriverIRQHandler
                0x0000021c                SCT0_DriverIRQHandler
                0x0000021c                PLU_DriverIRQHandler
                0x0000021c                OS_EVENT_DriverIRQHandler
                0x0000021c                SEC_HYPERVISOR_CALL_DriverIRQHandler
 *(SORT_BY_ALIGNMENT(.text*))
 *fill*         0x0000021e        0x2 ff
 .text.USB_DeviceLpcIp3511MallocMaxPacketBuffer
                0x00000220       0xf4 ./usb/device/source/lpcip3511/usb_device_lpcip3511.o
 .text.USB_DeviceLpcIp3511ReleaseMaxPacketBuffer
                0x00000314       0x98 ./usb/device/source/lpcip3511/usb_device_lpcip3511.o
 .text.USB_DeviceLpc3511IpSetDefaultState
                0x000003ac       0xd0 ./usb/device/source/lpcip3511/usb_device_lpcip3511.o
 .text.USB_DeviceLpc3511IpInit
                0x0000047c       0xf4 ./usb/device/source/lpcip3511/usb_device_lpcip3511.o
                0x0000047c                USB_DeviceLpc3511IpInit
 .text.USB_DeviceLpc3511IpDeinit
                0x00000570       0x8c ./usb/device/source/lpcip3511/usb_device_lpcip3511.o
                0x00000570                USB_DeviceLpc3511IpDeinit
 .text.USB_DeviceLpc3511IpControl
                0x000005fc      0x250 ./usb/device/source/lpcip3511/usb_device_lpcip3511.o
                0x000005fc                USB_DeviceLpc3511IpControl
 .text.USB_DeviceControlCallback
                0x0000084c      0x3e4 ./usb/device/source/usb_device_ch9.o
 .text.USB_DeviceControlPipeInit
                0x00000c30       0x7c ./usb/device/source/usb_device_ch9.o
                0x00000c30                USB_DeviceControlPipeInit
 .text.USB_DeviceAllocateHandle
                0x00000cac       0xc4 ./usb/device/source/usb_device_dci.o
 .text.USB_DeviceGetControllerInterface
                0x00000d70       0x48 ./usb/device/source/usb_device_dci.o
 .text.USB_DeviceGetStatus
                0x00000db8       0xcc ./usb/device/source/usb_device_dci.o
                0x00000db8                USB_DeviceGetStatus
 .text.USB_DeviceSetStatus
                0x00000e84      0x118 ./usb/device/source/usb_device_dci.o
                0x00000e84                USB_DeviceSetStatus
 .text.USB_DeviceCdcAcmAllocateHandle
                0x00000f9c       0x58 ./usb/device/class/cdc/usb_device_cdc_acm.o
 .text.USB_DeviceCdcAcmEndpointsInit
                0x00000ff4      0x3c0 ./usb/device/class/cdc/usb_device_cdc_acm.o
 .text.USB_DeviceCdcAcmEvent
                0x000013b4      0x71c ./usb/device/class/cdc/usb_device_cdc_acm.o
                0x000013b4                USB_DeviceCdcAcmEvent
 .text.USB_DeviceClassAllocateHandle
                0x00001ad0       0xc8 ./usb/device/class/usb_device_class.o
 .text.USB_DeviceClassFreeHandle
                0x00001b98       0x90 ./usb/device/class/usb_device_class.o
 .text.USB_DeviceClassGetHandleByDeviceHandle
                0x00001c28       0x64 ./usb/device/class/usb_device_class.o
 .text.USB_DeviceClassGetDeviceHandle
                0x00001c8c       0x78 ./usb/device/class/usb_device_class.o
                0x00001c8c                USB_DeviceClassGetDeviceHandle
 .text.USB_DeviceClassEvent
                0x00001d04       0xdc ./usb/device/class/usb_device_class.o
                0x00001d04                USB_DeviceClassEvent
 .text.USB_DeviceClassInit
                0x00001de0      0x118 ./usb/device/class/usb_device_class.o
                0x00001de0                USB_DeviceClassInit
 .text.__NVIC_EnableIRQ
                0x00001ef8       0x3c ./source/generated/usb_device_composite.o
 .text.__NVIC_SetPriority
                0x00001f34       0x54 ./source/generated/usb_device_composite.o
 .text.POWER_DisablePD
                0x00001f88       0x20 ./source/generated/usb_device_composite.o
 .text.USB0_GetClockSource
                0x00001fa8       0x5c ./source/generated/usb_device_composite.o
 .text.USB0_IRQHandler
                0x00002004       0x18 ./source/generated/usb_device_composite.o
                0x00002004                USB0_IRQHandler
 .text.USB_DeviceClockInit
                0x0000201c       0x84 ./source/generated/usb_device_composite.o
 .text.USB_DeviceCallback
                0x000020a0      0x1fc ./source/generated/usb_device_composite.o
 .text.USB_UpdateInterfaceSetting
                0x0000229c       0x68 ./source/generated/usb_device_composite.o
 .text.USB_DeviceApplicationInit
                0x00002304       0x78 ./source/generated/usb_device_composite.o
                0x00002304                USB_DeviceApplicationInit
 .text.USB_DeviceGetDeviceDescriptor
                0x0000237c       0x28 ./source/generated/usb_device_descriptor.o
                0x0000237c                USB_DeviceGetDeviceDescriptor
 .text.USB_DeviceGetConfigurationDescriptor
                0x000023a4       0x34 ./source/generated/usb_device_descriptor.o
                0x000023a4                USB_DeviceGetConfigurationDescriptor
 .text.USB_DeviceGetStringDescriptor
                0x000023d8       0xc0 ./source/generated/usb_device_descriptor.o
                0x000023d8                USB_DeviceGetStringDescriptor
 .text.USB_CrystalLessInit
                0x00002498       0x34 ./source/USB_VCOM.o
                0x00002498                USB_CrystalLessInit
 .text.main     0x000024cc       0x98 ./source/USB_VCOM.o
                0x000024cc                main
 .text.USB_DeviceInterface0CicVcomTask
                0x00002564       0xe8 ./source/usb_device_interface_0_cic_vcom.o
                0x00002564                USB_DeviceInterface0CicVcomTask
 .text.USB_DeviceInterface0CicVcomCallback
                0x0000264c      0x38c ./source/usb_device_interface_0_cic_vcom.o
                0x0000264c                USB_DeviceInterface0CicVcomCallback
 .text.USB_DeviceInterface0CicVcomSetConfiguration
                0x000029d8       0x34 ./source/usb_device_interface_0_cic_vcom.o
                0x000029d8                USB_DeviceInterface0CicVcomSetConfiguration
 .text.USB_DeviceInterface0CicVcomInit
                0x00002a0c       0x30 ./source/usb_device_interface_0_cic_vcom.o
                0x00002a0c                USB_DeviceInterface0CicVcomInit
 .text.USB_CommandParse
                0x00002a3c      0x198 ./source/usb_device_interface_0_cic_vcom.o
                0x00002a3c                USB_CommandParse
 .text.POWER_EnablePD
                0x00002bd4       0x20 ./drivers/fsl_clock.o
 .text.POWER_DisablePD
                0x00002bf4       0x20 ./drivers/fsl_clock.o
 .text.CLOCK_AttachClk
                0x00002c14       0xc0 ./drivers/fsl_clock.o
                0x00002c14                CLOCK_AttachClk
 .text.CLOCK_SetClkDiv
                0x00002cd4       0x80 ./drivers/fsl_clock.o
                0x00002cd4                CLOCK_SetClkDiv
 .text.CLOCK_SetupFROClocking
                0x00002d54       0x74 ./drivers/fsl_clock.o
                0x00002d54                CLOCK_SetupFROClocking
 .text.CLOCK_SetFLASHAccessCyclesForFreq
                0x00002dc8       0xa0 ./drivers/fsl_clock.o
                0x00002dc8                CLOCK_SetFLASHAccessCyclesForFreq
 .text.CLOCK_GetFro1MFreq
                0x00002e68       0x28 ./drivers/fsl_clock.o
                0x00002e68                CLOCK_GetFro1MFreq
 .text.CLOCK_GetExtClkFreq
                0x00002e90       0x2c ./drivers/fsl_clock.o
                0x00002e90                CLOCK_GetExtClkFreq
 .text.CLOCK_GetOsc32KFreq
                0x00002ebc       0x58 ./drivers/fsl_clock.o
                0x00002ebc                CLOCK_GetOsc32KFreq
 .text.CLOCK_GetPLL0InClockRate
                0x00002f14       0x64 ./drivers/fsl_clock.o
                0x00002f14                CLOCK_GetPLL0InClockRate
 .text.CLOCK_SetPLL0Freq
                0x00002f78      0x12c ./drivers/fsl_clock.o
                0x00002f78                CLOCK_SetPLL0Freq
 .text.SDK_DelayAtLeastUs
                0x000030a4       0x8c ./drivers/fsl_common_arm.o
                0x000030a4                SDK_DelayAtLeastUs
 .text.FLEXCOMM_GetInstance
                0x00003130       0x50 ./drivers/fsl_flexcomm.o
                0x00003130                FLEXCOMM_GetInstance
 .text.FLEXCOMM0_DriverIRQHandler
                0x00003180       0x5c ./drivers/fsl_flexcomm.o
                0x00003180                FLEXCOMM0_DriverIRQHandler
 .text.FLEXCOMM1_DriverIRQHandler
                0x000031dc       0x5c ./drivers/fsl_flexcomm.o
                0x000031dc                FLEXCOMM1_DriverIRQHandler
 .text.FLEXCOMM2_DriverIRQHandler
                0x00003238       0x5c ./drivers/fsl_flexcomm.o
                0x00003238                FLEXCOMM2_DriverIRQHandler
 .text.FLEXCOMM3_DriverIRQHandler
                0x00003294       0x5c ./drivers/fsl_flexcomm.o
                0x00003294                FLEXCOMM3_DriverIRQHandler
 .text.FLEXCOMM4_DriverIRQHandler
                0x000032f0       0x5c ./drivers/fsl_flexcomm.o
                0x000032f0                FLEXCOMM4_DriverIRQHandler
 .text.FLEXCOMM5_DriverIRQHandler
                0x0000334c       0x5c ./drivers/fsl_flexcomm.o
                0x0000334c                FLEXCOMM5_DriverIRQHandler
 .text.FLEXCOMM6_DriverIRQHandler
                0x000033a8       0x5c ./drivers/fsl_flexcomm.o
                0x000033a8                FLEXCOMM6_DriverIRQHandler
 .text.FLEXCOMM7_DriverIRQHandler
                0x00003404       0x5c ./drivers/fsl_flexcomm.o
                0x00003404                FLEXCOMM7_DriverIRQHandler
 .text.FLEXCOMM8_DriverIRQHandler
                0x00003460       0x5c ./drivers/fsl_flexcomm.o
                0x00003460                FLEXCOMM8_DriverIRQHandler
 .text.GPIO_EnablePortClock
                0x000034bc       0x34 ./drivers/fsl_gpio.o
 .text.GPIO_PortInit
                0x000034f0       0x2c ./drivers/fsl_gpio.o
                0x000034f0                GPIO_PortInit
 .text.RESET_SetPeripheralReset
                0x0000351c       0x5c ./drivers/fsl_reset.o
                0x0000351c                RESET_SetPeripheralReset
 .text.RESET_ClearPeripheralReset
                0x00003578       0x60 ./drivers/fsl_reset.o
                0x00003578                RESET_ClearPeripheralReset
 .text.SystemInit
                0x000035d8       0xac ./device/system_LPC55S16.o
                0x000035d8                SystemInit
 .text.OSA_MutexCreate
                0x00003684       0x34 ./component/osa/fsl_os_abstraction_bm.o
                0x00003684                OSA_MutexCreate
 .text.OSA_MutexDestroy
                0x000036b8       0x30 ./component/osa/fsl_os_abstraction_bm.o
                0x000036b8                OSA_MutexDestroy
 .text.BOARD_InitDebugConsole
                0x000036e8       0x38 ./board/board.o
                0x000036e8                BOARD_InitDebugConsole
 .text.POWER_DisablePD
                0x00003720       0x20 ./board/clock_config.o
 .text.BOARD_BootClockPLL150M
                0x00003740      0x124 ./board/clock_config.o
                0x00003740                BOARD_BootClockPLL150M
 .text.BOARD_InitDEBUG_UARTPins
                0x00003864       0x8c ./board/pin_mux.o
                0x00003864                BOARD_InitDEBUG_UARTPins
 .text.lowpower_set_system_voltage
                0x000038f0       0xa0 C:\Users\mlboe\Documents\GitHub\LPC55S14_VCOM_NoCrystal\LPC55S16\mcuxpresso\libpower_hardabi.a(fsl_power_lib.o)
 .text.lowpower_set_voltage_for_process
                0x00003990       0x84 C:\Users\mlboe\Documents\GitHub\LPC55S14_VCOM_NoCrystal\LPC55S16\mcuxpresso\libpower_hardabi.a(fsl_power_lib.o)
 .text.POWER_SetVoltageForFreq
                0x00003a14       0x84 C:\Users\mlboe\Documents\GitHub\LPC55S14_VCOM_NoCrystal\LPC55S16\mcuxpresso\libpower_hardabi.a(fsl_power_lib.o)
                0x00003a14                POWER_SetVoltageForFreq
 .text.Chip_TIMER_Instance_Freq
                0x00003a98       0x14 C:\Users\mlboe\Documents\GitHub\LPC55S14_VCOM_NoCrystal\LPC55S16\mcuxpresso\libfro_calib_hardabi.a(fsl_fro_calib_lib.o)
                0x00003a98                Chip_TIMER_Instance_Freq
 .text.CalibrationFROClock
                0x00003aac       0x78 C:\Users\mlboe\Documents\GitHub\LPC55S14_VCOM_NoCrystal\LPC55S16\mcuxpresso\libfro_calib_hardabi.a(fsl_fro_calib_lib.o)
                0x00003aac                CalibrationFROClock
 .text.USB_SOF_Event
                0x00003b24       0x50 C:\Users\mlboe\Documents\GitHub\LPC55S14_VCOM_NoCrystal\LPC55S16\mcuxpresso\libfro_calib_hardabi.a(fsl_fro_calib_lib.o)
                0x00003b24                USB_SOF_Event
 .text.__assertion_failed
                0x00003b74       0x4c c:/nxp/mcuxpressoide_11.4.0_6237/ide/plugins/com.nxp.mcuxpresso.tools.win32_11.4.0.202103011116/tools/bin/../lib/gcc/arm-none-eabi/10.2.1/../../../../arm-none-eabi/lib/thumb/v8-m.main+fp/hard\libcr_semihost_nf.a(_cr_assert.o)
                0x00003b74                __assertion_failed
 .text.__sys_appexit
                0x00003bc0        0xc c:/nxp/mcuxpressoide_11.4.0_6237/ide/plugins/com.nxp.mcuxpresso.tools.win32_11.4.0.202103011116/tools/bin/../lib/gcc/arm-none-eabi/10.2.1/../../../../arm-none-eabi/lib/thumb/v8-m.main+fp/hard\libcr_semihost_nf.a(__sys_appexit.o)
                0x00003bc0                __sys_appexit
                0x00003bc0                __exit
 .text._Cwritebuf
                0x00003bcc       0x6c c:/nxp/mcuxpressoide_11.4.0_6237/ide/plugins/com.nxp.mcuxpresso.tools.win32_11.4.0.202103011116/tools/bin/../lib/gcc/arm-none-eabi/10.2.1/../../../../arm-none-eabi/lib/thumb/v8-m.main+fp/hard\libcr_c.a(_writebuf.o)
                0x00003bcc                _Cwritebuf
 .text.malloc   0x00003c38       0xc8 c:/nxp/mcuxpressoide_11.4.0_6237/ide/plugins/com.nxp.mcuxpresso.tools.win32_11.4.0.202103011116/tools/bin/../lib/gcc/arm-none-eabi/10.2.1/../../../../arm-none-eabi/lib/thumb/v8-m.main+fp/hard\libcr_c.a(alloc.o)
                0x00003c38                malloc
 .text._Csys_alloc
                0x00003d00       0x20 c:/nxp/mcuxpressoide_11.4.0_6237/ide/plugins/com.nxp.mcuxpresso.tools.win32_11.4.0.202103011116/tools/bin/../lib/gcc/arm-none-eabi/10.2.1/../../../../arm-none-eabi/lib/thumb/v8-m.main+fp/hard\libcr_c.a(alloc.o)
                0x00003d00                _Csys_alloc
 .text.fseek    0x00003d20      0x100 c:/nxp/mcuxpressoide_11.4.0_6237/ide/plugins/com.nxp.mcuxpresso.tools.win32_11.4.0.202103011116/tools/bin/../lib/gcc/arm-none-eabi/10.2.1/../../../../arm-none-eabi/lib/thumb/v8-m.main+fp/hard\libcr_c.a(fseek.o)
                0x00003d20                fseek
 .text.ftell    0x00003e20       0x44 c:/nxp/mcuxpressoide_11.4.0_6237/ide/plugins/com.nxp.mcuxpresso.tools.win32_11.4.0.202103011116/tools/bin/../lib/gcc/arm-none-eabi/10.2.1/../../../../arm-none-eabi/lib/thumb/v8-m.main+fp/hard\libcr_c.a(ftell.o)
                0x00003e20                ftell
 .text._initio  0x00003e64       0x78 c:/nxp/mcuxpressoide_11.4.0_6237/ide/plugins/com.nxp.mcuxpresso.tools.win32_11.4.0.202103011116/tools/bin/../lib/gcc/arm-none-eabi/10.2.1/../../../../arm-none-eabi/lib/thumb/v8-m.main+fp/hard\libcr_c.a(initio.o)
                0x00003e64                _initio
 .text.__vfprintf
                0x00003edc      0xbec c:/nxp/mcuxpressoide_11.4.0_6237/ide/plugins/com.nxp.mcuxpresso.tools.win32_11.4.0.202103011116/tools/bin/../lib/gcc/arm-none-eabi/10.2.1/../../../../arm-none-eabi/lib/thumb/v8-m.main+fp/hard\libcr_c.a(printf.o)
                0x00003edc                __vfprintf
 .text._vsnprintf
                0x00004ac8       0x68 c:/nxp/mcuxpressoide_11.4.0_6237/ide/plugins/com.nxp.mcuxpresso.tools.win32_11.4.0.202103011116/tools/bin/../lib/gcc/arm-none-eabi/10.2.1/../../../../arm-none-eabi/lib/thumb/v8-m.main+fp/hard\libcr_c.a(printf.o)
                0x00004ac8                _vsnprintf
 .text._printf  0x00004b30       0x54 c:/nxp/mcuxpressoide_11.4.0_6237/ide/plugins/com.nxp.mcuxpresso.tools.win32_11.4.0.202103011116/tools/bin/../lib/gcc/arm-none-eabi/10.2.1/../../../../arm-none-eabi/lib/thumb/v8-m.main+fp/hard\libcr_c.a(printf.o)
                0x00004b30                _printf
 .text._sbrk    0x00004b84       0x3c c:/nxp/mcuxpressoide_11.4.0_6237/ide/plugins/com.nxp.mcuxpresso.tools.win32_11.4.0.202103011116/tools/bin/../lib/gcc/arm-none-eabi/10.2.1/../../../../arm-none-eabi/lib/thumb/v8-m.main+fp/hard\libcr_c.a(_cr_sbrk.o)
                0x00004b84                _sbrk
 .text.fflush   0x00004bc0       0x3c c:/nxp/mcuxpressoide_11.4.0_6237/ide/plugins/com.nxp.mcuxpresso.tools.win32_11.4.0.202103011116/tools/bin/../lib/gcc/arm-none-eabi/10.2.1/../../../../arm-none-eabi/lib/thumb/v8-m.main+fp/hard\libcr_c.a(fflush.o)
                0x00004bc0                fflush
 .text.__check_heap_overflow
                0x00004bfc       0x18 c:/nxp/mcuxpressoide_11.4.0_6237/ide/plugins/com.nxp.mcuxpresso.tools.win32_11.4.0.202103011116/tools/bin/../lib/gcc/arm-none-eabi/10.2.1/../../../../arm-none-eabi/lib/thumb/v8-m.main+fp/hard\libcr_c.a(_cr_check_heap.o)
                0x00004bfc                __check_heap_overflow
 .text.USB_DeviceLpcIp3511MaxPacketNeedCopy
                0x00004c14       0x16 ./usb/device/source/lpcip3511/usb_device_lpcip3511.o
 .text.USB_DeviceLpc3511IpGetEndpointStateStruct
                0x00004c2a       0x34 ./usb/device/source/lpcip3511/usb_device_lpcip3511.o
 .text.USB_DeviceLpc3511IpEndpointPrime
                0x00004c5e      0x122 ./usb/device/source/lpcip3511/usb_device_lpcip3511.o
 .text.USB_DeviceLpc3511IpEndpointInit
                0x00004d80      0x198 ./usb/device/source/lpcip3511/usb_device_lpcip3511.o
 .text.USB_DeviceLpc3511IpEndpointDeinit
                0x00004f18       0xb8 ./usb/device/source/lpcip3511/usb_device_lpcip3511.o
 .text.USB_DeviceLpc3511IpEndpointStall
                0x00004fd0      0x114 ./usb/device/source/lpcip3511/usb_device_lpcip3511.o
 .text.USB_DeviceLpc3511IpEndpointUnstall
                0x000050e4       0xe4 ./usb/device/source/lpcip3511/usb_device_lpcip3511.o
 .text.USB_DeviceLpc3511IpDoPreviousTransactionMemcpy
                0x000051c8       0x84 ./usb/device/source/lpcip3511/usb_device_lpcip3511.o
 .text.USB_DeviceLpc3511IpTokenUpdate
                0x0000524c       0xb6 ./usb/device/source/lpcip3511/usb_device_lpcip3511.o
 .text.USB_DeviceLpc3511IpInterruptToken
                0x00005302      0x32c ./usb/device/source/lpcip3511/usb_device_lpcip3511.o
 .text.USB_DeviceLpc3511IpInterruptReset
                0x0000562e       0x42 ./usb/device/source/lpcip3511/usb_device_lpcip3511.o
 .text.USB_DeviceLpc3511IpGetActualBufferAndPrime
                0x00005670      0x10e ./usb/device/source/lpcip3511/usb_device_lpcip3511.o
 .text.USB_DeviceLpc3511IpTransaction
                0x0000577e       0xfa ./usb/device/source/lpcip3511/usb_device_lpcip3511.o
 .text.USB_DeviceLpc3511IpSend
                0x00005878       0x76 ./usb/device/source/lpcip3511/usb_device_lpcip3511.o
                0x00005878                USB_DeviceLpc3511IpSend
 .text.USB_DeviceLpc3511IpRecv
                0x000058ee       0x26 ./usb/device/source/lpcip3511/usb_device_lpcip3511.o
                0x000058ee                USB_DeviceLpc3511IpRecv
 .text.USB_DeviceLpc3511IpCancel
                0x00005914      0x312 ./usb/device/source/lpcip3511/usb_device_lpcip3511.o
                0x00005914                USB_DeviceLpc3511IpCancel
 .text.USB_DeviceLpc3511IpControlPreSetDeviceAddress
                0x00005c26       0x58 ./usb/device/source/lpcip3511/usb_device_lpcip3511.o
 .text.USB_DeviceLpcIp3511IsrFunction
                0x00005c7e      0x166 ./usb/device/source/lpcip3511/usb_device_lpcip3511.o
                0x00005c7e                USB_DeviceLpcIp3511IsrFunction
 .text.USB_DeviceCh9GetStatus
                0x00005de4      0x10a ./usb/device/source/usb_device_ch9.o
 .text.USB_DeviceCh9SetClearFeature
                0x00005eee      0x10c ./usb/device/source/usb_device_ch9.o
 .text.USB_DeviceCh9SetAddress
                0x00005ffa       0xca ./usb/device/source/usb_device_ch9.o
 .text.USB_DeviceCh9GetDescriptor
                0x000060c4      0x132 ./usb/device/source/usb_device_ch9.o
 .text.USB_DeviceCh9GetConfiguration
                0x000061f6       0x8e ./usb/device/source/usb_device_ch9.o
 .text.USB_DeviceCh9SetConfiguration
                0x00006284       0xb6 ./usb/device/source/usb_device_ch9.o
 .text.USB_DeviceCh9GetInterface
                0x0000633a       0x9c ./usb/device/source/usb_device_ch9.o
 .text.USB_DeviceCh9SetInterface
                0x000063d6       0x90 ./usb/device/source/usb_device_ch9.o
 .text.USB_DeviceCh9SynchFrame
                0x00006466       0x90 ./usb/device/source/usb_device_ch9.o
 .text.USB_DeviceControlCallbackFeedback
                0x000064f6       0x96 ./usb/device/source/usb_device_ch9.o
 .text.USB_DeviceFreeHandle
                0x0000658c       0x32 ./usb/device/source/usb_device_dci.o
 .text.USB_DeviceTransfer
                0x000065be      0x10a ./usb/device/source/usb_device_dci.o
 .text.USB_DeviceControl
                0x000066c8       0x48 ./usb/device/source/usb_device_dci.o
 .text.USB_DeviceResetNotification
                0x00006710       0x98 ./usb/device/source/usb_device_dci.o
 .text.USB_DeviceNotification
                0x000067a8      0x102 ./usb/device/source/usb_device_dci.o
 .text.USB_DeviceNotificationTrigger
                0x000068aa       0x40 ./usb/device/source/usb_device_dci.o
                0x000068aa                USB_DeviceNotificationTrigger
 .text.USB_DeviceInit
                0x000068ea      0x166 ./usb/device/source/usb_device_dci.o
                0x000068ea                USB_DeviceInit
 .text.USB_DeviceRun
                0x00006a50       0x1c ./usb/device/source/usb_device_dci.o
                0x00006a50                USB_DeviceRun
 .text.USB_DeviceDeinit
                0x00006a6c       0x42 ./usb/device/source/usb_device_dci.o
                0x00006a6c                USB_DeviceDeinit
 .text.USB_DeviceSendRequest
                0x00006aae       0x32 ./usb/device/source/usb_device_dci.o
                0x00006aae                USB_DeviceSendRequest
 .text.USB_DeviceRecvRequest
                0x00006ae0       0x2c ./usb/device/source/usb_device_dci.o
                0x00006ae0                USB_DeviceRecvRequest
 .text.USB_DeviceInitEndpoint
                0x00006b0c       0xbe ./usb/device/source/usb_device_dci.o
                0x00006b0c                USB_DeviceInitEndpoint
 .text.USB_DeviceDeinitEndpoint
                0x00006bca       0xac ./usb/device/source/usb_device_dci.o
                0x00006bca                USB_DeviceDeinitEndpoint
 .text.USB_DeviceStallEndpoint
                0x00006c76       0x30 ./usb/device/source/usb_device_dci.o
                0x00006c76                USB_DeviceStallEndpoint
 .text.USB_DeviceUnstallEndpoint
                0x00006ca6       0x30 ./usb/device/source/usb_device_dci.o
                0x00006ca6                USB_DeviceUnstallEndpoint
 .text.USB_DeviceCdcAcmFreeHandle
                0x00006cd6       0x32 ./usb/device/class/cdc/usb_device_cdc_acm.o
 .text.USB_DeviceCdcAcmInterruptIn
                0x00006d08       0x54 ./usb/device/class/cdc/usb_device_cdc_acm.o
 .text.USB_DeviceCdcAcmBulkIn
                0x00006d5c       0x54 ./usb/device/class/cdc/usb_device_cdc_acm.o
 .text.USB_DeviceCdcAcmBulkOut
                0x00006db0       0x54 ./usb/device/class/cdc/usb_device_cdc_acm.o
 .text.USB_DeviceCdcAcmEndpointsDeinit
                0x00006e04       0xae ./usb/device/class/cdc/usb_device_cdc_acm.o
 .text.USB_DeviceCdcAcmInit
                0x00006eb2       0xaa ./usb/device/class/cdc/usb_device_cdc_acm.o
                0x00006eb2                USB_DeviceCdcAcmInit
 .text.USB_DeviceCdcAcmDeinit
                0x00006f5c       0x4e ./usb/device/class/cdc/usb_device_cdc_acm.o
                0x00006f5c                USB_DeviceCdcAcmDeinit
 .text.USB_DeviceCdcAcmSend
                0x00006faa       0xa4 ./usb/device/class/cdc/usb_device_cdc_acm.o
                0x00006faa                USB_DeviceCdcAcmSend
 .text.USB_DeviceCdcAcmRecv
                0x0000704e       0x78 ./usb/device/class/cdc/usb_device_cdc_acm.o
                0x0000704e                USB_DeviceCdcAcmRecv
 .text.USB_DeviceClassCallback
                0x000070c6       0x5e ./usb/device/class/usb_device_class.o
                0x000070c6                USB_DeviceClassCallback
 .text.WDT_BOD_IRQHandler
                0x00007124        0x8 ./startup/startup_lpc55s16.o
                0x00007124                WDT_BOD_IRQHandler
 .text.DMA0_IRQHandler
                0x0000712c        0x8 ./startup/startup_lpc55s16.o
                0x0000712c                DMA0_IRQHandler
 .text.GINT0_IRQHandler
                0x00007134        0x8 ./startup/startup_lpc55s16.o
                0x00007134                GINT0_IRQHandler
 .text.GINT1_IRQHandler
                0x0000713c        0x8 ./startup/startup_lpc55s16.o
                0x0000713c                GINT1_IRQHandler
 .text.PIN_INT0_IRQHandler
                0x00007144        0x8 ./startup/startup_lpc55s16.o
                0x00007144                PIN_INT0_IRQHandler
 .text.PIN_INT1_IRQHandler
                0x0000714c        0x8 ./startup/startup_lpc55s16.o
                0x0000714c                PIN_INT1_IRQHandler
 .text.PIN_INT2_IRQHandler
                0x00007154        0x8 ./startup/startup_lpc55s16.o
                0x00007154                PIN_INT2_IRQHandler
 .text.PIN_INT3_IRQHandler
                0x0000715c        0x8 ./startup/startup_lpc55s16.o
                0x0000715c                PIN_INT3_IRQHandler
 .text.UTICK0_IRQHandler
                0x00007164        0x8 ./startup/startup_lpc55s16.o
                0x00007164                UTICK0_IRQHandler
 .text.MRT0_IRQHandler
                0x0000716c        0x8 ./startup/startup_lpc55s16.o
                0x0000716c                MRT0_IRQHandler
 .text.CTIMER0_IRQHandler
                0x00007174        0x8 ./startup/startup_lpc55s16.o
                0x00007174                CTIMER0_IRQHandler
 .text.CTIMER1_IRQHandler
                0x0000717c        0x8 ./startup/startup_lpc55s16.o
                0x0000717c                CTIMER1_IRQHandler
 .text.SCT0_IRQHandler
                0x00007184        0x8 ./startup/startup_lpc55s16.o
                0x00007184                SCT0_IRQHandler
 .text.CTIMER3_IRQHandler
                0x0000718c        0x8 ./startup/startup_lpc55s16.o
                0x0000718c                CTIMER3_IRQHandler
 .text.FLEXCOMM0_IRQHandler
                0x00007194        0x8 ./startup/startup_lpc55s16.o
                0x00007194                FLEXCOMM0_IRQHandler
 .text.FLEXCOMM1_IRQHandler
                0x0000719c        0x8 ./startup/startup_lpc55s16.o
                0x0000719c                FLEXCOMM1_IRQHandler
 .text.FLEXCOMM2_IRQHandler
                0x000071a4        0x8 ./startup/startup_lpc55s16.o
                0x000071a4                FLEXCOMM2_IRQHandler
 .text.FLEXCOMM3_IRQHandler
                0x000071ac        0x8 ./startup/startup_lpc55s16.o
                0x000071ac                FLEXCOMM3_IRQHandler
 .text.FLEXCOMM4_IRQHandler
                0x000071b4        0x8 ./startup/startup_lpc55s16.o
                0x000071b4                FLEXCOMM4_IRQHandler
 .text.FLEXCOMM5_IRQHandler
                0x000071bc        0x8 ./startup/startup_lpc55s16.o
                0x000071bc                FLEXCOMM5_IRQHandler
 .text.FLEXCOMM6_IRQHandler
                0x000071c4        0x8 ./startup/startup_lpc55s16.o
                0x000071c4                FLEXCOMM6_IRQHandler
 .text.FLEXCOMM7_IRQHandler
                0x000071cc        0x8 ./startup/startup_lpc55s16.o
                0x000071cc                FLEXCOMM7_IRQHandler
 .text.ADC0_IRQHandler
                0x000071d4        0x8 ./startup/startup_lpc55s16.o
                0x000071d4                ADC0_IRQHandler
 .text.Reserved39_IRQHandler
                0x000071dc        0x8 ./startup/startup_lpc55s16.o
                0x000071dc                Reserved39_IRQHandler
 .text.ACMP_IRQHandler
                0x000071e4        0x8 ./startup/startup_lpc55s16.o
                0x000071e4                ACMP_IRQHandler
 .text.Reserved41_IRQHandler
                0x000071ec        0x8 ./startup/startup_lpc55s16.o
                0x000071ec                Reserved41_IRQHandler
 .text.Reserved42_IRQHandler
                0x000071f4        0x8 ./startup/startup_lpc55s16.o
                0x000071f4                Reserved42_IRQHandler
 .text.USB0_NEEDCLK_IRQHandler
                0x000071fc        0x8 ./startup/startup_lpc55s16.o
                0x000071fc                USB0_NEEDCLK_IRQHandler
 .text.RTC_IRQHandler
                0x00007204        0x8 ./startup/startup_lpc55s16.o
                0x00007204                RTC_IRQHandler
 .text.Reserved46_IRQHandler
                0x0000720c        0x8 ./startup/startup_lpc55s16.o
                0x0000720c                Reserved46_IRQHandler
 .text.Reserved47_IRQHandler
                0x00007214        0x8 ./startup/startup_lpc55s16.o
                0x00007214                Reserved47_IRQHandler
 .text.PIN_INT4_IRQHandler
                0x0000721c        0x8 ./startup/startup_lpc55s16.o
                0x0000721c                PIN_INT4_IRQHandler
 .text.PIN_INT5_IRQHandler
                0x00007224        0x8 ./startup/startup_lpc55s16.o
                0x00007224                PIN_INT5_IRQHandler
 .text.PIN_INT6_IRQHandler
                0x0000722c        0x8 ./startup/startup_lpc55s16.o
                0x0000722c                PIN_INT6_IRQHandler
 .text.PIN_INT7_IRQHandler
                0x00007234        0x8 ./startup/startup_lpc55s16.o
                0x00007234                PIN_INT7_IRQHandler
 .text.CTIMER2_IRQHandler
                0x0000723c        0x8 ./startup/startup_lpc55s16.o
                0x0000723c                CTIMER2_IRQHandler
 .text.CTIMER4_IRQHandler
                0x00007244        0x8 ./startup/startup_lpc55s16.o
                0x00007244                CTIMER4_IRQHandler
 .text.OS_EVENT_IRQHandler
                0x0000724c        0x8 ./startup/startup_lpc55s16.o
                0x0000724c                OS_EVENT_IRQHandler
 .text.Reserved55_IRQHandler
                0x00007254        0x8 ./startup/startup_lpc55s16.o
                0x00007254                Reserved55_IRQHandler
 .text.Reserved56_IRQHandler
                0x0000725c        0x8 ./startup/startup_lpc55s16.o
                0x0000725c                Reserved56_IRQHandler
 .text.Reserved57_IRQHandler
                0x00007264        0x8 ./startup/startup_lpc55s16.o
                0x00007264                Reserved57_IRQHandler
 .text.Reserved58_IRQHandler
                0x0000726c        0x8 ./startup/startup_lpc55s16.o
                0x0000726c                Reserved58_IRQHandler
 .text.CAN0_IRQ0_IRQHandler
                0x00007274        0x8 ./startup/startup_lpc55s16.o
                0x00007274                CAN0_IRQ0_IRQHandler
 .text.CAN0_IRQ1_IRQHandler
                0x0000727c        0x8 ./startup/startup_lpc55s16.o
                0x0000727c                CAN0_IRQ1_IRQHandler
 .text.Reserved61_IRQHandler
                0x00007284        0x8 ./startup/startup_lpc55s16.o
                0x00007284                Reserved61_IRQHandler
 .text.USB1_PHY_IRQHandler
                0x0000728c        0x8 ./startup/startup_lpc55s16.o
                0x0000728c                USB1_PHY_IRQHandler
 .text.USB1_IRQHandler
                0x00007294        0x8 ./startup/startup_lpc55s16.o
                0x00007294                USB1_IRQHandler
 .text.USB1_NEEDCLK_IRQHandler
                0x0000729c        0x8 ./startup/startup_lpc55s16.o
                0x0000729c                USB1_NEEDCLK_IRQHandler
 .text.SEC_HYPERVISOR_CALL_IRQHandler
                0x000072a4        0x8 ./startup/startup_lpc55s16.o
                0x000072a4                SEC_HYPERVISOR_CALL_IRQHandler
 .text.SEC_GPIO_INT0_IRQ0_IRQHandler
                0x000072ac        0x8 ./startup/startup_lpc55s16.o
                0x000072ac                SEC_GPIO_INT0_IRQ0_IRQHandler
 .text.SEC_GPIO_INT0_IRQ1_IRQHandler
                0x000072b4        0x8 ./startup/startup_lpc55s16.o
                0x000072b4                SEC_GPIO_INT0_IRQ1_IRQHandler
 .text.PLU_IRQHandler
                0x000072bc        0x8 ./startup/startup_lpc55s16.o
                0x000072bc                PLU_IRQHandler
 .text.SEC_VIO_IRQHandler
                0x000072c4        0x8 ./startup/startup_lpc55s16.o
                0x000072c4                SEC_VIO_IRQHandler
 .text.HASHCRYPT_IRQHandler
                0x000072cc        0x8 ./startup/startup_lpc55s16.o
                0x000072cc                HASHCRYPT_IRQHandler
 .text.CASER_IRQHandler
                0x000072d4        0x8 ./startup/startup_lpc55s16.o
                0x000072d4                CASER_IRQHandler
 .text.PUF_IRQHandler
                0x000072dc        0x8 ./startup/startup_lpc55s16.o
                0x000072dc                PUF_IRQHandler
 .text.Reserved73_IRQHandler
                0x000072e4        0x8 ./startup/startup_lpc55s16.o
                0x000072e4                Reserved73_IRQHandler
 .text.DMA1_IRQHandler
                0x000072ec        0x8 ./startup/startup_lpc55s16.o
                0x000072ec                DMA1_IRQHandler
 .text.FLEXCOMM8_IRQHandler
                0x000072f4        0x8 ./startup/startup_lpc55s16.o
                0x000072f4                FLEXCOMM8_IRQHandler
 .text.CDOG_IRQHandler
                0x000072fc        0x8 ./startup/startup_lpc55s16.o
                0x000072fc                CDOG_IRQHandler
 .text.CLOCK_EnableClock
                0x00007304       0x30 ./source/generated/usb_device_composite.o
 .text.CLOCK_DisableClock
                0x00007334       0x30 ./source/generated/usb_device_composite.o
 .text.EnableIRQ
                0x00007364       0x32 ./source/generated/usb_device_composite.o
 .text.USB_DeviceIsrEnable
                0x00007396       0x2c ./source/generated/usb_device_composite.o
                0x00007396                USB_DeviceIsrEnable
 .text.GPIO_PortToggle
                0x000073c2       0x26 ./source/USB_VCOM.o
 .text.HardFault_Handler
                0x000073e8       0x2c ./source/semihost_hardfault.o
                0x000073e8                HardFault_Handler
 .text.USB_DeviceInterface0CicVcomSetInterface
                0x00007414       0x1a ./source/usb_device_interface_0_cic_vcom.o
                0x00007414                USB_DeviceInterface0CicVcomSetInterface
 .text.USB_DeviceInterface1DicVcomSetInterface
                0x0000742e       0x1a ./source/usb_device_interface_0_cic_vcom.o
                0x0000742e                USB_DeviceInterface1DicVcomSetInterface
 .text.CLOCK_IsPLL0Locked
                0x00007448       0x24 ./drivers/fsl_clock.o
 .text.findPll0PreDiv
                0x0000746c       0x3e ./drivers/fsl_clock.o
 .text.DelayLoop
                0x000074aa       0x20 ./drivers/fsl_common_arm.o
 .text.CLOCK_EnableClock
                0x000074ca       0x30 ./drivers/fsl_gpio.o
 .text.GPIO_PinInit
                0x000074fa       0xa4 ./drivers/fsl_gpio.o
                0x000074fa                GPIO_PinInit
 .text.RESET_PeripheralReset
                0x0000759e       0x1c ./drivers/fsl_reset.o
                0x0000759e                RESET_PeripheralReset
 .text.SystemInitHook
                0x000075ba        0xe ./device/system_LPC55S16.o
                0x000075ba                SystemInitHook
 .text.DisableGlobalIRQ
                0x000075c8       0x22 ./component/osa/fsl_os_abstraction_bm.o
 .text.EnableGlobalIRQ
                0x000075ea       0x20 ./component/osa/fsl_os_abstraction_bm.o
 .text.OSA_EnterCritical
                0x0000760a       0x1a ./component/osa/fsl_os_abstraction_bm.o
                0x0000760a                OSA_EnterCritical
 .text.OSA_ExitCritical
                0x00007624       0x16 ./component/osa/fsl_os_abstraction_bm.o
                0x00007624                OSA_ExitCritical
 .text.DbgConsole_Init
                0x0000763a       0x20 ./board/board.o
 .text.CLOCK_EnableClock
                0x0000765a       0x30 ./board/clock_config.o
 .text.BOARD_InitBootClocks
                0x0000768a        0xc ./board/clock_config.o
                0x0000768a                BOARD_InitBootClocks
 .text.USB0_init
                0x00007696        0xc ./board/peripherals.o
 .text.BOARD_InitPeripherals
                0x000076a2        0xc ./board/peripherals.o
                0x000076a2                BOARD_InitPeripherals
 .text.BOARD_InitBootPeripherals
                0x000076ae        0xc ./board/peripherals.o
                0x000076ae                BOARD_InitBootPeripherals
 .text.CLOCK_EnableClock
                0x000076ba       0x30 ./board/pin_mux.o
 .text.IOCON_PinMuxSet
                0x000076ea       0x2e ./board/pin_mux.o
 .text.BOARD_InitBootPins
                0x00007718        0xc ./board/pin_mux.o
                0x00007718                BOARD_InitBootPins
 .text.fro_calib_Get_Lib_Ver
                0x00007724        0x6 C:\Users\mlboe\Documents\GitHub\LPC55S14_VCOM_NoCrystal\LPC55S16\mcuxpresso\libfro_calib_hardabi.a(fsl_fro_calib_lib.o)
                0x00007724                fro_calib_Get_Lib_Ver
 .text.__main   0x0000772a        0xe c:/nxp/mcuxpressoide_11.4.0_6237/ide/plugins/com.nxp.mcuxpresso.tools.win32_11.4.0.202103011116/tools/bin/../lib/gcc/arm-none-eabi/10.2.1/../../../../arm-none-eabi/lib/thumb/v8-m.main+fp/hard\libcr_semihost_nf.a(_cr__main.o)
                0x0000772a                __CR_SEMIHOST
                0x0000772a                __main
 .text.memcpy   0x00007738        0x4 c:/nxp/mcuxpressoide_11.4.0_6237/ide/plugins/com.nxp.mcuxpresso.tools.win32_11.4.0.202103011116/tools/bin/../lib/gcc/arm-none-eabi/10.2.1/../../../../arm-none-eabi/lib/thumb/v8-m.main+fp/hard\libcr_c.a(memcpy.o)
                0x00007738                memcpy
 .text.memset   0x0000773c        0x4 c:/nxp/mcuxpressoide_11.4.0_6237/ide/plugins/com.nxp.mcuxpresso.tools.win32_11.4.0.202103011116/tools/bin/../lib/gcc/arm-none-eabi/10.2.1/../../../../arm-none-eabi/lib/thumb/v8-m.main+fp/hard\libcr_c.a(memset.o)
                0x0000773c                memset
 .text._deferredlazyseek
                0x00007740       0x40 c:/nxp/mcuxpressoide_11.4.0_6237/ide/plugins/com.nxp.mcuxpresso.tools.win32_11.4.0.202103011116/tools/bin/../lib/gcc/arm-none-eabi/10.2.1/../../../../arm-none-eabi/lib/thumb/v8-m.main+fp/hard\libcr_c.a(_deferredlazyseek.o)
                0x00007740                _deferredlazyseek
 .text.__flsbuf
                0x00007780      0x140 c:/nxp/mcuxpressoide_11.4.0_6237/ide/plugins/com.nxp.mcuxpresso.tools.win32_11.4.0.202103011116/tools/bin/../lib/gcc/arm-none-eabi/10.2.1/../../../../arm-none-eabi/lib/thumb/v8-m.main+fp/hard\libcr_c.a(_deferredlazyseek.o)
                0x00007780                __flsbuf
 .text._fflush  0x000078c0       0x52 c:/nxp/mcuxpressoide_11.4.0_6237/ide/plugins/com.nxp.mcuxpresso.tools.win32_11.4.0.202103011116/tools/bin/../lib/gcc/arm-none-eabi/10.2.1/../../../../arm-none-eabi/lib/thumb/v8-m.main+fp/hard\libcr_c.a(_fflush.o)
                0x000078c0                _fflush
 .text.free     0x00007912       0x30 c:/nxp/mcuxpressoide_11.4.0_6237/ide/plugins/com.nxp.mcuxpresso.tools.win32_11.4.0.202103011116/tools/bin/../lib/gcc/arm-none-eabi/10.2.1/../../../../arm-none-eabi/lib/thumb/v8-m.main+fp/hard\libcr_c.a(alloc.o)
                0x00007912                free
 .text.fputs    0x00007942       0x2c c:/nxp/mcuxpressoide_11.4.0_6237/ide/plugins/com.nxp.mcuxpresso.tools.win32_11.4.0.202103011116/tools/bin/../lib/gcc/arm-none-eabi/10.2.1/../../../../arm-none-eabi/lib/thumb/v8-m.main+fp/hard\libcr_c.a(fputs.o)
                0x00007942                fputs
 .text.no_fp_display
                0x0000796e        0x4 c:/nxp/mcuxpressoide_11.4.0_6237/ide/plugins/com.nxp.mcuxpresso.tools.win32_11.4.0.202103011116/tools/bin/../lib/gcc/arm-none-eabi/10.2.1/../../../../arm-none-eabi/lib/thumb/v8-m.main+fp/hard\libcr_c.a(printf.o)
 .text.setvbuf  0x00007972       0x3e c:/nxp/mcuxpressoide_11.4.0_6237/ide/plugins/com.nxp.mcuxpresso.tools.win32_11.4.0.202103011116/tools/bin/../lib/gcc/arm-none-eabi/10.2.1/../../../../arm-none-eabi/lib/thumb/v8-m.main+fp/hard\libcr_c.a(setvbuf.o)
                0x00007972                setvbuf
 .text.strlen   0x000079b0       0x48 c:/nxp/mcuxpressoide_11.4.0_6237/ide/plugins/com.nxp.mcuxpresso.tools.win32_11.4.0.202103011116/tools/bin/../lib/gcc/arm-none-eabi/10.2.1/../../../../arm-none-eabi/lib/thumb/v8-m.main+fp/hard\libcr_c.a(strlen.o)
                0x000079b0                strlen
 .text._fdopen  0x000079f8       0x68 c:/nxp/mcuxpressoide_11.4.0_6237/ide/plugins/com.nxp.mcuxpresso.tools.win32_11.4.0.202103011116/tools/bin/../lib/gcc/arm-none-eabi/10.2.1/../../../../arm-none-eabi/lib/thumb/v8-m.main+fp/hard\libcr_c.a(_fdopen.o)
                0x000079f8                _fdopen
 .text.fclose   0x00007a60       0x58 c:/nxp/mcuxpressoide_11.4.0_6237/ide/plugins/com.nxp.mcuxpresso.tools.win32_11.4.0.202103011116/tools/bin/../lib/gcc/arm-none-eabi/10.2.1/../../../../arm-none-eabi/lib/thumb/v8-m.main+fp/hard\libcr_c.a(fclose.o)
                0x00007a60                fclose
 .text.remove   0x00007ab8       0x14 c:/nxp/mcuxpressoide_11.4.0_6237/ide/plugins/com.nxp.mcuxpresso.tools.win32_11.4.0.202103011116/tools/bin/../lib/gcc/arm-none-eabi/10.2.1/../../../../arm-none-eabi/lib/thumb/v8-m.main+fp/hard\libcr_c.a(remove.o)
                0x00007ab8                remove
 .text._do_fflush
                0x00007acc       0x40 c:/nxp/mcuxpressoide_11.4.0_6237/ide/plugins/com.nxp.mcuxpresso.tools.win32_11.4.0.202103011116/tools/bin/../lib/gcc/arm-none-eabi/10.2.1/../../../../arm-none-eabi/lib/thumb/v8-m.main+fp/hard\libcr_c.a(_do_fflush.o)
                0x00007acc                _do_fflush
 .text.__aeabi_division_uldivmod
                0x00007b0c      0x174 c:/nxp/mcuxpressoide_11.4.0_6237/ide/plugins/com.nxp.mcuxpresso.tools.win32_11.4.0.202103011116/tools/bin/../lib/gcc/arm-none-eabi/10.2.1/thumb/v8-m.main+fp/hard\libcr_eabihelpers.a(division_64.o)
                0x00007b0c                __aeabi_uldivmod
                0x00007b10                __bhs_ldivmod1
 .text.__aeabi_division_idiv0
                0x00007c80        0x2 c:/nxp/mcuxpressoide_11.4.0_6237/ide/plugins/com.nxp.mcuxpresso.tools.win32_11.4.0.202103011116/tools/bin/../lib/gcc/arm-none-eabi/10.2.1/thumb/v8-m.main+fp/hard\libcr_eabihelpers.a(division_idiv0.o)
                0x00007c80                __aeabi_idiv0
 .text.__aeabi_memcpy
                0x00007c82       0x34 c:/nxp/mcuxpressoide_11.4.0_6237/ide/plugins/com.nxp.mcuxpresso.tools.win32_11.4.0.202103011116/tools/bin/../lib/gcc/arm-none-eabi/10.2.1/thumb/v8-m.main+fp/hard\libcr_eabihelpers.a(memcpy.o)
                0x00007c82                __aeabi_memcpy
                0x00007c8c                __aeabi_memcpy8
                0x00007c8c                __aeabi_memcpy4
 .text.__aeabi_memset_lowlevel
                0x00007cb6       0x32 c:/nxp/mcuxpressoide_11.4.0_6237/ide/plugins/com.nxp.mcuxpresso.tools.win32_11.4.0.202103011116/tools/bin/../lib/gcc/arm-none-eabi/10.2.1/thumb/v8-m.main+fp/hard\libcr_eabihelpers.a(memcpy.o)
                0x00007cb6                __aeabi_lowlevel_memset
 .text.__sys_close
                0x00007ce8        0xc c:/nxp/mcuxpressoide_11.4.0_6237/ide/plugins/com.nxp.mcuxpresso.tools.win32_11.4.0.202103011116/tools/bin/../lib/gcc/arm-none-eabi/10.2.1/../../../../arm-none-eabi/lib/thumb/v8-m.main+fp/hard\libcr_semihost_nf.a(__sys_close.o)
                0x00007ce8                __sys_close
 .text.__sys_flen
                0x00007cf4        0xc c:/nxp/mcuxpressoide_11.4.0_6237/ide/plugins/com.nxp.mcuxpresso.tools.win32_11.4.0.202103011116/tools/bin/../lib/gcc/arm-none-eabi/10.2.1/../../../../arm-none-eabi/lib/thumb/v8-m.main+fp/hard\libcr_semihost_nf.a(__sys_flen.o)
                0x00007cf4                __sys_flen
 .text.__sys_istty
                0x00007d00        0xc c:/nxp/mcuxpressoide_11.4.0_6237/ide/plugins/com.nxp.mcuxpresso.tools.win32_11.4.0.202103011116/tools/bin/../lib/gcc/arm-none-eabi/10.2.1/../../../../arm-none-eabi/lib/thumb/v8-m.main+fp/hard\libcr_semihost_nf.a(__sys_istty.o)
                0x00007d00                __sys_istty
 .text.__sys_remove
                0x00007d0c        0xc c:/nxp/mcuxpressoide_11.4.0_6237/ide/plugins/com.nxp.mcuxpresso.tools.win32_11.4.0.202103011116/tools/bin/../lib/gcc/arm-none-eabi/10.2.1/../../../../arm-none-eabi/lib/thumb/v8-m.main+fp/hard\libcr_semihost_nf.a(__sys_remove.o)
                0x00007d0c                __sys_remove
 .text.__sys_seek
                0x00007d18        0xc c:/nxp/mcuxpressoide_11.4.0_6237/ide/plugins/com.nxp.mcuxpresso.tools.win32_11.4.0.202103011116/tools/bin/../lib/gcc/arm-none-eabi/10.2.1/../../../../arm-none-eabi/lib/thumb/v8-m.main+fp/hard\libcr_semihost_nf.a(__sys_seek.o)
                0x00007d18                __sys_seek
 .text.__sys_tmpnam
                0x00007d24        0xc c:/nxp/mcuxpressoide_11.4.0_6237/ide/plugins/com.nxp.mcuxpresso.tools.win32_11.4.0.202103011116/tools/bin/../lib/gcc/arm-none-eabi/10.2.1/../../../../arm-none-eabi/lib/thumb/v8-m.main+fp/hard\libcr_semihost_nf.a(__sys_tmpnam.o)
                0x00007d24                __sys_tmpnam
 .text.__sys_write
                0x00007d30        0xc c:/nxp/mcuxpressoide_11.4.0_6237/ide/plugins/com.nxp.mcuxpresso.tools.win32_11.4.0.202103011116/tools/bin/../lib/gcc/arm-none-eabi/10.2.1/../../../../arm-none-eabi/lib/thumb/v8-m.main+fp/hard\libcr_semihost_nf.a(__sys_write.o)
                0x00007d30                __sys_write
 *(SORT_BY_ALIGNMENT(.rodata) SORT_BY_ALIGNMENT(.rodata.*) SORT_BY_ALIGNMENT(.constdata) SORT_BY_ALIGNMENT(.constdata.*))
 .rodata.s_UsbDeviceStandardRequest
                0x00007d3c       0x34 ./usb/device/source/usb_device_ch9.o
 .rodata.s_UsbDeviceLpc3511IpInterface
                0x00007d70       0x18 ./usb/device/source/usb_device_dci.o
 .rodata.s_UsbDeviceClassInterfaceMap
                0x00007d88       0x20 ./usb/device/class/usb_device_class.o
 .rodata.main.str1.4
                0x00007da8        0xc ./source/USB_VCOM.o
 .rodata.USB_DeviceInterface0CicVcomCallback.str1.4
                0x00007db4       0x2e ./source/usb_device_interface_0_cic_vcom.o
 *fill*         0x00007de2        0x2 ff
 .rodata.USB_CommandParse.str1.4
                0x00007de4       0x2f ./source/usb_device_interface_0_cic_vcom.o
 *fill*         0x00007e13        0x1 ff
 .rodata.IntervalList
                0x00007e14       0x60 ./drivers/fsl_clock.o
 .rodata.SDK_DelayAtLeastUs.str1.4
                0x00007e74       0x2c ./drivers/fsl_common_arm.o
 .rodata.s_flexcommBaseAddrs
                0x00007ea0       0x24 ./drivers/fsl_flexcomm.o
 .rodata.FLEXCOMM_GetInstance.str1.4
                0x00007ec4       0x43 ./drivers/fsl_flexcomm.o
 *fill*         0x00007f07        0x1 ff
 .rodata.FLEXCOMM0_DriverIRQHandler.str1.4
                0x00007f08       0x3d ./drivers/fsl_flexcomm.o
 *fill*         0x00007f45        0x3 ff
 .rodata.FLEXCOMM1_DriverIRQHandler.str1.4
                0x00007f48       0x3d ./drivers/fsl_flexcomm.o
 *fill*         0x00007f85        0x3 ff
 .rodata.FLEXCOMM2_DriverIRQHandler.str1.4
                0x00007f88       0x3d ./drivers/fsl_flexcomm.o
 *fill*         0x00007fc5        0x3 ff
 .rodata.FLEXCOMM3_DriverIRQHandler.str1.4
                0x00007fc8       0x3d ./drivers/fsl_flexcomm.o
 *fill*         0x00008005        0x3 ff
 .rodata.FLEXCOMM4_DriverIRQHandler.str1.4
                0x00008008       0x3d ./drivers/fsl_flexcomm.o
 *fill*         0x00008045        0x3 ff
 .rodata.FLEXCOMM5_DriverIRQHandler.str1.4
                0x00008048       0x3d ./drivers/fsl_flexcomm.o
 *fill*         0x00008085        0x3 ff
 .rodata.FLEXCOMM6_DriverIRQHandler.str1.4
                0x00008088       0x3d ./drivers/fsl_flexcomm.o
 *fill*         0x000080c5        0x3 ff
 .rodata.FLEXCOMM7_DriverIRQHandler.str1.4
                0x000080c8       0x3d ./drivers/fsl_flexcomm.o
 *fill*         0x00008105        0x3 ff
 .rodata.FLEXCOMM8_DriverIRQHandler.str1.4
                0x00008108       0x3d ./drivers/fsl_flexcomm.o
 *fill*         0x00008145        0x3 ff
 .rodata.s_gpioClockName
                0x00008148        0x4 ./drivers/fsl_gpio.o
 .rodata.s_gpioResets
                0x0000814c        0x8 ./drivers/fsl_gpio.o
 .rodata.GPIO_EnablePortClock.str1.4
                0x00008154       0x34 ./drivers/fsl_gpio.o
 .rodata.RESET_SetPeripheralReset.str1.4
                0x00008188       0x1f ./drivers/fsl_reset.o
 *fill*         0x000081a7        0x1 ff
 .rodata.RESET_ClearPeripheralReset.str1.4
                0x000081a8       0x1f ./drivers/fsl_reset.o
 *fill*         0x000081c7        0x1 ff
 .rodata.OSA_MutexCreate.str1.4
                0x000081c8       0x2b ./component/osa/fsl_os_abstraction_bm.o
 *fill*         0x000081f3        0x1 ff
 .rodata.OSA_MutexDestroy.str1.4
                0x000081f4       0x2b ./component/osa/fsl_os_abstraction_bm.o
 *fill*         0x0000821f        0x1 ff
 .rodata.__num_Ciob_streams
                0x00008220        0x4 c:/nxp/mcuxpressoide_11.4.0_6237/ide/plugins/com.nxp.mcuxpresso.tools.win32_11.4.0.202103011116/tools/bin/../lib/gcc/arm-none-eabi/10.2.1/../../../../arm-none-eabi/lib/thumb/v8-m.main+fp/hard\libcr_semihost_nf.a(__ciob.o)
                0x00008220                __num_Ciob_streams
 .rodata.__assertion_failed.str1.1
                0x00008224       0x15 c:/nxp/mcuxpressoide_11.4.0_6237/ide/plugins/com.nxp.mcuxpresso.tools.win32_11.4.0.202103011116/tools/bin/../lib/gcc/arm-none-eabi/10.2.1/../../../../arm-none-eabi/lib/thumb/v8-m.main+fp/hard\libcr_semihost_nf.a(_cr_assert.o)
 .rodata._Csys_alloc.str1.1
                0x00008239       0x18 c:/nxp/mcuxpressoide_11.4.0_6237/ide/plugins/com.nxp.mcuxpresso.tools.win32_11.4.0.202103011116/tools/bin/../lib/gcc/arm-none-eabi/10.2.1/../../../../arm-none-eabi/lib/thumb/v8-m.main+fp/hard\libcr_c.a(alloc.o)
 .rodata._initio.str1.1
                0x00008251        0x4 c:/nxp/mcuxpressoide_11.4.0_6237/ide/plugins/com.nxp.mcuxpresso.tools.win32_11.4.0.202103011116/tools/bin/../lib/gcc/arm-none-eabi/10.2.1/../../../../arm-none-eabi/lib/thumb/v8-m.main+fp/hard\libcr_c.a(initio.o)
 .rodata.__vfprintf.str1.1
                0x00008255       0x35 c:/nxp/mcuxpressoide_11.4.0_6237/ide/plugins/com.nxp.mcuxpresso.tools.win32_11.4.0.202103011116/tools/bin/../lib/gcc/arm-none-eabi/10.2.1/../../../../arm-none-eabi/lib/thumb/v8-m.main+fp/hard\libcr_c.a(printf.o)
                                 0x38 (size before relaxing)
                0x0000828c                . = ALIGN (0x4)
 *fill*         0x0000828a        0x2 ff

.glue_7         0x0000828c        0x0
 .glue_7        0x0000828c        0x0 linker stubs

.glue_7t        0x0000828c        0x0
 .glue_7t       0x0000828c        0x0 linker stubs

.vfp11_veneer   0x0000828c        0x0
 .vfp11_veneer  0x0000828c        0x0 linker stubs

.v4_bx          0x0000828c        0x0
 .v4_bx         0x0000828c        0x0 linker stubs

.iplt           0x0000828c        0x0
 .iplt          0x0000828c        0x0 ./usb/device/source/lpcip3511/usb_device_lpcip3511.o

.rel.dyn        0x0000828c        0x0
 .rel.iplt      0x0000828c        0x0 ./usb/device/source/lpcip3511/usb_device_lpcip3511.o

.ARM.extab
 *(SORT_BY_ALIGNMENT(.ARM.extab*) SORT_BY_ALIGNMENT(.gnu.linkonce.armextab.*))

.ARM.exidx      0x0000828c        0x0
                0x0000828c                __exidx_start = .
 *(SORT_BY_ALIGNMENT(.ARM.exidx*) SORT_BY_ALIGNMENT(.gnu.linkonce.armexidx.*))
                0x0000828c                __exidx_end = .
                0x0000828c                _etext = .

.m_usb_data     0x20010000     0x3510
 *(SORT_BY_ALIGNMENT(m_usb_global))
 m_usb_global   0x20010000     0x3450 ./usb/device/source/lpcip3511/usb_device_lpcip3511.o
 m_usb_global   0x20013450       0x58 ./usb/device/source/usb_device_dci.o
 m_usb_global   0x200134a8       0x50 ./usb/device/class/cdc/usb_device_cdc_acm.o
 m_usb_global   0x200134f8       0x18 ./usb/device/class/usb_device_class.o

.data_RAM2      0x20013510        0x0 load address 0x0000828c
 FILL mask 0xff
                [!provide]                PROVIDE (__start_data_RAM2 = .)
                [!provide]                PROVIDE (__start_data_USB_RAM = .)
 *(SORT_BY_ALIGNMENT(.ramfunc.$RAM2))
 *(SORT_BY_ALIGNMENT(.ramfunc.$USB_RAM))
 *(SORT_BY_ALIGNMENT(.data.$RAM2))
 *(SORT_BY_ALIGNMENT(.data.$USB_RAM))
 *(SORT_BY_ALIGNMENT(.data.$RAM2.*))
 *(SORT_BY_ALIGNMENT(.data.$USB_RAM.*))
                0x20013510                . = ALIGN (0x4)
                [!provide]                PROVIDE (__end_data_RAM2 = .)
                [!provide]                PROVIDE (__end_data_USB_RAM = .)

.data_RAM3      0x04000000        0x0 load address 0x0000828c
 FILL mask 0xff
                [!provide]                PROVIDE (__start_data_RAM3 = .)
                [!provide]                PROVIDE (__start_data_SRAMX = .)
 *(SORT_BY_ALIGNMENT(.ramfunc.$RAM3))
 *(SORT_BY_ALIGNMENT(.ramfunc.$SRAMX))
 *(SORT_BY_ALIGNMENT(.data.$RAM3))
 *(SORT_BY_ALIGNMENT(.data.$SRAMX))
 *(SORT_BY_ALIGNMENT(.data.$RAM3.*))
 *(SORT_BY_ALIGNMENT(.data.$SRAMX.*))
                0x04000000                . = ALIGN (0x4)
                [!provide]                PROVIDE (__end_data_RAM3 = .)
                [!provide]                PROVIDE (__end_data_SRAMX = .)

.uninit_RESERVED
                0x20000000        0x0
                0x20000000                _start_uninit_RESERVED = .
 *(SORT_BY_ALIGNMENT(.bss.$RESERVED*))
                0x20000000                . = ALIGN (0x4)
                0x20000000                _end_uninit_RESERVED = .

.data           0x20000000      0x148 load address 0x0000828c
 FILL mask 0xff
                0x20000000                _data = .
                [!provide]                PROVIDE (__start_data_RAM = .)
                [!provide]                PROVIDE (__start_data_SRAM = .)
 *(SORT_BY_ALIGNMENT(vtable))
 *(SORT_BY_ALIGNMENT(.ramfunc*))
 *(SORT_BY_ALIGNMENT(CodeQuickAccess))
 *(SORT_BY_ALIGNMENT(DataQuickAccess))
 *(SORT_BY_ALIGNMENT(RamFunction))
 *(SORT_BY_ALIGNMENT(.data*))
 .data.s_UsbDeviceInterfaceNullConfig
                0x20000000        0x8 ./source/generated/usb_device_composite.o
 .data.g_CompositeClassConfig
                0x20000008       0x18 ./source/generated/usb_device_composite.o
                0x20000008                g_CompositeClassConfig
 .data.g_UsbDeviceCompositeConfigList
                0x20000020        0xc ./source/generated/usb_device_composite.o
                0x20000020                g_UsbDeviceCompositeConfigList
 .data.g_UsbDeviceInterface0CicVcomSetting0DefaultEndpoints
                0x2000002c        0x6 ./source/generated/usb_device_descriptor.o
                0x2000002c                g_UsbDeviceInterface0CicVcomSetting0DefaultEndpoints
 *fill*         0x20000032        0x2 ff
 .data.g_UsbDeviceInterface0CicVcomInterface
                0x20000034       0x10 ./source/generated/usb_device_descriptor.o
                0x20000034                g_UsbDeviceInterface0CicVcomInterface
 .data.g_UsbDeviceInterface1DicVcomSetting0DefaultEndpoints
                0x20000044        0xc ./source/generated/usb_device_descriptor.o
                0x20000044                g_UsbDeviceInterface1DicVcomSetting0DefaultEndpoints
 .data.g_UsbDeviceInterface1DicVcomInterface
                0x20000050       0x10 ./source/generated/usb_device_descriptor.o
                0x20000050                g_UsbDeviceInterface1DicVcomInterface
 .data.g_UsbDeviceInterface0CicVcomInterfaces
                0x20000060       0x18 ./source/generated/usb_device_descriptor.o
                0x20000060                g_UsbDeviceInterface0CicVcomInterfaces
 .data.g_UsbDeviceInterface0CicVcomInterfaceList
                0x20000078        0x8 ./source/generated/usb_device_descriptor.o
                0x20000078                g_UsbDeviceInterface0CicVcomInterfaceList
 .data.g_UsbDeviceInterface0CicVcomConfig
                0x20000080        0x8 ./source/generated/usb_device_descriptor.o
                0x20000080                g_UsbDeviceInterface0CicVcomConfig
 .data.g_UsbDeviceDescriptor
                0x20000088       0x12 ./source/generated/usb_device_descriptor.o
                0x20000088                g_UsbDeviceDescriptor
 *fill*         0x2000009a        0x2 ff
 .data.g_UsbDeviceConfigurationDescriptor
                0x2000009c       0x4b ./source/generated/usb_device_descriptor.o
                0x2000009c                g_UsbDeviceConfigurationDescriptor
 *fill*         0x200000e7        0x1 ff
 .data.g_UsbDeviceString0
                0x200000e8        0x4 ./source/generated/usb_device_descriptor.o
                0x200000e8                g_UsbDeviceString0
 .data.g_UsbDeviceString1
                0x200000ec        0x8 ./source/generated/usb_device_descriptor.o
                0x200000ec                g_UsbDeviceString1
 .data.g_UsbDeviceString2
                0x200000f4        0xa ./source/generated/usb_device_descriptor.o
                0x200000f4                g_UsbDeviceString2
 *fill*         0x200000fe        0x2 ff
 .data.g_UsbDeviceStringDescriptorLength
                0x20000100        0xc ./source/generated/usb_device_descriptor.o
                0x20000100                g_UsbDeviceStringDescriptorLength
 .data.g_UsbDeviceStringDescriptorArray
                0x2000010c        0xc ./source/generated/usb_device_descriptor.o
                0x2000010c                g_UsbDeviceStringDescriptorArray
 .data.g_UsbDeviceLanguage
                0x20000118        0xc ./source/generated/usb_device_descriptor.o
                0x20000118                g_UsbDeviceLanguage
 .data.g_UsbDeviceLanguageList
                0x20000124       0x10 ./source/generated/usb_device_descriptor.o
                0x20000124                g_UsbDeviceLanguageList
 .data.s_lineCoding
                0x20000134        0x7 ./source/usb_device_interface_0_cic_vcom.o
 *fill*         0x2000013b        0x1 ff
 .data.s_Ext_Clk_Freq
                0x2000013c        0x4 ./drivers/fsl_clock.o
 .data.SystemCoreClock
                0x20000140        0x4 ./device/system_LPC55S16.o
                0x20000140                SystemCoreClock
 .data.CTimerFreq
                0x20000144        0x4 C:\Users\mlboe\Documents\GitHub\LPC55S14_VCOM_NoCrystal\LPC55S16\mcuxpresso\libfro_calib_hardabi.a(fsl_fro_calib_lib.o)
                0x20000144                CTimerFreq
                0x20000148                . = ALIGN (0x4)
                0x20000148                _edata = .
                [!provide]                PROVIDE (__end_data_RAM = .)
                [!provide]                PROVIDE (__end_data_SRAM = .)

.igot.plt       0x20000148        0x0 load address 0x000083d4
 .igot.plt      0x20000148        0x0 ./usb/device/source/lpcip3511/usb_device_lpcip3511.o

.bss_RAM2       0x20013510        0x0
                [!provide]                PROVIDE (__start_bss_RAM2 = .)
                [!provide]                PROVIDE (__start_bss_USB_RAM = .)
 *(SORT_BY_ALIGNMENT(.bss.$RAM2))
 *(SORT_BY_ALIGNMENT(.bss.$USB_RAM))
 *(SORT_BY_ALIGNMENT(.bss.$RAM2.*))
 *(SORT_BY_ALIGNMENT(.bss.$USB_RAM.*))
                0x20013510                . = ALIGN ((. != 0x0)?0x4:0x1)
                [!provide]                PROVIDE (__end_bss_RAM2 = .)
                [!provide]                PROVIDE (__end_bss_USB_RAM = .)

.bss_RAM3       0x04000000        0x0
                [!provide]                PROVIDE (__start_bss_RAM3 = .)
                [!provide]                PROVIDE (__start_bss_SRAMX = .)
 *(SORT_BY_ALIGNMENT(.bss.$RAM3))
 *(SORT_BY_ALIGNMENT(.bss.$SRAMX))
 *(SORT_BY_ALIGNMENT(.bss.$RAM3.*))
 *(SORT_BY_ALIGNMENT(.bss.$SRAMX.*))
                0x04000000                . = ALIGN ((. != 0x0)?0x4:0x1)
                [!provide]                PROVIDE (__end_bss_RAM3 = .)
                [!provide]                PROVIDE (__end_bss_SRAMX = .)

.bss            0x20000148      0x360
                0x20000148                _bss = .
                [!provide]                PROVIDE (__start_bss_RAM = .)
                [!provide]                PROVIDE (__start_bss_SRAM = .)
 *(SORT_BY_ALIGNMENT(.bss*))
 .bss.g_UsbDeviceComposite
                0x20000148       0x28 ./source/generated/usb_device_composite.o
                0x20000148                g_UsbDeviceComposite
 .bss.s_EpReservedBufferBits
                0x20000170       0x1a ./usb/device/source/lpcip3511/usb_device_lpcip3511.o
 *fill*         0x2000018a        0x2 
 .bss.s_UsbDeviceLpc3511IpState
                0x2000018c      0x134 ./usb/device/source/lpcip3511/usb_device_lpcip3511.o
 .bss.buf       0x200002c0       0x14 ./source/USB_VCOM.o
                0x200002c0                buf
 .bss.i.0       0x200002d4        0x4 ./source/USB_VCOM.o
 .bss.s_abstractState
                0x200002d8        0x2 ./source/usb_device_interface_0_cic_vcom.o
 *fill*         0x200002da        0x2 
 .bss.s_countryCode
                0x200002dc        0x2 ./source/usb_device_interface_0_cic_vcom.o
 *fill*         0x200002de        0x2 
 .bss.s_usbCdcAcmInfo
                0x200002e0       0x12 ./source/usb_device_interface_0_cic_vcom.o
 *fill*         0x200002f2        0x2 
 .bss.s_currRecvBuf
                0x200002f4       0x40 ./source/usb_device_interface_0_cic_vcom.o
 .bss.s_currSendBuf
                0x20000334       0x40 ./source/usb_device_interface_0_cic_vcom.o
 .bss.s_recvSize
                0x20000374        0x4 ./source/usb_device_interface_0_cic_vcom.o
 .bss.s_sendSize
                0x20000378        0x4 ./source/usb_device_interface_0_cic_vcom.o
 .bss.s_UsbDeviceComposite
                0x2000037c        0x4 ./source/usb_device_interface_0_cic_vcom.o
 .bss.s_UsbInterface0CicVcom
                0x20000380        0x8 ./source/usb_device_interface_0_cic_vcom.o
 .bss.s_Pll0_Freq
                0x20000388        0x4 ./drivers/fsl_clock.o
 .bss.s_flexcommIrqHandler
                0x2000038c       0x24 ./drivers/fsl_flexcomm.o
 .bss.s_flexcommHandle
                0x200003b0       0x24 ./drivers/fsl_flexcomm.o
 .bss.CTIMER_TC
                0x200003d4        0x4 C:\Users\mlboe\Documents\GitHub\LPC55S14_VCOM_NoCrystal\LPC55S16\mcuxpresso\libfro_calib_hardabi.a(fsl_fro_calib_lib.o)
                0x200003d4                CTIMER_TC
 .bss.CTimerStarted
                0x200003d8        0x4 C:\Users\mlboe\Documents\GitHub\LPC55S14_VCOM_NoCrystal\LPC55S16\mcuxpresso\libfro_calib_hardabi.a(fsl_fro_calib_lib.o)
                0x200003d8                CTimerStarted
 .bss.SOFIRQCount
                0x200003dc        0x4 C:\Users\mlboe\Documents\GitHub\LPC55S14_VCOM_NoCrystal\LPC55S16\mcuxpresso\libfro_calib_hardabi.a(fsl_fro_calib_lib.o)
                0x200003dc                SOFIRQCount
 .bss.pCTIMER   0x200003e0        0x4 C:\Users\mlboe\Documents\GitHub\LPC55S14_VCOM_NoCrystal\LPC55S16\mcuxpresso\libfro_calib_hardabi.a(fsl_fro_calib_lib.o)
                0x200003e0                pCTIMER
 .bss.__Ciob    0x200003e4       0xb4 c:/nxp/mcuxpressoide_11.4.0_6237/ide/plugins/com.nxp.mcuxpresso.tools.win32_11.4.0.202103011116/tools/bin/../lib/gcc/arm-none-eabi/10.2.1/../../../../arm-none-eabi/lib/thumb/v8-m.main+fp/hard\libcr_semihost_nf.a(__ciob.o)
                0x200003e4                __Ciob
 .bss.__end_of_heap
                0x20000498        0x4 c:/nxp/mcuxpressoide_11.4.0_6237/ide/plugins/com.nxp.mcuxpresso.tools.win32_11.4.0.202103011116/tools/bin/../lib/gcc/arm-none-eabi/10.2.1/../../../../arm-none-eabi/lib/thumb/v8-m.main+fp/hard\libcr_c.a(__init_alloc.o)
                0x20000498                __end_of_heap
 .bss.__heaps   0x2000049c        0x4 c:/nxp/mcuxpressoide_11.4.0_6237/ide/plugins/com.nxp.mcuxpresso.tools.win32_11.4.0.202103011116/tools/bin/../lib/gcc/arm-none-eabi/10.2.1/../../../../arm-none-eabi/lib/thumb/v8-m.main+fp/hard\libcr_c.a(__init_alloc.o)
                0x2000049c                __heaps
 .bss.errno     0x200004a0        0x4 c:/nxp/mcuxpressoide_11.4.0_6237/ide/plugins/com.nxp.mcuxpresso.tools.win32_11.4.0.202103011116/tools/bin/../lib/gcc/arm-none-eabi/10.2.1/../../../../arm-none-eabi/lib/thumb/v8-m.main+fp/hard\libcr_c.a(errno.o)
                0x200004a0                errno
 .bss.bufSize   0x200004a4        0x2 ./source/USB_VCOM.o
                0x200004a4                bufSize
 .bss.cmdReady  0x200004a6        0x1 ./source/USB_VCOM.o
                0x200004a6                cmdReady
 *(SORT_BY_ALIGNMENT(COMMON))
                0x200004a8                . = ALIGN (0x4)
 *fill*         0x200004a7        0x1 
                0x200004a8                _ebss = .
                [!provide]                PROVIDE (__end_bss_RAM = .)
                [!provide]                PROVIDE (__end_bss_SRAM = .)
                [!provide]                PROVIDE (end = .)

.noinit_RAM2    0x20013510        0x0
                [!provide]                PROVIDE (__start_noinit_RAM2 = .)
                [!provide]                PROVIDE (__start_noinit_USB_RAM = .)
 *(SORT_BY_ALIGNMENT(.noinit.$RAM2))
 *(SORT_BY_ALIGNMENT(.noinit.$USB_RAM))
 *(SORT_BY_ALIGNMENT(.noinit.$RAM2.*))
 *(SORT_BY_ALIGNMENT(.noinit.$USB_RAM.*))
                0x20013510                . = ALIGN (0x4)
                [!provide]                PROVIDE (__end_noinit_RAM2 = .)
                [!provide]                PROVIDE (__end_noinit_USB_RAM = .)

.noinit_RAM3    0x04000000        0x0
                [!provide]                PROVIDE (__start_noinit_RAM3 = .)
                [!provide]                PROVIDE (__start_noinit_SRAMX = .)
 *(SORT_BY_ALIGNMENT(.noinit.$RAM3))
 *(SORT_BY_ALIGNMENT(.noinit.$SRAMX))
 *(SORT_BY_ALIGNMENT(.noinit.$RAM3.*))
 *(SORT_BY_ALIGNMENT(.noinit.$SRAMX.*))
                0x04000000                . = ALIGN (0x4)
                [!provide]                PROVIDE (__end_noinit_RAM3 = .)
                [!provide]                PROVIDE (__end_noinit_SRAMX = .)

.noinit         0x200004a8        0x0
                0x200004a8                _noinit = .
                [!provide]                PROVIDE (__start_noinit_RAM = .)
                [!provide]                PROVIDE (__start_noinit_SRAM = .)
 *(SORT_BY_ALIGNMENT(.noinit*))
                0x200004a8                . = ALIGN (0x4)
                0x200004a8                _end_noinit = .
                [!provide]                PROVIDE (__end_noinit_RAM = .)
                [!provide]                PROVIDE (__end_noinit_SRAM = .)
                0x00001000                _HeapSize = 0x1000

.heap           0x200004a8     0x1000
                0x200004a8                _pvHeapStart = .
                0x200014a8                . = (. + _HeapSize)
 *fill*         0x200004a8     0x1000 
                0x200014a8                . = ALIGN (0x4)
                0x200014a8                _pvHeapLimit = .
                0x00001000                _StackSize = 0x1000

.heap2stackfill
                0x200014a8     0x1000
                0x200024a8                . = (. + _StackSize)
 *fill*         0x200014a8     0x1000 

.stack          0x2000f000        0x0
                0x2000f000                _vStackBase = .
                0x2000f000                . = ALIGN (0x4)
                0x20010000                _vStackTop = (. + _StackSize)
                [!provide]                PROVIDE (__valid_user_code_checksum = (0x0 - ((((((_vStackTop + (ResetISR + 0x1)) + (NMI_Handler + 0x1)) + (HardFault_Handler + 0x1)) + (DEFINED (MemManage_Handler)?MemManage_Handler:0x0 + 0x1)) + (DEFINED (BusFault_Handler)?BusFault_Handler:0x0 + 0x1)) + (DEFINED (UsageFault_Handler)?UsageFault_Handler:0x0 + 0x1))))
                0x00000000                _image_start = LOADADDR (.text)
                0x000083d4                _image_end = (LOADADDR (.data) + SIZEOF (.data))
                0x000083d4                _image_size = (_image_end - _image_start)
OUTPUT(USB_VCOM.axf elf32-littlearm)
LOAD linker stubs

.debug_info     0x00000000    0x1d50c
 .debug_info    0x00000000     0x18fc ./usb/device/source/lpcip3511/usb_device_lpcip3511.o
 .debug_info    0x000018fc     0x1578 ./usb/device/source/usb_device_ch9.o
 .debug_info    0x00002e74     0x12ad ./usb/device/source/usb_device_dci.o
 .debug_info    0x00004121     0x112b ./usb/device/class/cdc/usb_device_cdc_acm.o
 .debug_info    0x0000524c      0xe93 ./usb/device/class/usb_device_class.o
 .debug_info    0x000060df      0x71a ./startup/startup_lpc55s16.o
 .debug_info    0x000067f9     0x2633 ./source/generated/usb_device_composite.o
 .debug_info    0x00008e2c      0xf67 ./source/generated/usb_device_descriptor.o
 .debug_info    0x00009d93      0xb98 ./source/USB_VCOM.o
 .debug_info    0x0000a92b       0x3c ./source/semihost_hardfault.o
 .debug_info    0x0000a967      0xf19 ./source/usb_device_interface_0_cic_vcom.o
 .debug_info    0x0000b880     0x3412 ./drivers/fsl_clock.o
 .debug_info    0x0000ec92       0xf5 ./drivers/fsl_common_arm.o
 .debug_info    0x0000ed87     0x1b4b ./drivers/fsl_flexcomm.o
 .debug_info    0x000108d2     0x17d8 ./drivers/fsl_gpio.o
 .debug_info    0x000120aa      0xf81 ./drivers/fsl_reset.o
 .debug_info    0x0001302b     0x153d ./device/system_LPC55S16.o
 .debug_info    0x00014568      0xff3 ./component/osa/fsl_os_abstraction_bm.o
 .debug_info    0x0001555b      0x84d ./board/board.o
 .debug_info    0x00015da8     0x19cf ./board/clock_config.o
 .debug_info    0x00017777       0xb4 ./board/peripherals.o
 .debug_info    0x0001782b     0x151c ./board/pin_mux.o
 .debug_info    0x00018d47     0x401b C:\Users\mlboe\Documents\GitHub\LPC55S14_VCOM_NoCrystal\LPC55S16\mcuxpresso\libpower_hardabi.a(fsl_power_lib.o)
 .debug_info    0x0001cd62      0x7aa C:\Users\mlboe\Documents\GitHub\LPC55S14_VCOM_NoCrystal\LPC55S16\mcuxpresso\libfro_calib_hardabi.a(fsl_fro_calib_lib.o)

.debug_abbrev   0x00000000     0x30fe
 .debug_abbrev  0x00000000      0x2fa ./usb/device/source/lpcip3511/usb_device_lpcip3511.o
 .debug_abbrev  0x000002fa      0x209 ./usb/device/source/usb_device_ch9.o
 .debug_abbrev  0x00000503      0x1dc ./usb/device/source/usb_device_dci.o
 .debug_abbrev  0x000006df      0x1e8 ./usb/device/class/cdc/usb_device_cdc_acm.o
 .debug_abbrev  0x000008c7      0x1d8 ./usb/device/class/usb_device_class.o
 .debug_abbrev  0x00000a9f      0x165 ./startup/startup_lpc55s16.o
 .debug_abbrev  0x00000c04      0x31f ./source/generated/usb_device_composite.o
 .debug_abbrev  0x00000f23      0x1db ./source/generated/usb_device_descriptor.o
 .debug_abbrev  0x000010fe      0x235 ./source/USB_VCOM.o
 .debug_abbrev  0x00001333       0x31 ./source/semihost_hardfault.o
 .debug_abbrev  0x00001364      0x239 ./source/usb_device_interface_0_cic_vcom.o
 .debug_abbrev  0x0000159d      0x35a ./drivers/fsl_clock.o
 .debug_abbrev  0x000018f7       0x92 ./drivers/fsl_common_arm.o
 .debug_abbrev  0x00001989      0x2c0 ./drivers/fsl_flexcomm.o
 .debug_abbrev  0x00001c49      0x210 ./drivers/fsl_gpio.o
 .debug_abbrev  0x00001e59      0x15a ./drivers/fsl_reset.o
 .debug_abbrev  0x00001fb3      0x20b ./device/system_LPC55S16.o
 .debug_abbrev  0x000021be      0x368 ./component/osa/fsl_os_abstraction_bm.o
 .debug_abbrev  0x00002526       0xf5 ./board/board.o
 .debug_abbrev  0x0000261b      0x204 ./board/clock_config.o
 .debug_abbrev  0x0000281f       0x5f ./board/peripherals.o
 .debug_abbrev  0x0000287e      0x24e ./board/pin_mux.o
 .debug_abbrev  0x00002acc      0x49e C:\Users\mlboe\Documents\GitHub\LPC55S14_VCOM_NoCrystal\LPC55S16\mcuxpresso\libpower_hardabi.a(fsl_power_lib.o)
 .debug_abbrev  0x00002f6a      0x194 C:\Users\mlboe\Documents\GitHub\LPC55S14_VCOM_NoCrystal\LPC55S16\mcuxpresso\libfro_calib_hardabi.a(fsl_fro_calib_lib.o)

.debug_aranges  0x00000000      0xdf0
 .debug_aranges
                0x00000000       0xd8 ./usb/device/source/lpcip3511/usb_device_lpcip3511.o
 .debug_aranges
                0x000000d8       0x78 ./usb/device/source/usb_device_ch9.o
 .debug_aranges
                0x00000150       0xc8 ./usb/device/source/usb_device_dci.o
 .debug_aranges
                0x00000218       0x78 ./usb/device/class/cdc/usb_device_cdc_acm.o
 .debug_aranges
                0x00000290       0x68 ./usb/device/class/usb_device_class.o
 .debug_aranges
                0x000002f8      0x270 ./startup/startup_lpc55s16.o
 .debug_aranges
                0x00000568       0x88 ./source/generated/usb_device_composite.o
 .debug_aranges
                0x000005f0       0x40 ./source/generated/usb_device_descriptor.o
 .debug_aranges
                0x00000630       0x30 ./source/USB_VCOM.o
 .debug_aranges
                0x00000660       0x20 ./source/semihost_hardfault.o
 .debug_aranges
                0x00000680       0x50 ./source/usb_device_interface_0_cic_vcom.o
 .debug_aranges
                0x000006d0      0x248 ./drivers/fsl_clock.o
 .debug_aranges
                0x00000918       0x28 ./drivers/fsl_common_arm.o
 .debug_aranges
                0x00000940       0x90 ./drivers/fsl_flexcomm.o
 .debug_aranges
                0x000009d0       0x38 ./drivers/fsl_gpio.o
 .debug_aranges
                0x00000a08       0x30 ./drivers/fsl_reset.o
 .debug_aranges
                0x00000a38       0x88 ./device/system_LPC55S16.o
 .debug_aranges
                0x00000ac0      0x130 ./component/osa/fsl_os_abstraction_bm.o
 .debug_aranges
                0x00000bf0       0x28 ./board/board.o
 .debug_aranges
                0x00000c18       0x58 ./board/clock_config.o
 .debug_aranges
                0x00000c70       0x30 ./board/peripherals.o
 .debug_aranges
                0x00000ca0       0x70 ./board/pin_mux.o
 .debug_aranges
                0x00000d10       0xa8 C:\Users\mlboe\Documents\GitHub\LPC55S14_VCOM_NoCrystal\LPC55S16\mcuxpresso\libpower_hardabi.a(fsl_power_lib.o)
 .debug_aranges
                0x00000db8       0x38 C:\Users\mlboe\Documents\GitHub\LPC55S14_VCOM_NoCrystal\LPC55S16\mcuxpresso\libfro_calib_hardabi.a(fsl_fro_calib_lib.o)

.debug_ranges   0x00000000      0xdf8
 .debug_ranges  0x00000000       0xc8 ./usb/device/source/lpcip3511/usb_device_lpcip3511.o
 .debug_ranges  0x000000c8       0x68 ./usb/device/source/usb_device_ch9.o
 .debug_ranges  0x00000130       0xb8 ./usb/device/source/usb_device_dci.o
 .debug_ranges  0x000001e8       0x80 ./usb/device/class/cdc/usb_device_cdc_acm.o
 .debug_ranges  0x00000268       0x58 ./usb/device/class/usb_device_class.o
 .debug_ranges  0x000002c0      0x260 ./startup/startup_lpc55s16.o
 .debug_ranges  0x00000520       0xa8 ./source/generated/usb_device_composite.o
 .debug_ranges  0x000005c8       0x30 ./source/generated/usb_device_descriptor.o
 .debug_ranges  0x000005f8       0x20 ./source/USB_VCOM.o
 .debug_ranges  0x00000618       0x10 ./source/semihost_hardfault.o
 .debug_ranges  0x00000628       0x40 ./source/usb_device_interface_0_cic_vcom.o
 .debug_ranges  0x00000668      0x238 ./drivers/fsl_clock.o
 .debug_ranges  0x000008a0       0x18 ./drivers/fsl_common_arm.o
 .debug_ranges  0x000008b8       0x80 ./drivers/fsl_flexcomm.o
 .debug_ranges  0x00000938       0x28 ./drivers/fsl_gpio.o
 .debug_ranges  0x00000960       0x20 ./drivers/fsl_reset.o
 .debug_ranges  0x00000980       0x78 ./device/system_LPC55S16.o
 .debug_ranges  0x000009f8      0x120 ./component/osa/fsl_os_abstraction_bm.o
 .debug_ranges  0x00000b18       0x18 ./board/board.o
 .debug_ranges  0x00000b30       0x48 ./board/clock_config.o
 .debug_ranges  0x00000b78       0x20 ./board/peripherals.o
 .debug_ranges  0x00000b98       0x60 ./board/pin_mux.o
 .debug_ranges  0x00000bf8      0x1d8 C:\Users\mlboe\Documents\GitHub\LPC55S14_VCOM_NoCrystal\LPC55S16\mcuxpresso\libpower_hardabi.a(fsl_power_lib.o)
 .debug_ranges  0x00000dd0       0x28 C:\Users\mlboe\Documents\GitHub\LPC55S14_VCOM_NoCrystal\LPC55S16\mcuxpresso\libfro_calib_hardabi.a(fsl_fro_calib_lib.o)

.debug_macro    0x00000000     0x3654
 .debug_macro   0x00000000      0x318 ./usb/device/source/lpcip3511/usb_device_lpcip3511.o
 .debug_macro   0x00000318       0xbe ./usb/device/source/lpcip3511/usb_device_lpcip3511.o
 .debug_macro   0x000003d6      0x1c9 ./usb/device/source/lpcip3511/usb_device_lpcip3511.o
 .debug_macro   0x0000059f       0x34 ./usb/device/source/lpcip3511/usb_device_lpcip3511.o
 .debug_macro   0x000005d3       0x16 ./usb/device/source/lpcip3511/usb_device_lpcip3511.o
 .debug_macro   0x000005e9       0x52 ./usb/device/source/lpcip3511/usb_device_lpcip3511.o
 .debug_macro   0x0000063b       0x10 ./usb/device/source/lpcip3511/usb_device_lpcip3511.o
 .debug_macro   0x0000064b      0x1c8 ./usb/device/source/usb_device_ch9.o
 .debug_macro   0x00000813       0x3a ./usb/device/source/usb_device_ch9.o
 .debug_macro   0x0000084d      0x1cd ./usb/device/source/usb_device_dci.o
 .debug_macro   0x00000a1a       0x10 ./usb/device/source/usb_device_dci.o
 .debug_macro   0x00000a2a       0x46 ./usb/device/source/usb_device_dci.o
 .debug_macro   0x00000a70      0x1cb ./usb/device/class/cdc/usb_device_cdc_acm.o
 .debug_macro   0x00000c3b      0x160 ./usb/device/class/cdc/usb_device_cdc_acm.o
 .debug_macro   0x00000d9b      0x1c8 ./usb/device/class/usb_device_class.o
 .debug_macro   0x00000f63       0x29 ./startup/startup_lpc55s16.o
 .debug_macro   0x00000f8c      0x1f0 ./source/generated/usb_device_composite.o
 .debug_macro   0x0000117c      0x1f8 ./source/generated/usb_device_composite.o
 .debug_macro   0x00001374       0x16 ./source/generated/usb_device_composite.o
 .debug_macro   0x0000138a      0x2e8 ./source/generated/usb_device_composite.o
 .debug_macro   0x00001672      0x1d7 ./source/generated/usb_device_descriptor.o
 .debug_macro   0x00001849       0x10 ./source/generated/usb_device_descriptor.o
 .debug_macro   0x00001859      0x277 ./source/USB_VCOM.o
 .debug_macro   0x00001ad0       0x2f ./source/USB_VCOM.o
 .debug_macro   0x00001aff       0x10 ./source/USB_VCOM.o
 .debug_macro   0x00001b0f       0xfe ./source/USB_VCOM.o
 .debug_macro   0x00001c0d      0x1f2 ./source/USB_VCOM.o
 .debug_macro   0x00001dff      0x2e9 ./source/USB_VCOM.o
 .debug_macro   0x000020e8       0x46 ./source/USB_VCOM.o
 .debug_macro   0x0000212e       0x11 ./source/semihost_hardfault.o
 .debug_macro   0x0000213f      0x264 ./source/usb_device_interface_0_cic_vcom.o
 .debug_macro   0x000023a3      0x1e5 ./drivers/fsl_clock.o
 .debug_macro   0x00002588       0x1c ./drivers/fsl_clock.o
 .debug_macro   0x000025a4      0x2e2 ./drivers/fsl_clock.o
 .debug_macro   0x00002886      0x13c ./drivers/fsl_common_arm.o
 .debug_macro   0x000029c2      0x145 ./drivers/fsl_flexcomm.o
 .debug_macro   0x00002b07       0x10 ./drivers/fsl_flexcomm.o
 .debug_macro   0x00002b17      0x14c ./drivers/fsl_gpio.o
 .debug_macro   0x00002c63      0x13c ./drivers/fsl_reset.o
 .debug_macro   0x00002d9f       0xc1 ./device/system_LPC55S16.o
 .debug_macro   0x00002e60      0x184 ./component/osa/fsl_os_abstraction_bm.o
 .debug_macro   0x00002fe4       0x10 ./component/osa/fsl_os_abstraction_bm.o
 .debug_macro   0x00002ff4      0x18b ./board/board.o
 .debug_macro   0x0000317f       0x1c ./board/board.o
 .debug_macro   0x0000319b       0x35 ./board/board.o
 .debug_macro   0x000031d0      0x152 ./board/clock_config.o
 .debug_macro   0x00003322      0x1e1 ./board/peripherals.o
 .debug_macro   0x00003503      0x151 ./board/pin_mux.o

.debug_line     0x00000000     0xde2a
 .debug_line    0x00000000     0x1334 ./usb/device/source/lpcip3511/usb_device_lpcip3511.o
 .debug_line    0x00001334      0xe25 ./usb/device/source/usb_device_ch9.o
 .debug_line    0x00002159      0xcca ./usb/device/source/usb_device_dci.o
 .debug_line    0x00002e23      0xff2 ./usb/device/class/cdc/usb_device_cdc_acm.o
 .debug_line    0x00003e15      0xa76 ./usb/device/class/usb_device_class.o
 .debug_line    0x0000488b      0x6be ./startup/startup_lpc55s16.o
 .debug_line    0x00004f49      0xa7c ./source/generated/usb_device_composite.o
 .debug_line    0x000059c5      0x7c2 ./source/generated/usb_device_descriptor.o
 .debug_line    0x00006187      0x8ab ./source/USB_VCOM.o
 .debug_line    0x00006a32       0x59 ./source/semihost_hardfault.o
 .debug_line    0x00006a8b      0xb85 ./source/usb_device_interface_0_cic_vcom.o
 .debug_line    0x00007610     0x18e7 ./drivers/fsl_clock.o
 .debug_line    0x00008ef7      0x35c ./drivers/fsl_common_arm.o
 .debug_line    0x00009253      0x5fe ./drivers/fsl_flexcomm.o
 .debug_line    0x00009851      0x3c8 ./drivers/fsl_gpio.o
 .debug_line    0x00009c19      0x3b5 ./drivers/fsl_reset.o
 .debug_line    0x00009fce      0x672 ./device/system_LPC55S16.o
 .debug_line    0x0000a640      0xb07 ./component/osa/fsl_os_abstraction_bm.o
 .debug_line    0x0000b147      0x41b ./board/board.o
 .debug_line    0x0000b562      0x509 ./board/clock_config.o
 .debug_line    0x0000ba6b      0x6c5 ./board/peripherals.o
 .debug_line    0x0000c130      0x5da ./board/pin_mux.o
 .debug_line    0x0000c70a     0x1461 C:\Users\mlboe\Documents\GitHub\LPC55S14_VCOM_NoCrystal\LPC55S16\mcuxpresso\libpower_hardabi.a(fsl_power_lib.o)
 .debug_line    0x0000db6b      0x2bf C:\Users\mlboe\Documents\GitHub\LPC55S14_VCOM_NoCrystal\LPC55S16\mcuxpresso\libfro_calib_hardabi.a(fsl_fro_calib_lib.o)

.debug_str      0x00000000    0xcdd87
 .debug_str     0x00000000    0xbf312 ./usb/device/source/lpcip3511/usb_device_lpcip3511.o
                              0xbf472 (size before relaxing)
 .debug_str     0x000bf312     0x1224 ./usb/device/source/usb_device_ch9.o
                              0xbe607 (size before relaxing)
 .debug_str     0x000c0536      0x2e4 ./usb/device/source/usb_device_dci.o
                              0xbe4c5 (size before relaxing)
 .debug_str     0x000c081a     0x1092 ./usb/device/class/cdc/usb_device_cdc_acm.o
                              0xbe80e (size before relaxing)
 .debug_str     0x000c18ac      0x266 ./usb/device/class/usb_device_class.o
                              0xbe8f1 (size before relaxing)
 .debug_str     0x000c1b12      0x6a9 ./startup/startup_lpc55s16.o
                               0x34e0 (size before relaxing)
 .debug_str     0x000c21bb     0x3ad0 ./source/generated/usb_device_composite.o
                              0xc16eb (size before relaxing)
 .debug_str     0x000c5c8b      0x6d3 ./source/generated/usb_device_descriptor.o
                              0xbed3f (size before relaxing)
 .debug_str     0x000c635e     0x2223 ./source/USB_VCOM.o
                              0xc0d55 (size before relaxing)
 .debug_str     0x000c8581       0x1f ./source/semihost_hardfault.o
                               0x2e0e (size before relaxing)
 .debug_str     0x000c85a0      0x4fb ./source/usb_device_interface_0_cic_vcom.o
                              0xbfb0e (size before relaxing)
 .debug_str     0x000c8a9b     0x2065 ./drivers/fsl_clock.o
                              0xbd50c (size before relaxing)
 .debug_str     0x000cab00       0x82 ./drivers/fsl_common_arm.o
                              0xb8872 (size before relaxing)
 .debug_str     0x000cab82      0x865 ./drivers/fsl_flexcomm.o
                              0xbabfd (size before relaxing)
 .debug_str     0x000cb3e7      0x11c ./drivers/fsl_gpio.o
                              0xba568 (size before relaxing)
 .debug_str     0x000cb503       0xae ./drivers/fsl_reset.o
                              0xb95ff (size before relaxing)
 .debug_str     0x000cb5b1      0x119 ./device/system_LPC55S16.o
                              0xb6d6f (size before relaxing)
 .debug_str     0x000cb6ca      0x5c2 ./component/osa/fsl_os_abstraction_bm.o
                              0xba277 (size before relaxing)
 .debug_str     0x000cbc8c       0x91 ./board/board.o
                              0xbb54a (size before relaxing)
 .debug_str     0x000cbd1d       0xc8 ./board/clock_config.o
                              0xbba91 (size before relaxing)
 .debug_str     0x000cbde5       0x51 ./board/peripherals.o
                              0xbd5a8 (size before relaxing)
 .debug_str     0x000cbe36      0x2a2 ./board/pin_mux.o
                              0xba80c (size before relaxing)
 .debug_str     0x000cc0d8     0x1946 C:\Users\mlboe\Documents\GitHub\LPC55S14_VCOM_NoCrystal\LPC55S16\mcuxpresso\libpower_hardabi.a(fsl_power_lib.o)
                               0x4921 (size before relaxing)
 .debug_str     0x000cda1e      0x369 C:\Users\mlboe\Documents\GitHub\LPC55S14_VCOM_NoCrystal\LPC55S16\mcuxpresso\libfro_calib_hardabi.a(fsl_fro_calib_lib.o)
                                0xde4 (size before relaxing)

.comment        0x00000000      0x145