../usb/device/source/lpcip3511/usb_device_lpcip3511.c:234:23:USB_DeviceLpcIp3511MaxPacketNeedCopy	16	static
../usb/device/source/lpcip3511/usb_device_lpcip3511.c:256:17:USB_DeviceLpcIp3511MallocMaxPacketBuffer	32	static
../usb/device/source/lpcip3511/usb_device_lpcip3511.c:303:13:USB_DeviceLpcIp3511ReleaseMaxPacketBuffer	32	static
../usb/device/source/lpcip3511/usb_device_lpcip3511.c:329:54:USB_DeviceLpc3511IpGetEndpointStateStruct	16	static
../usb/device/source/lpcip3511/usb_device_lpcip3511.c:354:21:USB_DeviceLpc3511IpEndpointPrime	32	static
../usb/device/source/lpcip3511/usb_device_lpcip3511.c:437:13:USB_DeviceLpc3511IpSetDefaultState	24	static
../usb/device/source/lpcip3511/usb_device_lpcip3511.c:497:21:USB_DeviceLpc3511IpEndpointInit	40	static
../usb/device/source/lpcip3511/usb_device_lpcip3511.c:621:21:USB_DeviceLpc3511IpEndpointDeinit	24	static
../usb/device/source/lpcip3511/usb_device_lpcip3511.c:690:21:USB_DeviceLpc3511IpEndpointStall	32	static
../usb/device/source/lpcip3511/usb_device_lpcip3511.c:774:21:USB_DeviceLpc3511IpEndpointUnstall	24	static
../usb/device/source/lpcip3511/usb_device_lpcip3511.c:912:13:USB_DeviceLpc3511IpDoPreviousTransactionMemcpy	32	static
../usb/device/source/lpcip3511/usb_device_lpcip3511.c:971:17:USB_DeviceLpc3511IpTokenUpdate	32	static
../usb/device/source/lpcip3511/usb_device_lpcip3511.c:1035:13:USB_DeviceLpc3511IpInterruptToken	72	static
../usb/device/source/lpcip3511/usb_device_lpcip3511.c:1275:13:USB_DeviceLpc3511IpInterruptReset	32	static
../usb/device/source/lpcip3511/usb_device_lpcip3511.c:1392:14:USB_DeviceLpc3511IpInit	40	static
../usb/device/source/lpcip3511/usb_device_lpcip3511.c:1534:14:USB_DeviceLpc3511IpDeinit	32	static
../usb/device/source/lpcip3511/usb_device_lpcip3511.c:1576:21:USB_DeviceLpc3511IpGetActualBufferAndPrime	48	static
../usb/device/source/lpcip3511/usb_device_lpcip3511.c:1762:21:USB_DeviceLpc3511IpTransaction	32	static
../usb/device/source/lpcip3511/usb_device_lpcip3511.c:1875:14:USB_DeviceLpc3511IpSend	40	static
../usb/device/source/lpcip3511/usb_device_lpcip3511.c:1909:14:USB_DeviceLpc3511IpRecv	24	static
../usb/device/source/lpcip3511/usb_device_lpcip3511.c:1917:14:USB_DeviceLpc3511IpCancel	56	static
../usb/device/source/lpcip3511/usb_device_lpcip3511.c:2070:21:USB_DeviceLpc3511IpControlPreSetDeviceAddress	32	static
../usb/device/source/lpcip3511/usb_device_lpcip3511.c:2089:14:USB_DeviceLpc3511IpControl	48	static
../usb/device/source/lpcip3511/usb_device_lpcip3511.c:2376:6:USB_DeviceLpcIp3511IsrFunction	40	static
